Archive member included to satisfy reference by file (symbol)

c:/program files (x86)/atmel/studio/7.0/toolchain/arm/arm-gnu-toolchain/bin/../lib/gcc/arm-none-eabi/6.3.1/thumb/v6-m\libgcc.a(_udivsi3.o)
                              src/adc_configure.o (__aeabi_uidiv)
c:/program files (x86)/atmel/studio/7.0/toolchain/arm/arm-gnu-toolchain/bin/../lib/gcc/arm-none-eabi/6.3.1/thumb/v6-m\libgcc.a(_divsi3.o)
                              src/adc_configure.o (__aeabi_idiv)
c:/program files (x86)/atmel/studio/7.0/toolchain/arm/arm-gnu-toolchain/bin/../lib/gcc/arm-none-eabi/6.3.1/thumb/v6-m\libgcc.a(_dvmd_tls.o)
                              c:/program files (x86)/atmel/studio/7.0/toolchain/arm/arm-gnu-toolchain/bin/../lib/gcc/arm-none-eabi/6.3.1/thumb/v6-m\libgcc.a(_udivsi3.o) (__aeabi_idiv0)
c:/program files (x86)/atmel/studio/7.0/toolchain/arm/arm-gnu-toolchain/bin/../lib/gcc/arm-none-eabi/6.3.1/thumb/v6-m\libgcc.a(_clzsi2.o)
                              src/ASF/sam0/drivers/usb/usb_sam_d_r/usb.o (__clzsi2)
c:/program files (x86)/atmel/studio/7.0/toolchain/arm/arm-gnu-toolchain/bin/../lib/gcc/arm-none-eabi/6.3.1/thumb/v6-m\libgcc.a(_ctzsi2.o)
                              src/ASF/sam0/drivers/usb/usb_sam_d_r/usb.o (__ctzsi2)
c:/program files (x86)/atmel/studio/7.0/toolchain/arm/arm-gnu-toolchain/bin/../lib/gcc/arm-none-eabi/6.3.1/thumb/v6-m\libgcc.a(_muldi3.o)
                              src/ASF/sam0/drivers/sercom/sercom.o (__aeabi_lmul)
c:/program files (x86)/atmel/studio/7.0/toolchain/arm/arm-gnu-toolchain/bin/../lib/gcc/arm-none-eabi/6.3.1/../../../../arm-none-eabi/lib/thumb/v6-m\libc_nano.a(lib_a-exit.o)
                              c:/program files (x86)/atmel/studio/7.0/toolchain/arm/arm-gnu-toolchain/bin/../lib/gcc/arm-none-eabi/6.3.1/../../../../arm-none-eabi/lib/thumb/v6-m/crt0.o (exit)
c:/program files (x86)/atmel/studio/7.0/toolchain/arm/arm-gnu-toolchain/bin/../lib/gcc/arm-none-eabi/6.3.1/../../../../arm-none-eabi/lib/thumb/v6-m\libc_nano.a(lib_a-impure.o)
                              c:/program files (x86)/atmel/studio/7.0/toolchain/arm/arm-gnu-toolchain/bin/../lib/gcc/arm-none-eabi/6.3.1/../../../../arm-none-eabi/lib/thumb/v6-m\libc_nano.a(lib_a-exit.o) (_global_impure_ptr)
c:/program files (x86)/atmel/studio/7.0/toolchain/arm/arm-gnu-toolchain/bin/../lib/gcc/arm-none-eabi/6.3.1/../../../../arm-none-eabi/lib/thumb/v6-m\libc_nano.a(lib_a-init.o)
                              c:/program files (x86)/atmel/studio/7.0/toolchain/arm/arm-gnu-toolchain/bin/../lib/gcc/arm-none-eabi/6.3.1/../../../../arm-none-eabi/lib/thumb/v6-m/crt0.o (__libc_init_array)
c:/program files (x86)/atmel/studio/7.0/toolchain/arm/arm-gnu-toolchain/bin/../lib/gcc/arm-none-eabi/6.3.1/../../../../arm-none-eabi/lib/thumb/v6-m\libc_nano.a(lib_a-memcpy-stub.o)
                              src/ASF/common/services/usb/class/cdc/device/udi_cdc.o (memcpy)
c:/program files (x86)/atmel/studio/7.0/toolchain/arm/arm-gnu-toolchain/bin/../lib/gcc/arm-none-eabi/6.3.1/../../../../arm-none-eabi/lib/thumb/v6-m\libc_nano.a(lib_a-memset.o)
                              c:/program files (x86)/atmel/studio/7.0/toolchain/arm/arm-gnu-toolchain/bin/../lib/gcc/arm-none-eabi/6.3.1/../../../../arm-none-eabi/lib/thumb/v6-m/crt0.o (memset)
c:/program files (x86)/atmel/studio/7.0/toolchain/arm/arm-gnu-toolchain/bin/../lib/gcc/arm-none-eabi/6.3.1/../../../../arm-none-eabi/lib/thumb/v6-m\libc_nano.a(lib_a-printf.o)
                              src/adc_configure.o (printf)
c:/program files (x86)/atmel/studio/7.0/toolchain/arm/arm-gnu-toolchain/bin/../lib/gcc/arm-none-eabi/6.3.1/../../../../arm-none-eabi/lib/thumb/v6-m\libc_nano.a(lib_a-puts.o)
                              src/adc_configure.o (puts)
c:/program files (x86)/atmel/studio/7.0/toolchain/arm/arm-gnu-toolchain/bin/../lib/gcc/arm-none-eabi/6.3.1/../../../../arm-none-eabi/lib/thumb/v6-m\libc_nano.a(lib_a-rget.o)
                              src/adc_configure.o (__srget_r)
c:/program files (x86)/atmel/studio/7.0/toolchain/arm/arm-gnu-toolchain/bin/../lib/gcc/arm-none-eabi/6.3.1/../../../../arm-none-eabi/lib/thumb/v6-m\libc_nano.a(lib_a-wbuf.o)
                              c:/program files (x86)/atmel/studio/7.0/toolchain/arm/arm-gnu-toolchain/bin/../lib/gcc/arm-none-eabi/6.3.1/../../../../arm-none-eabi/lib/thumb/v6-m\libc_nano.a(lib_a-puts.o) (__swbuf_r)
c:/program files (x86)/atmel/studio/7.0/toolchain/arm/arm-gnu-toolchain/bin/../lib/gcc/arm-none-eabi/6.3.1/../../../../arm-none-eabi/lib/thumb/v6-m\libc_nano.a(lib_a-wsetup.o)
                              c:/program files (x86)/atmel/studio/7.0/toolchain/arm/arm-gnu-toolchain/bin/../lib/gcc/arm-none-eabi/6.3.1/../../../../arm-none-eabi/lib/thumb/v6-m\libc_nano.a(lib_a-puts.o) (__swsetup_r)
c:/program files (x86)/atmel/studio/7.0/toolchain/arm/arm-gnu-toolchain/bin/../lib/gcc/arm-none-eabi/6.3.1/../../../../arm-none-eabi/lib/thumb/v6-m\libc_nano.a(lib_a-fflush.o)
[...]
Memory Configuration

Name             Origin             Length             Attributes
rom              0x00000000         0x00040000         xr
ram              0x20000000         0x00008000         xrw
*default*        0x00000000         0xffffffff

Linker script and memory map

LOAD c:/program files (x86)/atmel/studio/7.0/toolchain/arm/arm-gnu-toolchain/bin/../lib/gcc/arm-none-eabi/6.3.1/thumb/v6-m/crti.o
LOAD c:/program files (x86)/atmel/studio/7.0/toolchain/arm/arm-gnu-toolchain/bin/../lib/gcc/arm-none-eabi/6.3.1/thumb/v6-m/crtbegin.o
LOAD c:/program files (x86)/atmel/studio/7.0/toolchain/arm/arm-gnu-toolchain/bin/../lib/gcc/arm-none-eabi/6.3.1/../../../../arm-none-eabi/lib/thumb/v6-m/crt0.o
LOAD src/adc_configure.o
LOAD src/ASF/common/services/usb/class/cdc/device/example/samd21j18a_samd21_xplained_pro/ui.o
LOAD src/ASF/common/services/sleepmgr/samd/sleepmgr.o
LOAD src/ASF/common/services/usb/class/cdc/device/udi_cdc.o
LOAD src/ASF/common/services/usb/class/cdc/device/udi_cdc_desc.o
LOAD src/ASF/common/services/usb/udc/udc.o
LOAD src/ASF/common/utils/interrupt/interrupt_sam_nvic.o
LOAD src/ASF/sam0/boards/samd21_xplained_pro/board_init.o
LOAD src/ASF/sam0/drivers/adc/adc_sam_d_r_h/adc.o
LOAD src/ASF/sam0/drivers/adc/adc_sam_d_r_h/adc_callback.o
LOAD src/ASF/sam0/drivers/extint/extint_callback.o
LOAD src/ASF/sam0/drivers/extint/extint_sam_d_r_h/extint.o
LOAD src/ASF/sam0/drivers/port/port.o
LOAD src/ASF/sam0/drivers/sercom/sercom.o
LOAD src/ASF/sam0/drivers/sercom/sercom_interrupt.o
LOAD src/ASF/sam0/drivers/sercom/usart/usart.o
LOAD src/ASF/sam0/drivers/sercom/usart/usart_interrupt.o
LOAD src/ASF/sam0/drivers/system/clock/clock_samd21_r21_da_ha1/clock.o
LOAD src/ASF/sam0/drivers/system/clock/clock_samd21_r21_da_ha1/gclk.o
LOAD src/ASF/sam0/drivers/system/interrupt/system_interrupt.o
LOAD src/ASF/sam0/drivers/system/pinmux/pinmux.o
LOAD src/ASF/sam0/drivers/system/system.o
LOAD src/ASF/sam0/drivers/tc/tc_interrupt.o
LOAD src/ASF/sam0/drivers/tc/tc_sam_d_r_h/tc.o
LOAD src/ASF/sam0/drivers/usb/stack_interface/usb_device_udd.o
LOAD src/ASF/sam0/drivers/usb/stack_interface/usb_dual.o
LOAD src/ASF/sam0/drivers/usb/usb_sam_d_r/usb.o
LOAD src/ASF/sam0/utils/cmsis/samd21/source/gcc/startup_samd21.o
LOAD src/ASF/sam0/utils/cmsis/samd21/source/system_samd21.o
LOAD src/ASF/sam0/utils/syscalls/gcc/syscalls.o
LOAD src/main.o
LOAD src/uart_samd.o
START GROUP
LOAD ../src/ASF/thirdparty/CMSIS/Lib/GCC\libarm_cortexM0l_math.a
LOAD c:/program files (x86)/atmel/studio/7.0/toolchain/arm/arm-gnu-toolchain/bin/../lib/gcc/arm-none-eabi/6.3.1/../../../../arm-none-eabi/lib/thumb/v6-m\libm.a
END GROUP
START GROUP
LOAD c:/program files (x86)/atmel/studio/7.0/toolchain/arm/arm-gnu-toolchain/bin/../lib/gcc/arm-none-eabi/6.3.1/thumb/v6-m\libgcc.a
LOAD c:/program files (x86)/atmel/studio/7.0/toolchain/arm/arm-gnu-toolchain/bin/../lib/gcc/arm-none-eabi/6.3.1/../../../../arm-none-eabi/lib/thumb/v6-m\libc_nano.a
END GROUP
START GROUP
LOAD c:/program files (x86)/atmel/studio/7.0/toolchain/arm/arm-gnu-toolchain/bin/../lib/gcc/arm-none-eabi/6.3.1/thumb/v6-m\libgcc.a
LOAD c:/program files (x86)/atmel/studio/7.0/toolchain/arm/arm-gnu-toolchain/bin/../lib/gcc/arm-none-eabi/6.3.1/../../../../arm-none-eabi/lib/thumb/v6-m\libc_nano.a
END GROUP
LOAD c:/program files (x86)/atmel/studio/7.0/toolchain/arm/arm-gnu-toolchain/bin/../lib/gcc/arm-none-eabi/6.3.1/thumb/v6-m/crtend.o
LOAD c:/program files (x86)/atmel/studio/7.0/toolchain/arm/arm-gnu-toolchain/bin/../lib/gcc/arm-none-eabi/6.3.1/thumb/v6-m/crtn.o
                0x00002000                STACK_SIZE = DEFINED (STACK_SIZE)?STACK_SIZE:DEFINED (__stack_size__)?__stack_size__:0x2000

.text           0x00000000     0x6388
                0x00000000                . = ALIGN (0x4)
                0x00000000                _sfixed = .
 *(.vectors .vectors.*)
 .vectors       0x00000000       0xb4 src/ASF/sam0/utils/cmsis/samd21/source/gcc/startup_samd21.o
                0x00000000                exception_table
 *(.text .text.* .gnu.linkonce.t.*)
 .text          0x000000b4       0x60 c:/program files (x86)/atmel/studio/7.0/toolchain/arm/arm-gnu-toolchain/bin/../lib/gcc/arm-none-eabi/6.3.1/thumb/v6-m/crtbegin.o
 .text.ui_wakeup_handler
                0x00000114       0x18 src/ASF/common/services/usb/class/cdc/device/example/samd21j18a_samd21_xplained_pro/ui.o
 .text.ui_init  0x0000012c       0x5c src/ASF/common/services/usb/class/cdc/device/example/samd21j18a_samd21_xplained_pro/ui.o
                0x0000012c                ui_init
 .text.ui_powerdown
                0x00000188       0x10 src/ASF/common/services/usb/class/cdc/device/example/samd21j18a_samd21_xplained_pro/ui.o
                0x00000188                ui_powerdown
 .text.ui_wakeup_enable
                0x00000198       0x10 src/ASF/common/services/usb/class/cdc/device/example/samd21j18a_samd21_xplained_pro/ui.o
                0x00000198                ui_wakeup_enable
 .text.ui_wakeup_disable
                0x000001a8       0x10 src/ASF/common/services/usb/class/cdc/device/example/samd21j18a_samd21_xplained_pro/ui.o
                0x000001a8                ui_wakeup_disable
 .text.ui_wakeup
                0x000001b8       0x10 src/ASF/common/services/usb/class/cdc/device/example/samd21j18a_samd21_xplained_pro/ui.o
                0x000001b8                ui_wakeup
 .text.ui_com_open
                0x000001c8        0x4 src/ASF/common/services/usb/class/cdc/device/example/samd21j18a_samd21_xplained_pro/ui.o
                0x000001c8                ui_com_open
 .text.ui_com_close
                0x000001cc        0x4 src/ASF/common/services/usb/class/cdc/device/example/samd21j18a_samd21_xplained_pro/ui.o
                0x000001cc                ui_com_close
 .text.ui_com_rx_start
                0x000001d0        0x4 src/ASF/common/services/usb/class/cdc/device/example/samd21j18a_samd21_xplained_pro/ui.o
                0x000001d0                ui_com_rx_start
 .text.ui_com_rx_stop
                0x000001d4        0x4 src/ASF/common/services/usb/class/cdc/device/example/samd21j18a_samd21_xplained_pro/ui.o
                0x000001d4                ui_com_rx_stop
 .text.ui_com_tx_start
                0x000001d8        0x4 src/ASF/common/services/usb/class/cdc/device/example/samd21j18a_samd21_xplained_pro/ui.o
                0x000001d8                ui_com_tx_start
 .text.ui_com_tx_stop
                0x000001dc        0x4 src/ASF/common/services/usb/class/cdc/device/example/samd21j18a_samd21_xplained_pro/ui.o
                0x000001dc                ui_com_tx_stop
 .text.ui_com_overflow
                0x000001e0        0x4 src/ASF/common/services/usb/class/cdc/device/example/samd21j18a_samd21_xplained_pro/ui.o
                0x000001e0                ui_com_overflow
 .text.ui_process
                0x000001e4       0x34 src/ASF/common/services/usb/class/cdc/device/example/samd21j18a_samd21_xplained_pro/ui.o
                0x000001e4                ui_process
 .text.udi_cdc_comm_disable
                0x00000218       0x10 src/ASF/common/services/usb/class/cdc/device/udi_cdc.o
                0x00000218                udi_cdc_comm_disable
 .text.udi_cdc_data_setup
                0x00000228        0x4 src/ASF/common/services/usb/class/cdc/device/udi_cdc.o
                0x00000228                udi_cdc_data_setup
 .text.udi_cdc_getsetting
                0x0000022c        0x4 src/ASF/common/services/usb/class/cdc/device/udi_cdc.o
                0x0000022c                udi_cdc_getsetting
 .text.udi_cdc_line_coding_received
                0x00000230       0x14 src/ASF/common/services/usb/class/cdc/device/udi_cdc.o
 .text.udi_cdc_data_disable
                0x00000244       0x28 src/ASF/common/services/usb/class/cdc/device/udi_cdc.o
                0x00000244                udi_cdc_data_disable
 .text.udi_cdc_comm_enable
                0x0000026c       0x64 src/ASF/common/services/usb/class/cdc/device/udi_cdc.o
                0x0000026c                udi_cdc_comm_enable
 .text.udi_cdc_comm_setup
                0x000002d0       0x78 src/ASF/common/services/usb/class/cdc/device/udi_cdc.o
                0x000002d0                udi_cdc_comm_setup
 .text.udi_cdc_serial_state_msg_sent
                0x00000348       0x50 src/ASF/common/services/usb/class/cdc/device/udi_cdc.o
 .text.udi_cdc_tx_send.isra.2.part.3
                0x00000398      0x148 src/ASF/common/services/usb/class/cdc/device/udi_cdc.o
 .text.udi_cdc_data_sent
                0x000004e0       0x70 src/ASF/common/services/usb/class/cdc/device/udi_cdc.o
 .text.udi_cdc_data_sof_notify
                0x00000550      0x170 src/ASF/common/services/usb/class/cdc/device/udi_cdc.o
                0x00000550                udi_cdc_data_sof_notify
 .text.udi_cdc_data_enable
                0x000006c0      0x1a4 src/ASF/common/services/usb/class/cdc/device/udi_cdc.o
                0x000006c0                udi_cdc_data_enable
 .text.udi_cdc_data_received
                0x00000864      0x124 src/ASF/common/services/usb/class/cdc/device/udi_cdc.o
 .text.udi_cdc_signal_overrun
                0x00000988       0x78 src/ASF/common/services/usb/class/cdc/device/udi_cdc.o
                0x00000988                udi_cdc_signal_overrun
 .text.udi_cdc_is_rx_ready
                0x00000a00       0x58 src/ASF/common/services/usb/class/cdc/device/udi_cdc.o
                0x00000a00                udi_cdc_is_rx_ready
 .text.udi_cdc_getc
                0x00000a58      0x194 src/ASF/common/services/usb/class/cdc/device/udi_cdc.o
                0x00000a58                udi_cdc_getc
 .text.udi_cdc_is_tx_ready
                0x00000bec       0x7c src/ASF/common/services/usb/class/cdc/device/udi_cdc.o
                0x00000bec                udi_cdc_is_tx_ready
 .text.udi_cdc_multi_putc
                0x00000c68      0x124 src/ASF/common/services/usb/class/cdc/device/udi_cdc.o
                0x00000c68                udi_cdc_multi_putc
 .text.udi_cdc_putc
                0x00000d8c       0x10 src/ASF/common/services/usb/class/cdc/device/udi_cdc.o
                0x00000d8c                udi_cdc_putc
 .text.udi_cdc_multi_write_buf
                0x00000d9c      0x140 src/ASF/common/services/usb/class/cdc/device/udi_cdc.o
                0x00000d9c                udi_cdc_multi_write_buf
 .text.udi_cdc_write_buf
                0x00000edc       0x14 src/ASF/common/services/usb/class/cdc/device/udi_cdc.o
                0x00000edc                udi_cdc_write_buf
 .text.udc_valid_address
                0x00000ef0       0x18 src/ASF/common/services/usb/udc/udc.o
 .text.udc_update_iface_desc.part.0
                0x00000f08       0x5c src/ASF/common/services/usb/udc/udc.o
 .text.udc_iface_disable.part.1
                0x00000f64       0xb0 src/ASF/common/services/usb/udc/udc.o
 .text.udc_start
                0x00001014        0xc src/ASF/common/services/usb/udc/udc.o
                0x00001014                udc_start
 .text.udc_reset
                0x00001020       0xb0 src/ASF/common/services/usb/udc/udc.o
                0x00001020                udc_reset
 .text.udc_sof_notify
                0x000010d0       0x40 src/ASF/common/services/usb/udc/udc.o
                0x000010d0                udc_sof_notify
 .text.udc_process_setup
                0x00001110      0x684 src/ASF/common/services/usb/udc/udc.o
                0x00001110                udc_process_setup
 .text.cpu_irq_enter_critical
                0x00001794       0x3c src/ASF/common/utils/interrupt/interrupt_sam_nvic.o
                0x00001794                cpu_irq_enter_critical
 .text.cpu_irq_leave_critical
                0x000017d0       0x30 src/ASF/common/utils/interrupt/interrupt_sam_nvic.o
                0x000017d0                cpu_irq_leave_critical
 .text.system_board_init
                0x00001800       0x38 src/ASF/sam0/boards/samd21_xplained_pro/board_init.o
                0x00001800                board_init
                0x00001800                system_board_init
 .text.adc_get_config_defaults
                0x00001838       0x44 src/ASF/sam0/drivers/adc/adc_sam_d_r_h/adc.o
                0x00001838                adc_get_config_defaults
 .text.adc_init
                0x0000187c      0x43c src/ASF/sam0/drivers/adc/adc_sam_d_r_h/adc.o
                0x0000187c                adc_init
 .text.ADC_Handler
                0x00001cb8       0x98 src/ASF/sam0/drivers/adc/adc_sam_d_r_h/adc_callback.o
                0x00001cb8                ADC_Handler
 .text.adc_register_callback
                0x00001d50       0x14 src/ASF/sam0/drivers/adc/adc_sam_d_r_h/adc_callback.o
                0x00001d50                adc_register_callback
 .text.adc_read_buffer_job
                0x00001d64       0x4c src/ASF/sam0/drivers/adc/adc_sam_d_r_h/adc_callback.o
                0x00001d64                adc_read_buffer_job
 .text.extint_register_callback
                0x00001db0       0x28 src/ASF/sam0/drivers/extint/extint_callback.o
                0x00001db0                extint_register_callback
 .text.extint_chan_enable_callback
                0x00001dd8       0x24 src/ASF/sam0/drivers/extint/extint_callback.o
                0x00001dd8                extint_chan_enable_callback
 .text.extint_chan_disable_callback
                0x00001dfc       0x24 src/ASF/sam0/drivers/extint/extint_callback.o
                0x00001dfc                extint_chan_disable_callback
 .text.EIC_Handler
                0x00001e20       0x40 src/ASF/sam0/drivers/extint/extint_callback.o
                0x00001e20                EIC_Handler
 .text._system_extint_init
                0x00001e60       0x74 src/ASF/sam0/drivers/extint/extint_sam_d_r_h/extint.o
                0x00001e60                _system_extint_init
 .text.extint_chan_get_config_defaults
                0x00001ed4       0x14 src/ASF/sam0/drivers/extint/extint_sam_d_r_h/extint.o
                0x00001ed4                extint_chan_get_config_defaults
 .text.extint_chan_set_config
                0x00001ee8       0x78 src/ASF/sam0/drivers/extint/extint_sam_d_r_h/extint.o
                0x00001ee8                extint_chan_set_config
 .text.port_pin_set_config
                0x00001f60       0x24 src/ASF/sam0/drivers/port/port.o
                0x00001f60                port_pin_set_config
 .text._sercom_get_sync_baud_val
                0x00001f84       0x28 src/ASF/sam0/drivers/sercom/sercom.o
                0x00001f84                _sercom_get_sync_baud_val
 .text._sercom_get_async_baud_val
                0x00001fac      0x268 src/ASF/sam0/drivers/sercom/sercom.o
                0x00001fac                _sercom_get_async_baud_val
 .text.sercom_set_gclk_generator
                0x00002214       0x48 src/ASF/sam0/drivers/sercom/sercom.o
                0x00002214                sercom_set_gclk_generator
 .text._sercom_get_default_pad
                0x0000225c      0x160 src/ASF/sam0/drivers/sercom/sercom.o
                0x0000225c                _sercom_get_default_pad
 .text._sercom_get_sercom_inst_index
                0x000023bc       0x64 src/ASF/sam0/drivers/sercom/sercom.o
                0x000023bc                _sercom_get_sercom_inst_index
 .text._sercom_default_handler
                0x00002420        0x4 src/ASF/sam0/drivers/sercom/sercom_interrupt.o
 .text._sercom_set_handler
                0x00002424       0x48 src/ASF/sam0/drivers/sercom/sercom_interrupt.o
                0x00002424                _sercom_set_handler
 .text._sercom_get_interrupt_vector
                0x0000246c       0x30 src/ASF/sam0/drivers/sercom/sercom_interrupt.o
                0x0000246c                _sercom_get_interrupt_vector
 .text.SERCOM0_Handler
                0x0000249c       0x10 src/ASF/sam0/drivers/sercom/sercom_interrupt.o
                0x0000249c                SERCOM0_Handler
 .text.SERCOM1_Handler
                0x000024ac       0x10 src/ASF/sam0/drivers/sercom/sercom_interrupt.o
                0x000024ac                SERCOM1_Handler
 .text.SERCOM2_Handler
                0x000024bc       0x10 src/ASF/sam0/drivers/sercom/sercom_interrupt.o
                0x000024bc                SERCOM2_Handler
 .text.SERCOM3_Handler
                0x000024cc       0x10 src/ASF/sam0/drivers/sercom/sercom_interrupt.o
                0x000024cc                SERCOM3_Handler
 .text.SERCOM4_Handler
                0x000024dc       0x10 src/ASF/sam0/drivers/sercom/sercom_interrupt.o
                0x000024dc                SERCOM4_Handler
 .text.SERCOM5_Handler
                0x000024ec       0x10 src/ASF/sam0/drivers/sercom/sercom_interrupt.o
                0x000024ec                SERCOM5_Handler
 .text.usart_init
                0x000024fc      0x33c src/ASF/sam0/drivers/sercom/usart/usart.o
                0x000024fc                usart_init
 .text.usart_register_callback
                0x00002838       0x18 src/ASF/sam0/drivers/sercom/usart/usart_interrupt.o
                0x00002838                usart_register_callback
 .text.usart_write_buffer_job
                0x00002850       0x4c src/ASF/sam0/drivers/sercom/usart/usart_interrupt.o
                0x00002850                usart_write_buffer_job
 .text.usart_read_buffer_job
                0x0000289c       0x60 src/ASF/sam0/drivers/sercom/usart/usart_interrupt.o
                0x0000289c                usart_read_buffer_job
 .text._usart_interrupt_handler
                0x000028fc      0x190 src/ASF/sam0/drivers/sercom/usart/usart_interrupt.o
                0x000028fc                _usart_interrupt_handler
 .text.system_clock_source_get_hz
                0x00002a8c       0x8c src/ASF/sam0/drivers/system/clock/clock_samd21_r21_da_ha1/clock.o
                0x00002a8c                system_clock_source_get_hz
 .text.system_clock_source_dfll_set_config
                0x00002b18       0x7c src/ASF/sam0/drivers/system/clock/clock_samd21_r21_da_ha1/clock.o
                0x00002b18                system_clock_source_dfll_set_config
 .text.system_clock_init
                0x00002b94      0x144 src/ASF/sam0/drivers/system/clock/clock_samd21_r21_da_ha1/clock.o
                0x00002b94                system_clock_init
 .text.system_gclk_init
                0x00002cd8       0x24 src/ASF/sam0/drivers/system/clock/clock_samd21_r21_da_ha1/gclk.o
                0x00002cd8                system_gclk_init
 .text.system_gclk_gen_set_config
                0x00002cfc       0xb4 src/ASF/sam0/drivers/system/clock/clock_samd21_r21_da_ha1/gclk.o
                0x00002cfc                system_gclk_gen_set_config
 .text.system_gclk_gen_enable
                0x00002db0       0x40 src/ASF/sam0/drivers/system/clock/clock_samd21_r21_da_ha1/gclk.o
                0x00002db0                system_gclk_gen_enable
 .text.system_gclk_chan_set_config
                0x00002df0       0x64 src/ASF/sam0/drivers/system/clock/clock_samd21_r21_da_ha1/gclk.o
                0x00002df0                system_gclk_chan_set_config
 .text.system_gclk_chan_enable
                0x00002e54       0x30 src/ASF/sam0/drivers/system/clock/clock_samd21_r21_da_ha1/gclk.o
                0x00002e54                system_gclk_chan_enable
 .text.system_gclk_chan_get_hz
                0x00002e84       0x98 src/ASF/sam0/drivers/system/clock/clock_samd21_r21_da_ha1/gclk.o
                0x00002e84                system_gclk_chan_get_hz
 .text.system_interrupt_set_priority
                0x00002f1c       0x48 src/ASF/sam0/drivers/system/interrupt/system_interrupt.o
                0x00002f1c                system_interrupt_set_priority
 .text.system_pinmux_pin_set_config
                0x00002f64       0xd0 src/ASF/sam0/drivers/system/pinmux/pinmux.o
                0x00002f64                system_pinmux_pin_set_config
 .text._system_dummy_init
                0x00003034        0x4 src/ASF/sam0/drivers/system/system.o
                0x00003034                _system_events_init
                0x00003034                _system_dummy_init
                0x00003034                _system_divas_init
 .text.system_init
                0x00003038       0x2c src/ASF/sam0/drivers/system/system.o
                0x00003038                system_init
 .text.tc_register_callback
                0x00003064       0x34 src/ASF/sam0/drivers/tc/tc_interrupt.o
                0x00003064                tc_register_callback
 .text.TC3_Handler
                0x00003098       0x60 src/ASF/sam0/drivers/tc/tc_interrupt.o
                0x00003098                TC3_Handler
 .text.TC4_Handler
                0x000030f8       0x60 src/ASF/sam0/drivers/tc/tc_interrupt.o
                0x000030f8                TC4_Handler
 .text.TC5_Handler
                0x00003158       0x60 src/ASF/sam0/drivers/tc/tc_interrupt.o
                0x00003158                TC5_Handler
 .text.TC6_Handler
                0x000031b8       0x60 src/ASF/sam0/drivers/tc/tc_interrupt.o
                0x000031b8                TC6_Handler
 .text.TC7_Handler
                0x00003218       0x60 src/ASF/sam0/drivers/tc/tc_interrupt.o
                0x00003218                TC7_Handler
 .text._tc_get_inst_index
                0x00003278       0x5c src/ASF/sam0/drivers/tc/tc_sam_d_r_h/tc.o
                0x00003278                _tc_get_inst_index
 .text.tc_init  0x000032d4      0x2dc src/ASF/sam0/drivers/tc/tc_sam_d_r_h/tc.o
                0x000032d4                tc_init
 .text.udd_ep_transfer_process
                0x000035b0      0x20c src/ASF/sam0/drivers/usb/stack_interface/usb_device_udd.o
 .text._usb_on_bus_reset
                0x000037bc       0xb0 src/ASF/sam0/drivers/usb/stack_interface/usb_device_udd.o
 .text._usb_ep0_on_tansfer_fail
                0x0000386c       0x6c src/ASF/sam0/drivers/usb/stack_interface/usb_device_udd.o
 .text.udd_ctrl_in_sent
                0x000038d8       0xa4 src/ASF/sam0/drivers/usb/stack_interface/usb_device_udd.o
 .text._usb_on_sof_notify
                0x0000397c       0x14 src/ASF/sam0/drivers/usb/stack_interface/usb_device_udd.o
 .text.cpu_irq_restore.part.0
                0x00003990       0x14 src/ASF/sam0/drivers/usb/stack_interface/usb_device_udd.o
 .text._usb_device_lpm_suspend
                0x000039a4       0xe8 src/ASF/sam0/drivers/usb/stack_interface/usb_device_udd.o
 .text.udd_sleep_mode.constprop.15
                0x00003a8c       0x9c src/ASF/sam0/drivers/usb/stack_interface/usb_device_udd.o
 .text.udd_sleep_mode.constprop.14
                0x00003b28       0x9c src/ASF/sam0/drivers/usb/stack_interface/usb_device_udd.o
 .text._usb_on_wakeup
                0x00003bc4       0x6c src/ASF/sam0/drivers/usb/stack_interface/usb_device_udd.o
 .text._usb_ep0_on_setup
                0x00003c30      0x104 src/ASF/sam0/drivers/usb/stack_interface/usb_device_udd.o
 .text._usb_on_suspend
                0x00003d34       0xc0 src/ASF/sam0/drivers/usb/stack_interface/usb_device_udd.o
 .text.udd_ep_abort
                0x00003df4       0x54 src/ASF/sam0/drivers/usb/stack_interface/usb_device_udd.o
                0x00003df4                udd_ep_abort
 .text._usb_ep0_on_tansfer_ok
                0x00003e48      0x134 src/ASF/sam0/drivers/usb/stack_interface/usb_device_udd.o
 .text.udd_is_high_speed
                0x00003f7c        0x4 src/ASF/sam0/drivers/usb/stack_interface/usb_device_udd.o
                0x00003f7c                udd_is_high_speed
 .text.udd_get_frame_number
                0x00003f80       0x10 src/ASF/sam0/drivers/usb/stack_interface/usb_device_udd.o
                0x00003f80                udd_get_frame_number
 .text.udd_get_micro_frame_number
                0x00003f90       0x10 src/ASF/sam0/drivers/usb/stack_interface/usb_device_udd.o
                0x00003f90                udd_get_micro_frame_number
 .text.udd_ep_free
                0x00003fa0       0xb4 src/ASF/sam0/drivers/usb/stack_interface/usb_device_udd.o
                0x00003fa0                udd_ep_free
 .text.udd_ep_alloc
                0x00004054      0x10c src/ASF/sam0/drivers/usb/stack_interface/usb_device_udd.o
                0x00004054                udd_ep_alloc
 .text.udd_ep_is_halted
                0x00004160       0x14 src/ASF/sam0/drivers/usb/stack_interface/usb_device_udd.o
                0x00004160                udd_ep_is_halted
 .text.udd_ep_set_halt
                0x00004174       0x70 src/ASF/sam0/drivers/usb/stack_interface/usb_device_udd.o
                0x00004174                udd_ep_set_halt
 .text.udd_ep_clear_halt
                0x000041e4       0x5c src/ASF/sam0/drivers/usb/stack_interface/usb_device_udd.o
                0x000041e4                udd_ep_clear_halt
 .text.udd_ep_run
                0x00004240      0x22c src/ASF/sam0/drivers/usb/stack_interface/usb_device_udd.o
                0x00004240                udd_ep_run
 .text.udd_set_address
                0x0000446c       0x10 src/ASF/sam0/drivers/usb/stack_interface/usb_device_udd.o
                0x0000446c                udd_set_address
 .text.udd_getaddress
                0x0000447c       0x10 src/ASF/sam0/drivers/usb/stack_interface/usb_device_udd.o
                0x0000447c                udd_getaddress
 .text.udd_send_remotewakeup
                0x0000448c      0x10c src/ASF/sam0/drivers/usb/stack_interface/usb_device_udd.o
                0x0000448c                udd_send_remotewakeup
 .text.udd_set_setup_payload
                0x00004598        0xc src/ASF/sam0/drivers/usb/stack_interface/usb_device_udd.o
                0x00004598                udd_set_setup_payload
 .text.udd_attach
                0x000045a4       0x84 src/ASF/sam0/drivers/usb/stack_interface/usb_device_udd.o
                0x000045a4                udd_attach
 .text._uhd_vbus_handler
                0x00004628       0xe0 src/ASF/sam0/drivers/usb/stack_interface/usb_device_udd.o
 .text.udd_enable
                0x00004708      0x13c src/ASF/sam0/drivers/usb/stack_interface/usb_device_udd.o
                0x00004708                udd_enable
 .text.usb_device_register_callback
                0x00004844       0x24 src/ASF/sam0/drivers/usb/usb_sam_d_r/usb.o
                0x00004844                usb_device_register_callback
 .text.usb_device_enable_callback
                0x00004868       0x20 src/ASF/sam0/drivers/usb/usb_sam_d_r/usb.o
                0x00004868                usb_device_enable_callback
 .text.usb_device_disable_callback
                0x00004888       0x1c src/ASF/sam0/drivers/usb/usb_sam_d_r/usb.o
                0x00004888                usb_device_disable_callback
 .text.usb_device_endpoint_register_callback
                0x000048a4       0x28 src/ASF/sam0/drivers/usb/usb_sam_d_r/usb.o
                0x000048a4                usb_device_endpoint_register_callback
 .text.usb_device_endpoint_unregister_callback
                0x000048cc       0x28 src/ASF/sam0/drivers/usb/usb_sam_d_r/usb.o
                0x000048cc                usb_device_endpoint_unregister_callback
 .text.usb_device_endpoint_enable_callback
                0x000048f4       0xb0 src/ASF/sam0/drivers/usb/usb_sam_d_r/usb.o
                0x000048f4                usb_device_endpoint_enable_callback
 .text.usb_device_endpoint_disable_callback
                0x000049a4       0xb0 src/ASF/sam0/drivers/usb/usb_sam_d_r/usb.o
                0x000049a4                usb_device_endpoint_disable_callback
 .text.usb_device_endpoint_get_config_defaults
                0x00004a54       0x10 src/ASF/sam0/drivers/usb/usb_sam_d_r/usb.o
                0x00004a54                usb_device_endpoint_get_config_defaults
 .text.usb_device_endpoint_set_config
                0x00004a64      0x1ec src/ASF/sam0/drivers/usb/usb_sam_d_r/usb.o
                0x00004a64                usb_device_endpoint_set_config
 .text.usb_device_endpoint_abort_job
                0x00004c50       0x30 src/ASF/sam0/drivers/usb/usb_sam_d_r/usb.o
                0x00004c50                usb_device_endpoint_abort_job
 .text.usb_device_endpoint_is_halted
                0x00004c80       0x20 src/ASF/sam0/drivers/usb/usb_sam_d_r/usb.o
                0x00004c80                usb_device_endpoint_is_halted
 .text.usb_device_endpoint_set_halt
                0x00004ca0       0x20 src/ASF/sam0/drivers/usb/usb_sam_d_r/usb.o
                0x00004ca0                usb_device_endpoint_set_halt
 .text.usb_device_endpoint_clear_halt
                0x00004cc0       0x7c src/ASF/sam0/drivers/usb/usb_sam_d_r/usb.o
                0x00004cc0                usb_device_endpoint_clear_halt
 .text.usb_device_endpoint_write_buffer_job
                0x00004d3c       0x4c src/ASF/sam0/drivers/usb/usb_sam_d_r/usb.o
                0x00004d3c                usb_device_endpoint_write_buffer_job
 .text.usb_device_endpoint_read_buffer_job
                0x00004d88       0x48 src/ASF/sam0/drivers/usb/usb_sam_d_r/usb.o
                0x00004d88                usb_device_endpoint_read_buffer_job
 .text.usb_device_endpoint_setup_buffer_job
                0x00004dd0       0x30 src/ASF/sam0/drivers/usb/usb_sam_d_r/usb.o
                0x00004dd0                usb_device_endpoint_setup_buffer_job
 .text.usb_enable
                0x00004e00       0x14 src/ASF/sam0/drivers/usb/usb_sam_d_r/usb.o
                0x00004e00                usb_enable
 .text.USB_Handler
                0x00004e14      0x57c src/ASF/sam0/drivers/usb/usb_sam_d_r/usb.o
                0x00004e14                USB_Handler
 .text.usb_get_config_defaults
                0x00005390       0x10 src/ASF/sam0/drivers/usb/usb_sam_d_r/usb.o
                0x00005390                usb_get_config_defaults
 .text.usb_init
                0x000053a0      0x2a4 src/ASF/sam0/drivers/usb/usb_sam_d_r/usb.o
                0x000053a0                usb_init
 .text.Dummy_Handler
                0x00005644        0x4 src/ASF/sam0/utils/cmsis/samd21/source/gcc/startup_samd21.o
                0x00005644                DMAC_Handler
                0x00005644                HardFault_Handler
                0x00005644                AC_Handler
                0x00005644                SysTick_Handler
                0x00005644                PendSV_Handler
                0x00005644                NMI_Handler
                0x00005644                TCC1_Handler
                0x00005644                TCC0_Handler
                0x00005644                RTC_Handler
                0x00005644                WDT_Handler
                0x00005644                Dummy_Handler
                0x00005644                PM_Handler
                0x00005644                SVC_Handler
                0x00005644                TCC2_Handler
                0x00005644                EVSYS_Handler
                0x00005644                I2S_Handler
                0x00005644                NVMCTRL_Handler
                0x00005644                DAC_Handler
                0x00005644                PTC_Handler
                0x00005644                SYSCTRL_Handler
 .text.Reset_Handler
                0x00005648       0xd4 src/ASF/sam0/utils/cmsis/samd21/source/gcc/startup_samd21.o
                0x00005648                Reset_Handler
 .text.tc_callback
                0x0000571c       0x2c src/main.o
                0x0000571c                tc_callback
 .text.adc_complete_callback
                0x00005748       0x7c src/main.o
                0x00005748                adc_complete_callback
 .text.configure_tc_callbacks
                0x000057c4       0x4c src/main.o
                0x000057c4                configure_tc_callbacks
 .text.configure_adc
                0x00005810       0x7c src/main.o
                0x00005810                configure_adc
 .text.startup.main
                0x0000588c      0x1c8 src/main.o
                0x0000588c                main
 .text.main_suspend_action
                0x00005a54        0xc src/main.o
                0x00005a54                main_suspend_action
 .text.main_resume_action
                0x00005a60        0xc src/main.o
                0x00005a60                main_resume_action
 .text.main_sof_action
                0x00005a6c       0x20 src/main.o
                0x00005a6c                main_sof_action
 .text.main_suspend_lpm_action
                0x00005a8c        0xc src/main.o
                0x00005a8c                main_suspend_lpm_action
 .text.main_remotewakeup_lpm_disable
                0x00005a98        0xc src/main.o
                0x00005a98                main_remotewakeup_lpm_disable
 .text.main_remotewakeup_lpm_enable
                0x00005aa4        0xc src/main.o
                0x00005aa4                main_remotewakeup_lpm_enable
 .text.main_cdc_enable
                0x00005ab0       0x18 src/main.o
                0x00005ab0                main_cdc_enable
 .text.main_cdc_disable
                0x00005ac8       0x18 src/main.o
                0x00005ac8                main_cdc_disable
 .text.main_cdc_set_dtr
                0x00005ae0       0x1c src/main.o
                0x00005ae0                main_cdc_set_dtr
 .text.usart_rx_callback
                0x00005afc       0x58 src/uart_samd.o
 .text.usart_tx_callback
                0x00005b54       0x5c src/uart_samd.o
 .text.uart_rx_notify
                0x00005bb0       0x44 src/uart_samd.o
                0x00005bb0                uart_rx_notify
 .text.uart_config
                0x00005bf4      0x168 src/uart_samd.o
                0x00005bf4                uart_config
 .text.uart_open
                0x00005d5c       0x38 src/uart_samd.o
                0x00005d5c                uart_open
 .text.uart_close
                0x00005d94       0x38 src/uart_samd.o
                0x00005d94                uart_close
 .text          0x00005dcc      0x114 c:/program files (x86)/atmel/studio/7.0/toolchain/arm/arm-gnu-toolchain/bin/../lib/gcc/arm-none-eabi/6.3.1/thumb/v6-m\libgcc.a(_udivsi3.o)
                0x00005dcc                __aeabi_uidiv
                0x00005dcc                __udivsi3
                0x00005ed8                __aeabi_uidivmod
 .text          0x00005ee0      0x1d4 c:/program files (x86)/atmel/studio/7.0/toolchain/arm/arm-gnu-toolchain/bin/../lib/gcc/arm-none-eabi/6.3.1/thumb/v6-m\libgcc.a(_divsi3.o)
                0x00005ee0                __divsi3
                0x00005ee0                __aeabi_idiv
                0x000060ac                __aeabi_idivmod
 .text          0x000060b4        0x4 c:/program files (x86)/atmel/studio/7.0/toolchain/arm/arm-gnu-toolchain/bin/../lib/gcc/arm-none-eabi/6.3.1/thumb/v6-m\libgcc.a(_dvmd_tls.o)
                0x000060b4                __aeabi_idiv0
                0x000060b4                __aeabi_ldiv0
 .text          0x000060b8       0x40 c:/program files (x86)/atmel/studio/7.0/toolchain/arm/arm-gnu-toolchain/bin/../lib/gcc/arm-none-eabi/6.3.1/thumb/v6-m\libgcc.a(_ctzsi2.o)
                0x000060b8                __ctzsi2
 .text          0x000060f8       0x54 c:/program files (x86)/atmel/studio/7.0/toolchain/arm/arm-gnu-toolchain/bin/../lib/gcc/arm-none-eabi/6.3.1/thumb/v6-m\libgcc.a(_muldi3.o)
                0x000060f8                __muldi3
                0x000060f8                __aeabi_lmul
 .text.__libc_init_array
                0x0000614c       0x48 c:/program files (x86)/atmel/studio/7.0/toolchain/arm/arm-gnu-toolchain/bin/../lib/gcc/arm-none-eabi/6.3.1/../../../../arm-none-eabi/lib/thumb/v6-m\libc_nano.a(lib_a-init.o)
                0x0000614c                __libc_init_array
 .text.memcpy   0x00006194       0x12 c:/program files (x86)/atmel/studio/7.0/toolchain/arm/arm-gnu-toolchain/bin/../lib/gcc/arm-none-eabi/6.3.1/../../../../arm-none-eabi/lib/thumb/v6-m\libc_nano.a(lib_a-memcpy-stub.o)
                0x00006194                memcpy
 .text.memset   0x000061a6       0x10 c:/program files (x86)/atmel/studio/7.0/toolchain/arm/arm-gnu-toolchain/bin/../lib/gcc/arm-none-eabi/6.3.1/../../../../arm-none-eabi/lib/thumb/v6-m\libc_nano.a(lib_a-memset.o)
                0x000061a6                memset
 *(.glue_7t)
 .glue_7t       0x000061b6        0x0 linker stubs
 *(.glue_7)
 .glue_7        0x000061b6        0x0 linker stubs
 *(.rodata .rodata* .gnu.linkonce.r.*)
 *fill*         0x000061b6        0x2 
 .rodata.adc_init
                0x000061b8       0xd4 src/ASF/sam0/drivers/adc/adc_sam_d_r_h/adc.o
 .rodata        0x0000628c       0x50 src/ASF/sam0/drivers/adc/adc_sam_d_r_h/adc.o
 .rodata        0x000062dc       0x18 src/ASF/sam0/drivers/sercom/sercom.o
 .rodata.system_clock_source_get_hz
                0x000062f4       0x24 src/ASF/sam0/drivers/system/clock/clock_samd21_r21_da_ha1/clock.o
 .rodata        0x00006318       0x1e src/ASF/sam0/drivers/tc/tc_sam_d_r_h/tc.o
 *fill*         0x00006336        0x2 
 .rodata.usb_device_endpoint_set_config
                0x00006338       0x14 src/ASF/sam0/drivers/usb/usb_sam_d_r/usb.o
 .rodata._usb_device_irq_bits
                0x0000634c        0xe src/ASF/sam0/drivers/usb/usb_sam_d_r/usb.o
 *fill*         0x0000635a        0x2 
 .rodata._usb_endpoint_irq_bits
                0x0000635c        0x4 src/ASF/sam0/drivers/usb/usb_sam_d_r/usb.o
 .rodata.tc_interrupt_vectors.13086
                0x00006360        0x5 src/main.o
 *(.ARM.extab* .gnu.linkonce.armextab.*)
                0x00006368                . = ALIGN (0x4)
 *fill*         0x00006365        0x3 
 *(.init)
 .init          0x00006368        0x4 c:/program files (x86)/atmel/studio/7.0/toolchain/arm/arm-gnu-toolchain/bin/../lib/gcc/arm-none-eabi/6.3.1/thumb/v6-m/crti.o
                0x00006368                _init
 .init          0x0000636c        0x8 c:/program files (x86)/atmel/studio/7.0/toolchain/arm/arm-gnu-toolchain/bin/../lib/gcc/arm-none-eabi/6.3.1/thumb/v6-m/crtn.o
                0x00006374                . = ALIGN (0x4)
                0x00006374                __preinit_array_start = .
 *(.preinit_array)
                0x00006374                __preinit_array_end = .
                0x00006374                . = ALIGN (0x4)
                0x00006374                __init_array_start = .
 *(SORT(.init_array.*))
 *(.init_array)
 .init_array    0x00006374        0x4 c:/program files (x86)/atmel/studio/7.0/toolchain/arm/arm-gnu-toolchain/bin/../lib/gcc/arm-none-eabi/6.3.1/thumb/v6-m/crtbegin.o
                0x00006378                __init_array_end = .
                0x00006378                . = ALIGN (0x4)
 *crtbegin.o(.ctors)
 *(EXCLUDE_FILE(*crtend.o) .ctors)
 *(SORT(.ctors.*))
 *crtend.o(.ctors)
                0x00006378                . = ALIGN (0x4)
 *(.fini)
 .fini          0x00006378        0x4 c:/program files (x86)/atmel/studio/7.0/toolchain/arm/arm-gnu-toolchain/bin/../lib/gcc/arm-none-eabi/6.3.1/thumb/v6-m/crti.o
                0x00006378                _fini
 .fini          0x0000637c        0x8 c:/program files (x86)/atmel/studio/7.0/toolchain/arm/arm-gnu-toolchain/bin/../lib/gcc/arm-none-eabi/6.3.1/thumb/v6-m/crtn.o
                0x00006384                . = ALIGN (0x4)
                0x00006384                __fini_array_start = .
 *(.fini_array)
 .fini_array    0x00006384        0x4 c:/program files (x86)/atmel/studio/7.0/toolchain/arm/arm-gnu-toolchain/bin/../lib/gcc/arm-none-eabi/6.3.1/thumb/v6-m/crtbegin.o
 *(SORT(.fini_array.*))
                0x00006388                __fini_array_end = .
 *crtbegin.o(.dtors)
 *(EXCLUDE_FILE(*crtend.o) .dtors)
 *(SORT(.dtors.*))
 *crtend.o(.dtors)
                0x00006388                . = ALIGN (0x4)
                0x00006388                _efixed = .
                [!provide]                PROVIDE (__exidx_start, .)

.vfp11_veneer   0x00006388        0x0
 .vfp11_veneer  0x00006388        0x0 linker stubs

.v4_bx          0x00006388        0x0
 .v4_bx         0x00006388        0x0 linker stubs

.iplt           0x00006388        0x0
 .iplt          0x00006388        0x0 c:/program files (x86)/atmel/studio/7.0/toolchain/arm/arm-gnu-toolchain/bin/../lib/gcc/arm-none-eabi/6.3.1/thumb/v6-m/crtbegin.o

.eh_frame       0x00006388        0x0
 .eh_frame      0x00006388        0x0 c:/program files (x86)/atmel/studio/7.0/toolchain/arm/arm-gnu-toolchain/bin/../lib/gcc/arm-none-eabi/6.3.1/thumb/v6-m/crtbegin.o

.rel.dyn        0x00006388        0x0
 .rel.iplt      0x00006388        0x0 c:/program files (x86)/atmel/studio/7.0/toolchain/arm/arm-gnu-toolchain/bin/../lib/gcc/arm-none-eabi/6.3.1/thumb/v6-m/crtbegin.o

.jcr            0x00006388        0x0
 .jcr           0x00006388        0x0 c:/program files (x86)/atmel/studio/7.0/toolchain/arm/arm-gnu-toolchain/bin/../lib/gcc/arm-none-eabi/6.3.1/thumb/v6-m/crtbegin.o

.igot.plt       0x00006388        0x0
 .igot.plt      0x00006388        0x0 c:/program files (x86)/atmel/studio/7.0/toolchain/arm/arm-gnu-toolchain/bin/../lib/gcc/arm-none-eabi/6.3.1/thumb/v6-m/crtbegin.o

.ARM.exidx
 *(.ARM.exidx* .gnu.linkonce.armexidx.*)
                [!provide]                PROVIDE (__exidx_end, .)
                0x00006388                . = ALIGN (0x4)
                0x00006388                _etext = .

.relocate       0x20000000       0xec load address 0x00006388
                0x20000000                . = ALIGN (0x4)
                0x20000000                _srelocate = .
 *(.ramfunc .ramfunc.*)
 *(.data .data.*)
 .data.udi_api_cdc_comm
                0x20000000       0x14 src/ASF/common/services/usb/class/cdc/device/udi_cdc.o
                0x20000000                udi_api_cdc_comm
 .data.udi_api_cdc_data
                0x20000014       0x14 src/ASF/common/services/usb/class/cdc/device/udi_cdc.o
                0x20000014                udi_api_cdc_data
 .data.udc_config
                0x20000028        0xc src/ASF/common/services/usb/class/cdc/device/udi_cdc_desc.o
                0x20000028                udc_config
 .data.udc_config_fs
                0x20000034        0x8 src/ASF/common/services/usb/class/cdc/device/udi_cdc_desc.o
                0x20000034                udc_config_fs
 .data.udc_desc_fs
                0x2000003c       0x43 src/ASF/common/services/usb/class/cdc/device/udi_cdc_desc.o
                0x2000003c                udc_desc_fs
 *fill*         0x2000007f        0x1 
 .data.udc_device_desc
                0x20000080       0x12 src/ASF/common/services/usb/class/cdc/device/udi_cdc_desc.o
                0x20000080                udc_device_desc
 *fill*         0x20000092        0x2 
 .data.udc_device_lpm
                0x20000094        0xc src/ASF/common/services/usb/class/cdc/device/udi_cdc_desc.o
                0x20000094                udc_device_lpm
 .data.udi_apis
                0x200000a0        0x8 src/ASF/common/services/usb/class/cdc/device/udi_cdc_desc.o
                0x200000a0                udi_apis
 .data.udc_string_desc
                0x200000a8       0x20 src/ASF/common/services/usb/udc/udc.o
 .data.udc_string_desc_languageid
                0x200000c8        0x4 src/ASF/common/services/usb/udc/udc.o
 .data.udc_string_manufacturer_name
                0x200000cc        0xa src/ASF/common/services/usb/udc/udc.o
 *fill*         0x200000d6        0x2 
 .data.udc_string_product_name
                0x200000d8       0x10 src/ASF/common/services/usb/udc/udc.o
 .data.g_interrupt_enabled
                0x200000e8        0x1 src/ASF/common/utils/interrupt/interrupt_sam_nvic.o
                0x200000e8                g_interrupt_enabled
                0x200000ec                . = ALIGN (0x4)
 *fill*         0x200000e9        0x3 
                0x200000ec                _erelocate = .

.bss            0x200000ec     0x2748 load address 0x00006474
                0x200000ec                . = ALIGN (0x4)
                0x200000ec                _sbss = .
                0x200000ec                _szero = .
 *(.bss .bss.*)
 .bss           0x200000ec       0x1c c:/program files (x86)/atmel/studio/7.0/toolchain/arm/arm-gnu-toolchain/bin/../lib/gcc/arm-none-eabi/6.3.1/thumb/v6-m/crtbegin.o
 .bss.sof_zlp_counter.12430
                0x20000108        0x2 src/ASF/common/services/usb/class/cdc/device/udi_cdc.o
 .bss.udi_cdc_data_running
                0x2000010a        0x1 src/ASF/common/services/usb/class/cdc/device/udi_cdc.o
 *fill*         0x2000010b        0x1 
 .bss.udi_cdc_line_coding
                0x2000010c        0x7 src/ASF/common/services/usb/class/cdc/device/udi_cdc.o
 .bss.udi_cdc_nb_comm_enabled
                0x20000113        0x1 src/ASF/common/services/usb/class/cdc/device/udi_cdc.o
 .bss.udi_cdc_nb_data_enabled
                0x20000114        0x1 src/ASF/common/services/usb/class/cdc/device/udi_cdc.o
 *fill*         0x20000115        0x3 
 .bss.udi_cdc_rx_buf
                0x20000118       0x80 src/ASF/common/services/usb/class/cdc/device/udi_cdc.o
 .bss.udi_cdc_rx_buf_nb
                0x20000198        0x4 src/ASF/common/services/usb/class/cdc/device/udi_cdc.o
 .bss.udi_cdc_rx_buf_sel
                0x2000019c        0x1 src/ASF/common/services/usb/class/cdc/device/udi_cdc.o
 *fill*         0x2000019d        0x3 
 .bss.udi_cdc_rx_pos
                0x200001a0        0x2 src/ASF/common/services/usb/class/cdc/device/udi_cdc.o
 *fill*         0x200001a2        0x2 
 .bss.udi_cdc_rx_trans_ongoing
                0x200001a4        0x1 src/ASF/common/services/usb/class/cdc/device/udi_cdc.o
 *fill*         0x200001a5        0x3 
 .bss.udi_cdc_serial_state_msg_ongoing
                0x200001a8        0x1 src/ASF/common/services/usb/class/cdc/device/udi_cdc.o
 *fill*         0x200001a9        0x3 
 .bss.udi_cdc_state
                0x200001ac        0x2 src/ASF/common/services/usb/class/cdc/device/udi_cdc.o
 *fill*         0x200001ae        0x2 
 .bss.udi_cdc_tx_both_buf_to_send
                0x200001b0        0x1 src/ASF/common/services/usb/class/cdc/device/udi_cdc.o
 *fill*         0x200001b1        0x3 
 .bss.udi_cdc_tx_buf
                0x200001b4       0x80 src/ASF/common/services/usb/class/cdc/device/udi_cdc.o
 .bss.udi_cdc_tx_buf_nb
                0x20000234        0x4 src/ASF/common/services/usb/class/cdc/device/udi_cdc.o
 .bss.udi_cdc_tx_buf_sel
                0x20000238        0x1 src/ASF/common/services/usb/class/cdc/device/udi_cdc.o
 *fill*         0x20000239        0x3 
 .bss.udi_cdc_tx_sof_num
                0x2000023c        0x2 src/ASF/common/services/usb/class/cdc/device/udi_cdc.o
 *fill*         0x2000023e        0x2 
 .bss.udi_cdc_tx_trans_ongoing
                0x20000240        0x1 src/ASF/common/services/usb/class/cdc/device/udi_cdc.o
 *fill*         0x20000241        0x3 
 .bss.uid_cdc_state_msg
                0x20000244        0xa src/ASF/common/services/usb/class/cdc/device/udi_cdc.o
 .bss.udc_device_status
                0x2000024e        0x2 src/ASF/common/services/usb/udc/udc.o
 .bss.udc_ep_status.12077
                0x20000250        0x2 src/ASF/common/services/usb/udc/udc.o
 *fill*         0x20000252        0x2 
 .bss.udc_iface_setting
                0x20000254        0x1 src/ASF/common/services/usb/udc/udc.o
 *fill*         0x20000255        0x3 
 .bss.udc_num_configuration
                0x20000258        0x1 src/ASF/common/services/usb/udc/udc.o
 *fill*         0x20000259        0x3 
 .bss.udc_ptr_conf
                0x2000025c        0x4 src/ASF/common/services/usb/udc/udc.o
 .bss.udc_ptr_iface
                0x20000260        0x4 src/ASF/common/services/usb/udc/udc.o
 .bss.cpu_irq_critical_section_counter
                0x20000264        0x4 src/ASF/common/utils/interrupt/interrupt_sam_nvic.o
 .bss.cpu_irq_prev_interrupt_state
                0x20000268        0x1 src/ASF/common/utils/interrupt/interrupt_sam_nvic.o
 *fill*         0x20000269        0x3 
 .bss._sercom_config
                0x2000026c        0x2 src/ASF/sam0/drivers/sercom/sercom.o
 .bss._handler_table_initialized
                0x2000026e        0x1 src/ASF/sam0/drivers/sercom/sercom_interrupt.o
 *fill*         0x2000026f        0x1 
 .bss._sercom_interrupt_handlers
                0x20000270       0x18 src/ASF/sam0/drivers/sercom/sercom_interrupt.o
 .bss._system_clock_inst
                0x20000288       0x18 src/ASF/sam0/drivers/system/clock/clock_samd21_r21_da_ha1/clock.o
 .bss.b_shortpacket.13357
                0x200002a0        0x1 src/ASF/sam0/drivers/usb/stack_interface/usb_device_udd.o
 *fill*         0x200002a1        0x1 
 .bss.udd_ctrl_payload_nb_trans
                0x200002a2        0x2 src/ASF/sam0/drivers/usb/stack_interface/usb_device_udd.o
 .bss.udd_ctrl_prev_payload_nb_trans
                0x200002a4        0x2 src/ASF/sam0/drivers/usb/stack_interface/usb_device_udd.o
 .bss.udd_ep_control_state
                0x200002a6        0x1 src/ASF/sam0/drivers/usb/stack_interface/usb_device_udd.o
 *fill*         0x200002a7        0x1 
 .bss.udd_ep_job
                0x200002a8       0x78 src/ASF/sam0/drivers/usb/stack_interface/usb_device_udd.o
 .bss.udd_state.13214
                0x20000320        0x1 src/ASF/sam0/drivers/usb/stack_interface/usb_device_udd.o
 *fill*         0x20000321        0x3 
 .bss._usb_instances
                0x20000324        0x4 src/ASF/sam0/drivers/usb/usb_sam_d_r/usb.o
 .bss.device_callback_lpm_wakeup_enable
                0x20000328        0x4 src/ASF/sam0/drivers/usb/usb_sam_d_r/usb.o
 .bss.ep_callback_para
                0x2000032c        0x8 src/ASF/sam0/drivers/usb/usb_sam_d_r/usb.o
 .bss.host_pipe_job_busy_status
                0x20000334        0x4 src/ASF/sam0/drivers/usb/usb_sam_d_r/usb.o
                0x20000334                host_pipe_job_busy_status
 .bss.pipe_callback_para
                0x20000338        0x6 src/ASF/sam0/drivers/usb/usb_sam_d_r/usb.o
 .bss.main_b_cdc_enable
                0x2000033e        0x1 src/main.o
 .bss.rx_data   0x2000033f        0x1 src/uart_samd.o
 .bss.tx_callback_flag
                0x20000340        0x1 src/uart_samd.o
 .bss.tx_data   0x20000341        0x1 src/uart_samd.o
 *(COMMON)
 *fill*         0x20000342        0x2 
 COMMON         0x20000344        0x5 src/ASF/common/services/sleepmgr/samd/sleepmgr.o
                0x20000344                sleepmgr_locks
 *fill*         0x20000349        0x3 
 COMMON         0x2000034c        0x4 src/ASF/sam0/drivers/adc/adc_sam_d_r_h/adc_callback.o
                0x2000034c                _adc_instances
 COMMON         0x20000350        0x1 src/ASF/sam0/drivers/extint/extint_callback.o
                0x20000350                _current_channel
 *fill*         0x20000351        0x3 
 COMMON         0x20000354       0x40 src/ASF/sam0/drivers/extint/extint_sam_d_r_h/extint.o
                0x20000354                _extint_dev
 COMMON         0x20000394       0x18 src/ASF/sam0/drivers/sercom/sercom_interrupt.o
                0x20000394                _sercom_instances
 COMMON         0x200003ac       0x14 src/ASF/sam0/drivers/tc/tc_interrupt.o
                0x200003ac                _tc_instances
 COMMON         0x200003c0      0x280 src/ASF/sam0/drivers/usb/stack_interface/usb_device_udd.o
                0x200003c0                udd_ep_out_cache_buffer
                0x20000480                usb_device
                0x200005e8                udd_g_ctrlreq
                0x20000600                udd_ctrl_buffer
 COMMON         0x20000640      0x100 src/ASF/sam0/drivers/usb/usb_sam_d_r/usb.o
                0x20000640                usb_descriptor_table
 COMMON         0x20000740     0x207d src/main.o
                0x20000740                raw_result
                0x20000744                adc_result_buffer
                0x20002744                counter
                0x20002748                result
                0x2000274c                console_instance
                0x20002780                tc_instance
                0x2000279c                adc_instance
                0x200027bc                status
 *fill*         0x200027bd        0x3 
 COMMON         0x200027c0       0x74 src/uart_samd.o
                0x200027c0                usart_conf
                0x20002800                usart_module_edbg
                0x20002834                . = ALIGN (0x4)
                0x20002834                _ebss = .
                0x20002834                _ezero = .

.stack          0x20002834     0x2004 load address 0x00008bbc
                0x20002838                . = ALIGN (0x8)
 *fill*         0x20002834        0x4 
                0x20002838                _sstack = .
                0x20004838                . = (. + STACK_SIZE)
 *fill*         0x20002838     0x2000 
                0x20004838                . = ALIGN (0x8)
                0x20004838                _estack = .
                0x20004838                . = ALIGN (0x4)
                0x20004838                _end = .
OUTPUT(DEVICE_EXAMPLE1.elf elf32-littlearm)

.ARM.attributes
                0x00000000       0x28
 .ARM.attributes
                0x00000000       0x1e c:/program files (x86)/atmel/studio/7.0/toolchain/arm/arm-gnu-toolchain/bin/../lib/gcc/arm-none-eabi/6.3.1/thumb/v6-m/crti.o
 .ARM.attributes
                0x0000001e       0x2c c:/program files (x86)/atmel/studio/7.0/toolchain/arm/arm-gnu-toolchain/bin/../lib/gcc/arm-none-eabi/6.3.1/thumb/v6-m/crtbegin.o
 .ARM.attributes
                0x0000004a       0x32 src/ASF/common/services/usb/class/cdc/device/example/samd21j18a_samd21_xplained_pro/ui.o
 .ARM.attributes
                0x0000007c       0x32 src/ASF/common/services/sleepmgr/samd/sleepmgr.o
 .ARM.attributes
                0x000000ae       0x32 src/ASF/common/services/usb/class/cdc/device/udi_cdc.o
 .ARM.attributes
                0x000000e0       0x32 src/ASF/common/services/usb/class/cdc/device/udi_cdc_desc.o
 .ARM.attributes
                0x00000112       0x32 src/ASF/common/services/usb/udc/udc.o
 .ARM.attributes
                0x00000144       0x32 src/ASF/common/utils/interrupt/interrupt_sam_nvic.o
 .ARM.attributes
                0x00000176       0x32 src/ASF/sam0/boards/samd21_xplained_pro/board_init.o
 .ARM.attributes
                0x000001a8       0x32 src/ASF/sam0/drivers/adc/adc_sam_d_r_h/adc.o
 .ARM.attributes
                0x000001da       0x32 src/ASF/sam0/drivers/adc/adc_sam_d_r_h/adc_callback.o
 .ARM.attributes
                0x0000020c       0x32 src/ASF/sam0/drivers/extint/extint_callback.o
 .ARM.attributes
                0x0000023e       0x32 src/ASF/sam0/drivers/extint/extint_sam_d_r_h/extint.o
 .ARM.attributes
                0x00000270       0x32 src/ASF/sam0/drivers/port/port.o
 .ARM.attributes
                0x000002a2       0x32 src/ASF/sam0/drivers/sercom/sercom.o
 .ARM.attributes
                0x000002d4       0x32 src/ASF/sam0/drivers/sercom/sercom_interrupt.o
 .ARM.attributes
                0x00000306       0x32 src/ASF/sam0/drivers/sercom/usart/usart.o
 .ARM.attributes
                0x00000338       0x32 src/ASF/sam0/drivers/sercom/usart/usart_interrupt.o
 .ARM.attributes
                0x0000036a       0x32 src/ASF/sam0/drivers/system/clock/clock_samd21_r21_da_ha1/clock.o
 .ARM.attributes
                0x0000039c       0x32 src/ASF/sam0/drivers/system/clock/clock_samd21_r21_da_ha1/gclk.o
 .ARM.attributes
                0x000003ce       0x32 src/ASF/sam0/drivers/system/interrupt/system_interrupt.o
 .ARM.attributes
                0x00000400       0x32 src/ASF/sam0/drivers/system/pinmux/pinmux.o
 .ARM.attributes
                0x00000432       0x32 src/ASF/sam0/drivers/system/system.o
 .ARM.attributes
                0x00000464       0x32 src/ASF/sam0/drivers/tc/tc_interrupt.o
 .ARM.attributes
                0x00000496       0x32 src/ASF/sam0/drivers/tc/tc_sam_d_r_h/tc.o
 .ARM.attributes
                0x000004c8       0x32 src/ASF/sam0/drivers/usb/stack_interface/usb_device_udd.o
 .ARM.attributes
                0x000004fa       0x32 src/ASF/sam0/drivers/usb/usb_sam_d_r/usb.o
 .ARM.attributes
                0x0000052c       0x32 src/ASF/sam0/utils/cmsis/samd21/source/gcc/startup_samd21.o
 .ARM.attributes
                0x0000055e       0x32 src/main.o
 .ARM.attributes
                0x00000590       0x32 src/uart_samd.o
 .ARM.attributes
                0x000005c2       0x1e c:/program files (x86)/atmel/studio/7.0/toolchain/arm/arm-gnu-toolchain/bin/../lib/gcc/arm-none-eabi/6.3.1/thumb/v6-m\libgcc.a(_udivsi3.o)
 .ARM.attributes
                0x000005e0       0x1e c:/program files (x86)/atmel/studio/7.0/toolchain/arm/arm-gnu-toolchain/bin/../lib/gcc/arm-none-eabi/6.3.1/thumb/v6-m\libgcc.a(_divsi3.o)
 .ARM.attributes
                0x000005fe       0x1e c:/program files (x86)/atmel/studio/7.0/toolchain/arm/arm-gnu-toolchain/bin/../lib/gcc/arm-none-eabi/6.3.1/thumb/v6-m\libgcc.a(_dvmd_tls.o)
 .ARM.attributes
                0x0000061c       0x1e c:/program files (x86)/atmel/studio/7.0/toolchain/arm/arm-gnu-toolchain/bin/../lib/gcc/arm-none-eabi/6.3.1/thumb/v6-m\libgcc.a(_ctzsi2.o)
 .ARM.attributes
                0x0000063a       0x2c c:/program files (x86)/atmel/studio/7.0/toolchain/arm/arm-gnu-toolchain/bin/../lib/gcc/arm-none-eabi/6.3.1/thumb/v6-m\libgcc.a(_muldi3.o)
 .ARM.attributes
                0x00000666       0x2c c:/program files (x86)/atmel/studio/7.0/toolchain/arm/arm-gnu-toolchain/bin/../lib/gcc/arm-none-eabi/6.3.1/../../../../arm-none-eabi/lib/thumb/v6-m\libc_nano.a(lib_a-init.o)
 .ARM.attributes
                0x00000692       0x2c c:/program files (x86)/atmel/studio/7.0/toolchain/arm/arm-gnu-toolchain/bin/../lib/gcc/arm-none-eabi/6.3.1/../../../../arm-none-eabi/lib/thumb/v6-m\libc_nano.a(lib_a-memcpy-stub.o)
 .ARM.attributes
                0x000006be       0x2c c:/program files (x86)/atmel/studio/7.0/toolchain/arm/arm-gnu-toolchain/bin/../lib/gcc/arm-none-eabi/6.3.1/../../../../arm-none-eabi/lib/thumb/v6-m\libc_nano.a(lib_a-memset.o)
 .ARM.attributes
                0x000006ea       0x1e c:/program files (x86)/atmel/studio/7.0/toolchain/arm/arm-gnu-toolchain/bin/../lib/gcc/arm-none-eabi/6.3.1/thumb/v6-m/crtn.o

.comment        0x00000000       0x59
 .comment       0x00000000       0x59 src/ASF/common/services/usb/class/cdc/device/example/samd21j18a_samd21_xplained_pro/ui.o
                                 0x5a (size before relaxing)
 .comment       0x00000059       0x5a src/ASF/common/services/sleepmgr/samd/sleepmgr.o
 .comment       0x00000059       0x5a src/ASF/common/services/usb/class/cdc/device/udi_cdc.o
 .comment       0x00000059       0x5a src/ASF/common/services/usb/class/cdc/device/udi_cdc_desc.o
 .comment       0x00000059       0x5a src/ASF/common/services/usb/udc/udc.o
 .comment       0x00000059       0x5a src/ASF/common/utils/interrupt/interrupt_sam_nvic.o
 .comment       0x00000059       0x5a src/ASF/sam0/boards/samd21_xplained_pro/board_init.o
 .comment       0x00000059       0x5a src/ASF/sam0/drivers/adc/adc_sam_d_r_h/adc.o
 .comment       0x00000059       0x5a src/ASF/sam0/drivers/adc/adc_sam_d_r_h/adc_callback.o
 .comment       0x00000059       0x5a src/ASF/sam0/drivers/extint/extint_callback.o
 .comment       0x00000059       0x5a src/ASF/sam0/drivers/extint/extint_sam_d_r_h/extint.o
 .comment       0x00000059       0x5a src/ASF/sam0/drivers/port/port.o
 .comment       0x00000059       0x5a src/ASF/sam0/drivers/sercom/sercom.o
 .comment       0x00000059       0x5a src/ASF/sam0/drivers/sercom/sercom_interrupt.o
 .comment       0x00000059       0x5a src/ASF/sam0/drivers/sercom/usart/usart.o
 .comment       0x00000059       0x5a src/ASF/sam0/drivers/sercom/usart/usart_interrupt.o
 .comment       0x00000059       0x5a src/ASF/sam0/drivers/system/clock/clock_samd21_r21_da_ha1/clock.o
 .comment       0x00000059       0x5a src/ASF/sam0/drivers/system/clock/clock_samd21_r21_da_ha1/gclk.o
 .comment       0x00000059       0x5a src/ASF/sam0/drivers/system/interrupt/system_interrupt.o
 .comment       0x00000059       0x5a src/ASF/sam0/drivers/system/pinmux/pinmux.o
 .comment       0x00000059       0x5a src/ASF/sam0/drivers/system/system.o
 .comment       0x00000059       0x5a src/ASF/sam0/drivers/tc/tc_interrupt.o
 .comment       0x00000059       0x5a src/ASF/sam0/drivers/tc/tc_sam_d_r_h/tc.o
 .comment       0x00000059       0x5a src/ASF/sam0/drivers/usb/stack_interface/usb_device_udd.o
 .comment       0x00000059       0x5a src/ASF/sam0/drivers/usb/usb_sam_d_r/usb.o
 .comment       0x00000059       0x5a src/ASF/sam0/utils/cmsis/samd21/source/gcc/startup_samd21.o
 .comment       0x00000059       0x5a src/main.o
 .comment       0x00000059       0x5a src/uart_samd.o

.debug_info     0x00000000    0x50169
 .debug_info    0x00000000     0x25f0 src/ASF/common/services/usb/class/cdc/device/example/samd21j18a_samd21_xplained_pro/ui.o
 .debug_info    0x000025f0      0xa8e src/ASF/common/services/sleepmgr/samd/sleepmgr.o
 .debug_info    0x0000307e     0x5503 src/ASF/common/services/usb/class/cdc/device/udi_cdc.o
 .debug_info    0x00008581     0x1322 src/ASF/common/services/usb/class/cdc/device/udi_cdc_desc.o
 .debug_info    0x000098a3     0x1f26 src/ASF/common/services/usb/udc/udc.o
 .debug_info    0x0000b7c9      0xb07 src/ASF/common/utils/interrupt/interrupt_sam_nvic.o
 .debug_info    0x0000c2d0     0x12ad src/ASF/sam0/boards/samd21_xplained_pro/board_init.o
 .debug_info    0x0000d57d     0x3da2 src/ASF/sam0/drivers/adc/adc_sam_d_r_h/adc.o
 .debug_info    0x0001131f     0x1b3c src/ASF/sam0/drivers/adc/adc_sam_d_r_h/adc_callback.o
 .debug_info    0x00012e5b     0x1944 src/ASF/sam0/drivers/extint/extint_callback.o
 .debug_info    0x0001479f     0x2b8e src/ASF/sam0/drivers/extint/extint_sam_d_r_h/extint.o
 .debug_info    0x0001732d     0x12b6 src/ASF/sam0/drivers/port/port.o
 .debug_info    0x000185e3     0x2e5a src/ASF/sam0/drivers/sercom/sercom.o
 .debug_info    0x0001b43d     0x2c18 src/ASF/sam0/drivers/sercom/sercom_interrupt.o
 .debug_info    0x0001e055     0x4bd4 src/ASF/sam0/drivers/sercom/usart/usart.o
 .debug_info    0x00022c29     0x3259 src/ASF/sam0/drivers/sercom/usart/usart_interrupt.o
 .debug_info    0x00025e82     0x3979 src/ASF/sam0/drivers/system/clock/clock_samd21_r21_da_ha1/clock.o
 .debug_info    0x000297fb     0x1ffa src/ASF/sam0/drivers/system/clock/clock_samd21_r21_da_ha1/gclk.o
 .debug_info    0x0002b7f5      0xf32 src/ASF/sam0/drivers/system/interrupt/system_interrupt.o
 .debug_info    0x0002c727     0x1437 src/ASF/sam0/drivers/system/pinmux/pinmux.o
 .debug_info    0x0002db5e      0xa73 src/ASF/sam0/drivers/system/system.o
 .debug_info    0x0002e5d1     0x1d9f src/ASF/sam0/drivers/tc/tc_interrupt.o
 .debug_info    0x00030370     0x2f9a src/ASF/sam0/drivers/tc/tc_sam_d_r_h/tc.o
 .debug_info    0x0003330a     0x7e11 src/ASF/sam0/drivers/usb/stack_interface/usb_device_udd.o
 .debug_info    0x0003b11b     0x530d src/ASF/sam0/drivers/usb/usb_sam_d_r/usb.o
 .debug_info    0x00040428     0x3a77 src/ASF/sam0/utils/cmsis/samd21/source/gcc/startup_samd21.o
 .debug_info    0x00043e9f     0x794f src/main.o
 .debug_info    0x0004b7ee     0x497b src/uart_samd.o

.debug_abbrev   0x00000000     0x685f
 .debug_abbrev  0x00000000      0x41b src/ASF/common/services/usb/class/cdc/device/example/samd21j18a_samd21_xplained_pro/ui.o
 .debug_abbrev  0x0000041b      0x1b2 src/ASF/common/services/sleepmgr/samd/sleepmgr.o
 .debug_abbrev  0x000005cd      0x4e0 src/ASF/common/services/usb/class/cdc/device/udi_cdc.o
 .debug_abbrev  0x00000aad      0x1e7 src/ASF/common/services/usb/class/cdc/device/udi_cdc_desc.o
 .debug_abbrev  0x00000c94      0x433 src/ASF/common/services/usb/udc/udc.o
 .debug_abbrev  0x000010c7      0x22c src/ASF/common/utils/interrupt/interrupt_sam_nvic.o
 .debug_abbrev  0x000012f3      0x2ed src/ASF/sam0/boards/samd21_xplained_pro/board_init.o
 .debug_abbrev  0x000015e0      0x45e src/ASF/sam0/drivers/adc/adc_sam_d_r_h/adc.o
 .debug_abbrev  0x00001a3e      0x3d2 src/ASF/sam0/drivers/adc/adc_sam_d_r_h/adc_callback.o
 .debug_abbrev  0x00001e10      0x347 src/ASF/sam0/drivers/extint/extint_callback.o
 .debug_abbrev  0x00002157      0x4d4 src/ASF/sam0/drivers/extint/extint_sam_d_r_h/extint.o
 .debug_abbrev  0x0000262b      0x298 src/ASF/sam0/drivers/port/port.o
 .debug_abbrev  0x000028c3      0x3a0 src/ASF/sam0/drivers/sercom/sercom.o
 .debug_abbrev  0x00002c63      0x2e8 src/ASF/sam0/drivers/sercom/sercom_interrupt.o
 .debug_abbrev  0x00002f4b      0x4b3 src/ASF/sam0/drivers/sercom/usart/usart.o
 .debug_abbrev  0x000033fe      0x48a src/ASF/sam0/drivers/sercom/usart/usart_interrupt.o
 .debug_abbrev  0x00003888      0x4da src/ASF/sam0/drivers/system/clock/clock_samd21_r21_da_ha1/clock.o
 .debug_abbrev  0x00003d62      0x469 src/ASF/sam0/drivers/system/clock/clock_samd21_r21_da_ha1/gclk.o
 .debug_abbrev  0x000041cb      0x253 src/ASF/sam0/drivers/system/interrupt/system_interrupt.o
 .debug_abbrev  0x0000441e      0x375 src/ASF/sam0/drivers/system/pinmux/pinmux.o
 .debug_abbrev  0x00004793      0x1e1 src/ASF/sam0/drivers/system/system.o
 .debug_abbrev  0x00004974      0x330 src/ASF/sam0/drivers/tc/tc_interrupt.o
 .debug_abbrev  0x00004ca4      0x482 src/ASF/sam0/drivers/tc/tc_sam_d_r_h/tc.o
 .debug_abbrev  0x00005126      0x6c7 src/ASF/sam0/drivers/usb/stack_interface/usb_device_udd.o
 .debug_abbrev  0x000057ed      0x4e9 src/ASF/sam0/drivers/usb/usb_sam_d_r/usb.o
 .debug_abbrev  0x00005cd6      0x24c src/ASF/sam0/utils/cmsis/samd21/source/gcc/startup_samd21.o
 .debug_abbrev  0x00005f22      0x551 src/main.o
 .debug_abbrev  0x00006473      0x3ec src/uart_samd.o

.debug_loc      0x00000000     0xd870
 .debug_loc     0x00000000      0x208 src/ASF/common/services/usb/class/cdc/device/example/samd21j18a_samd21_xplained_pro/ui.o
 .debug_loc     0x00000208     0x2104 src/ASF/common/services/usb/class/cdc/device/udi_cdc.o
 .debug_loc     0x0000230c      0xba4 src/ASF/common/services/usb/udc/udc.o
 .debug_loc     0x00002eb0       0x8b src/ASF/sam0/boards/samd21_xplained_pro/board_init.o
 .debug_loc     0x00002f3b      0xac3 src/ASF/sam0/drivers/adc/adc_sam_d_r_h/adc.o
 .debug_loc     0x000039fe      0x2a8 src/ASF/sam0/drivers/adc/adc_sam_d_r_h/adc_callback.o
 .debug_loc     0x00003ca6      0x218 src/ASF/sam0/drivers/extint/extint_callback.o
 .debug_loc     0x00003ebe      0x443 src/ASF/sam0/drivers/extint/extint_sam_d_r_h/extint.o
 .debug_loc     0x00004301      0x13d src/ASF/sam0/drivers/port/port.o
 .debug_loc     0x0000443e      0xb24 src/ASF/sam0/drivers/sercom/sercom.o
 .debug_loc     0x00004f62      0x1e9 src/ASF/sam0/drivers/sercom/sercom_interrupt.o
 .debug_loc     0x0000514b     0x10a8 src/ASF/sam0/drivers/sercom/usart/usart.o
 .debug_loc     0x000061f3      0x80c src/ASF/sam0/drivers/sercom/usart/usart_interrupt.o
 .debug_loc     0x000069ff      0xbb0 src/ASF/sam0/drivers/system/clock/clock_samd21_r21_da_ha1/clock.o
 .debug_loc     0x000075af      0x598 src/ASF/sam0/drivers/system/clock/clock_samd21_r21_da_ha1/gclk.o
 .debug_loc     0x00007b47      0x328 src/ASF/sam0/drivers/system/interrupt/system_interrupt.o
 .debug_loc     0x00007e6f      0x563 src/ASF/sam0/drivers/system/pinmux/pinmux.o
 .debug_loc     0x000083d2       0x20 src/ASF/sam0/drivers/system/system.o
 .debug_loc     0x000083f2      0x394 src/ASF/sam0/drivers/tc/tc_interrupt.o
 .debug_loc     0x00008786      0xf5a src/ASF/sam0/drivers/tc/tc_sam_d_r_h/tc.o
 .debug_loc     0x000096e0     0x197a src/ASF/sam0/drivers/usb/stack_interface/usb_device_udd.o
 .debug_loc     0x0000b05a     0x1f12 src/ASF/sam0/drivers/usb/usb_sam_d_r/usb.o
 .debug_loc     0x0000cf6c       0x20 src/ASF/sam0/utils/cmsis/samd21/source/gcc/startup_samd21.o
 .debug_loc     0x0000cf8c      0x491 src/main.o
 .debug_loc     0x0000d41d      0x453 src/uart_samd.o

.debug_aranges  0x00000000      0xad8
 .debug_aranges
                0x00000000       0x60 src/ASF/common/services/usb/class/cdc/device/example/samd21j18a_samd21_xplained_pro/ui.o
 .debug_aranges
                0x00000060       0x18 src/ASF/common/services/sleepmgr/samd/sleepmgr.o
 .debug_aranges
                0x00000078      0x158 src/ASF/common/services/usb/class/cdc/device/udi_cdc.o
 .debug_aranges
                0x000001d0       0x18 src/ASF/common/services/usb/class/cdc/device/udi_cdc_desc.o
 .debug_aranges
                0x000001e8       0x60 src/ASF/common/services/usb/udc/udc.o
 .debug_aranges
                0x00000248       0x28 src/ASF/common/utils/interrupt/interrupt_sam_nvic.o
 .debug_aranges
                0x00000270       0x20 src/ASF/sam0/boards/samd21_xplained_pro/board_init.o
 .debug_aranges
                0x00000290       0x38 src/ASF/sam0/drivers/adc/adc_sam_d_r_h/adc.o
 .debug_aranges
                0x000002c8       0x48 src/ASF/sam0/drivers/adc/adc_sam_d_r_h/adc_callback.o
 .debug_aranges
                0x00000310       0x48 src/ASF/sam0/drivers/extint/extint_callback.o
 .debug_aranges
                0x00000358       0x48 src/ASF/sam0/drivers/extint/extint_sam_d_r_h/extint.o
 .debug_aranges
                0x000003a0       0x28 src/ASF/sam0/drivers/port/port.o
 .debug_aranges
                0x000003c8       0x40 src/ASF/sam0/drivers/sercom/sercom.o
 .debug_aranges
                0x00000408       0x60 src/ASF/sam0/drivers/sercom/sercom_interrupt.o
 .debug_aranges
                0x00000468       0x40 src/ASF/sam0/drivers/sercom/usart/usart.o
 .debug_aranges
                0x000004a8       0x70 src/ASF/sam0/drivers/sercom/usart/usart_interrupt.o
 .debug_aranges
                0x00000518       0x78 src/ASF/sam0/drivers/system/clock/clock_samd21_r21_da_ha1/clock.o
 .debug_aranges
                0x00000590       0x80 src/ASF/sam0/drivers/system/clock/clock_samd21_r21_da_ha1/gclk.o
 .debug_aranges
                0x00000610       0x40 src/ASF/sam0/drivers/system/interrupt/system_interrupt.o
 .debug_aranges
                0x00000650       0x38 src/ASF/sam0/drivers/system/pinmux/pinmux.o
 .debug_aranges
                0x00000688       0x28 src/ASF/sam0/drivers/system/system.o
 .debug_aranges
                0x000006b0       0x58 src/ASF/sam0/drivers/tc/tc_interrupt.o
 .debug_aranges
                0x00000708       0x58 src/ASF/sam0/drivers/tc/tc_sam_d_r_h/tc.o
 .debug_aranges
                0x00000760      0x128 src/ASF/sam0/drivers/usb/stack_interface/usb_device_udd.o
 .debug_aranges
                0x00000888      0x158 src/ASF/sam0/drivers/usb/usb_sam_d_r/usb.o
 .debug_aranges
                0x000009e0       0x28 src/ASF/sam0/utils/cmsis/samd21/source/gcc/startup_samd21.o
 .debug_aranges
                0x00000a08       0x88 src/main.o
 .debug_aranges
                0x00000a90       0x48 src/uart_samd.o

.debug_ranges   0x00000000     0x2c18
 .debug_ranges  0x00000000       0x50 src/ASF/common/services/usb/class/cdc/device/example/samd21j18a_samd21_xplained_pro/ui.o
 .debug_ranges  0x00000050      0xc30 src/ASF/common/services/usb/class/cdc/device/udi_cdc.o
 .debug_ranges  0x00000c80      0x380 src/ASF/common/services/usb/udc/udc.o
 .debug_ranges  0x00001000       0x18 src/ASF/common/utils/interrupt/interrupt_sam_nvic.o
 .debug_ranges  0x00001018       0x30 src/ASF/sam0/boards/samd21_xplained_pro/board_init.o
 .debug_ranges  0x00001048      0x158 src/ASF/sam0/drivers/adc/adc_sam_d_r_h/adc.o
 .debug_ranges  0x000011a0       0x68 src/ASF/sam0/drivers/adc/adc_sam_d_r_h/adc_callback.o
 .debug_ranges  0x00001208       0x88 src/ASF/sam0/drivers/extint/extint_callback.o
 .debug_ranges  0x00001290      0x120 src/ASF/sam0/drivers/extint/extint_sam_d_r_h/extint.o
 .debug_ranges  0x000013b0       0x48 src/ASF/sam0/drivers/port/port.o
 .debug_ranges  0x000013f8       0xb8 src/ASF/sam0/drivers/sercom/sercom.o
 .debug_ranges  0x000014b0       0x68 src/ASF/sam0/drivers/sercom/sercom_interrupt.o
 .debug_ranges  0x00001518      0x1b0 src/ASF/sam0/drivers/sercom/usart/usart.o
 .debug_ranges  0x000016c8      0x1a0 src/ASF/sam0/drivers/sercom/usart/usart_interrupt.o
 .debug_ranges  0x00001868      0x1e8 src/ASF/sam0/drivers/system/clock/clock_samd21_r21_da_ha1/clock.o
 .debug_ranges  0x00001a50      0x1f8 src/ASF/sam0/drivers/system/clock/clock_samd21_r21_da_ha1/gclk.o
 .debug_ranges  0x00001c48       0x30 src/ASF/sam0/drivers/system/interrupt/system_interrupt.o
 .debug_ranges  0x00001c78       0xe8 src/ASF/sam0/drivers/system/pinmux/pinmux.o
 .debug_ranges  0x00001d60       0x18 src/ASF/sam0/drivers/system/system.o
 .debug_ranges  0x00001d78       0xc0 src/ASF/sam0/drivers/tc/tc_interrupt.o
 .debug_ranges  0x00001e38      0x120 src/ASF/sam0/drivers/tc/tc_sam_d_r_h/tc.o
 .debug_ranges  0x00001f58      0x7d0 src/ASF/sam0/drivers/usb/stack_interface/usb_device_udd.o
 .debug_ranges  0x00002728      0x218 src/ASF/sam0/drivers/usb/usb_sam_d_r/usb.o
 .debug_ranges  0x00002940       0x18 src/ASF/sam0/utils/cmsis/samd21/source/gcc/startup_samd21.o
 .debug_ranges  0x00002958      0x1a8 src/main.o
 .debug_ranges  0x00002b00      0x118 src/uart_samd.o

.debug_macro    0x00000000     0xa4f4
 .debug_macro   0x00000000      0x739 src/ASF/common/services/usb/class/cdc/device/example/samd21j18a_samd21_xplained_pro/ui.o
 .debug_macro   0x00000739      0x572 src/ASF/common/services/sleepmgr/samd/sleepmgr.o
 .debug_macro   0x00000cab      0x680 src/ASF/common/services/usb/class/cdc/device/udi_cdc.o
 .debug_macro   0x0000132b       0xb9 src/ASF/common/services/usb/class/cdc/device/udi_cdc.o
 .debug_macro   0x000013e4       0x16 src/ASF/common/services/usb/class/cdc/device/udi_cdc.o
 .debug_macro   0x000013fa      0x5e7 src/ASF/common/services/usb/class/cdc/device/udi_cdc_desc.o
 .debug_macro   0x000019e1      0x5d3 src/ASF/common/services/usb/udc/udc.o
 .debug_macro   0x00001fb4      0x512 src/ASF/common/utils/interrupt/interrupt_sam_nvic.o
 .debug_macro   0x000024c6      0x54d src/ASF/sam0/boards/samd21_xplained_pro/board_init.o
 .debug_macro   0x00002a13       0x12 src/ASF/sam0/boards/samd21_xplained_pro/board_init.o
 .debug_macro   0x00002a25      0x591 src/ASF/sam0/drivers/adc/adc_sam_d_r_h/adc.o
 .debug_macro   0x00002fb6      0x594 src/ASF/sam0/drivers/adc/adc_sam_d_r_h/adc_callback.o
 .debug_macro   0x0000354a      0x537 src/ASF/sam0/drivers/extint/extint_callback.o
 .debug_macro   0x00003a81       0x19 src/ASF/sam0/drivers/extint/extint_callback.o
 .debug_macro   0x00003a9a      0x591 src/ASF/sam0/drivers/extint/extint_sam_d_r_h/extint.o
 .debug_macro   0x0000402b       0x10 src/ASF/sam0/drivers/extint/extint_sam_d_r_h/extint.o
 .debug_macro   0x0000403b      0x52c src/ASF/sam0/drivers/port/port.o
 .debug_macro   0x00004567      0x59f src/ASF/sam0/drivers/sercom/sercom.o
 .debug_macro   0x00004b06      0x59c src/ASF/sam0/drivers/sercom/sercom_interrupt.o
 .debug_macro   0x000050a2      0x5b0 src/ASF/sam0/drivers/sercom/usart/usart.o
 .debug_macro   0x00005652       0x51 src/ASF/sam0/drivers/sercom/usart/usart.o
 .debug_macro   0x000056a3      0x5b0 src/ASF/sam0/drivers/sercom/usart/usart_interrupt.o
 .debug_macro   0x00005c53      0x591 src/ASF/sam0/drivers/system/clock/clock_samd21_r21_da_ha1/clock.o
 .debug_macro   0x000061e4      0x29d src/ASF/sam0/drivers/system/clock/clock_samd21_r21_da_ha1/clock.o
 .debug_macro   0x00006481      0x548 src/ASF/sam0/drivers/system/clock/clock_samd21_r21_da_ha1/gclk.o
 .debug_macro   0x000069c9      0x52c src/ASF/sam0/drivers/system/interrupt/system_interrupt.o
 .debug_macro   0x00006ef5      0x522 src/ASF/sam0/drivers/system/pinmux/pinmux.o
 .debug_macro   0x00007417       0x12 src/ASF/sam0/drivers/system/pinmux/pinmux.o
 .debug_macro   0x00007429      0x555 src/ASF/sam0/drivers/system/system.o
 .debug_macro   0x0000797e      0x580 src/ASF/sam0/drivers/tc/tc_interrupt.o
 .debug_macro   0x00007efe       0x19 src/ASF/sam0/drivers/tc/tc_interrupt.o
 .debug_macro   0x00007f17       0x51 src/ASF/sam0/drivers/tc/tc_interrupt.o
 .debug_macro   0x00007f68      0x59b src/ASF/sam0/drivers/tc/tc_sam_d_r_h/tc.o
 .debug_macro   0x00008503      0x6bc src/ASF/sam0/drivers/usb/stack_interface/usb_device_udd.o
 .debug_macro   0x00008bbf       0x52 src/ASF/sam0/drivers/usb/stack_interface/usb_device_udd.o
 .debug_macro   0x00008c11       0x8d src/ASF/sam0/drivers/usb/stack_interface/usb_device_udd.o
 .debug_macro   0x00008c9e       0x57 src/ASF/sam0/drivers/usb/stack_interface/usb_device_udd.o
 .debug_macro   0x00008cf5       0x10 src/ASF/sam0/drivers/usb/stack_interface/usb_device_udd.o
 .debug_macro   0x00008d05       0x1c src/ASF/sam0/drivers/usb/stack_interface/usb_device_udd.o
 .debug_macro   0x00008d21       0x1c src/ASF/sam0/drivers/usb/stack_interface/usb_device_udd.o
 .debug_macro   0x00008d3d      0x5dc src/ASF/sam0/drivers/usb/usb_sam_d_r/usb.o
 .debug_macro   0x00009319      0x2f9 src/ASF/sam0/utils/cmsis/samd21/source/gcc/startup_samd21.o
 .debug_macro   0x00009612       0x3a src/ASF/sam0/utils/cmsis/samd21/source/gcc/startup_samd21.o
 .debug_macro   0x0000964c      0x75c src/main.o
 .debug_macro   0x00009da8      0x74c src/uart_samd.o

.debug_line     0x00000000    0x177e2
 .debug_line    0x00000000     0x1013 src/ASF/common/services/usb/class/cdc/device/example/samd21j18a_samd21_xplained_pro/ui.o
 .debug_line    0x00001013      0xa61 src/ASF/common/services/sleepmgr/samd/sleepmgr.o
 .debug_line    0x00001a74     0x1edc src/ASF/common/services/usb/class/cdc/device/udi_cdc.o
 .debug_line    0x00003950      0xa34 src/ASF/common/services/usb/class/cdc/device/udi_cdc_desc.o
 .debug_line    0x00004384      0xda9 src/ASF/common/services/usb/udc/udc.o
 .debug_line    0x0000512d      0x8da src/ASF/common/utils/interrupt/interrupt_sam_nvic.o
 .debug_line    0x00005a07      0x999 src/ASF/sam0/boards/samd21_xplained_pro/board_init.o
 .debug_line    0x000063a0      0xd96 src/ASF/sam0/drivers/adc/adc_sam_d_r_h/adc.o
 .debug_line    0x00007136      0xbe5 src/ASF/sam0/drivers/adc/adc_sam_d_r_h/adc_callback.o
 .debug_line    0x00007d1b      0x9d4 src/ASF/sam0/drivers/extint/extint_callback.o
 .debug_line    0x000086ef      0xc85 src/ASF/sam0/drivers/extint/extint_sam_d_r_h/extint.o
 .debug_line    0x00009374      0x91e src/ASF/sam0/drivers/port/port.o
 .debug_line    0x00009c92      0xc4d src/ASF/sam0/drivers/sercom/sercom.o
 .debug_line    0x0000a8df      0xb76 src/ASF/sam0/drivers/sercom/sercom_interrupt.o
 .debug_line    0x0000b455      0xe69 src/ASF/sam0/drivers/sercom/usart/usart.o
 .debug_line    0x0000c2be      0xe16 src/ASF/sam0/drivers/sercom/usart/usart_interrupt.o
 .debug_line    0x0000d0d4      0xdbf src/ASF/sam0/drivers/system/clock/clock_samd21_r21_da_ha1/clock.o
 .debug_line    0x0000de93      0xd47 src/ASF/sam0/drivers/system/clock/clock_samd21_r21_da_ha1/gclk.o
 .debug_line    0x0000ebda      0x9bf src/ASF/sam0/drivers/system/interrupt/system_interrupt.o
 .debug_line    0x0000f599      0x9da src/ASF/sam0/drivers/system/pinmux/pinmux.o
 .debug_line    0x0000ff73      0x9fb src/ASF/sam0/drivers/system/system.o
 .debug_line    0x0001096e      0xb3c src/ASF/sam0/drivers/tc/tc_interrupt.o
 .debug_line    0x000114aa      0xdfa src/ASF/sam0/drivers/tc/tc_sam_d_r_h/tc.o
 .debug_line    0x000122a4     0x1a41 src/ASF/sam0/drivers/usb/stack_interface/usb_device_udd.o
 .debug_line    0x00013ce5     0x11bb src/ASF/sam0/drivers/usb/usb_sam_d_r/usb.o
 .debug_line    0x00014ea0      0x657 src/ASF/sam0/utils/cmsis/samd21/source/gcc/startup_samd21.o
 .debug_line    0x000154f7     0x11e3 src/main.o
 .debug_line    0x000166da     0x1108 src/uart_samd.o

.debug_str      0x00000000    0x96566
 .debug_str     0x00000000    0x8ab9e src/ASF/common/services/usb/class/cdc/device/example/samd21j18a_samd21_xplained_pro/ui.o
                              0x8b58c (size before relaxing)
 .debug_str     0x0008ab9e       0xa8 src/ASF/common/services/sleepmgr/samd/sleepmgr.o
                              0x826d2 (size before relaxing)
 .debug_str     0x0008ac46      0xdaa src/ASF/common/services/usb/class/cdc/device/udi_cdc.o
                              0x8a8cb (size before relaxing)
 .debug_str     0x0008b9f0      0x4fa src/ASF/common/services/usb/class/cdc/device/udi_cdc_desc.o
                              0x89fd4 (size before relaxing)
 .debug_str     0x0008beea      0x79f src/ASF/common/services/usb/udc/udc.o
                              0x88fb2 (size before relaxing)
 .debug_str     0x0008c689       0x65 src/ASF/common/utils/interrupt/interrupt_sam_nvic.o
                              0x8251e (size before relaxing)
 .debug_str     0x0008c6ee      0x13b src/ASF/sam0/boards/samd21_xplained_pro/board_init.o
                              0x8622e (size before relaxing)
 .debug_str     0x0008c829     0x1477 src/ASF/sam0/drivers/adc/adc_sam_d_r_h/adc.o
                              0x844a9 (size before relaxing)
 .debug_str     0x0008dca0      0x2ed src/ASF/sam0/drivers/adc/adc_sam_d_r_h/adc_callback.o
                              0x83274 (size before relaxing)
 .debug_str     0x0008df8d      0x408 src/ASF/sam0/drivers/extint/extint_callback.o
                              0x82d61 (size before relaxing)
 .debug_str     0x0008e395      0x6dd src/ASF/sam0/drivers/extint/extint_sam_d_r_h/extint.o
                              0x83d94 (size before relaxing)
 .debug_str     0x0008ea72       0x59 src/ASF/sam0/drivers/port/port.o
                              0x8294a (size before relaxing)
 .debug_str     0x0008eacb      0x98e src/ASF/sam0/drivers/sercom/sercom.o
                              0x83c11 (size before relaxing)
 .debug_str     0x0008f459      0x198 src/ASF/sam0/drivers/sercom/sercom_interrupt.o
                              0x83ab3 (size before relaxing)
 .debug_str     0x0008f5f1      0xace src/ASF/sam0/drivers/sercom/usart/usart.o
                              0x849d1 (size before relaxing)
 .debug_str     0x000900bf      0x1cc src/ASF/sam0/drivers/sercom/usart/usart_interrupt.o
                              0x83c10 (size before relaxing)
 .debug_str     0x0009028b     0x2461 src/ASF/sam0/drivers/system/clock/clock_samd21_r21_da_ha1/clock.o
                              0x8573a (size before relaxing)
 .debug_str     0x000926ec      0x1d9 src/ASF/sam0/drivers/system/clock/clock_samd21_r21_da_ha1/gclk.o
                              0x831e1 (size before relaxing)
 .debug_str     0x000928c5      0x1c1 src/ASF/sam0/drivers/system/interrupt/system_interrupt.o
                              0x82e84 (size before relaxing)
 .debug_str     0x00092a86      0x179 src/ASF/sam0/drivers/system/pinmux/pinmux.o
                              0x829c0 (size before relaxing)
 .debug_str     0x00092bff       0x47 src/ASF/sam0/drivers/system/system.o
                              0x825fb (size before relaxing)
 .debug_str     0x00092c46      0x3ec src/ASF/sam0/drivers/tc/tc_interrupt.o
                              0x832b3 (size before relaxing)
 .debug_str     0x00093032      0x52a src/ASF/sam0/drivers/tc/tc_sam_d_r_h/tc.o
                              0x83b73 (size before relaxing)
 .debug_str     0x0009355c     0x183e src/ASF/sam0/drivers/usb/stack_interface/usb_device_udd.o
                              0x8b629 (size before relaxing)
 .debug_str     0x00094d9a      0x80a src/ASF/sam0/drivers/usb/usb_sam_d_r/usb.o
                              0x85002 (size before relaxing)
 .debug_str     0x000955a4      0x8ac src/ASF/sam0/utils/cmsis/samd21/source/gcc/startup_samd21.o
                              0x6e3ed (size before relaxing)
 .debug_str     0x00095e50      0x636 src/main.o
                              0x8e58e (size before relaxing)
 .debug_str     0x00096486       0xe0 src/uart_samd.o
                              0x8cdd5 (size before relaxing)

.debug_frame    0x00000000     0x1e04
 .debug_frame   0x00000000      0x12c src/ASF/common/services/usb/class/cdc/device/example/samd21j18a_samd21_xplained_pro/ui.o
 .debug_frame   0x0000012c      0x4ec src/ASF/common/services/usb/class/cdc/device/udi_cdc.o
 .debug_frame   0x00000618      0x11c src/ASF/common/services/usb/udc/udc.o
 .debug_frame   0x00000734       0x30 src/ASF/common/utils/interrupt/interrupt_sam_nvic.o
 .debug_frame   0x00000764       0x30 src/ASF/sam0/boards/samd21_xplained_pro/board_init.o
 .debug_frame   0x00000794       0x94 src/ASF/sam0/drivers/adc/adc_sam_d_r_h/adc.o
 .debug_frame   0x00000828       0x84 src/ASF/sam0/drivers/adc/adc_sam_d_r_h/adc_callback.o
 .debug_frame   0x000008ac       0x8c src/ASF/sam0/drivers/extint/extint_callback.o
 .debug_frame   0x00000938       0xb4 src/ASF/sam0/drivers/extint/extint_sam_d_r_h/extint.o
 .debug_frame   0x000009ec       0x44 src/ASF/sam0/drivers/port/port.o
 .debug_frame   0x00000a30       0xa0 src/ASF/sam0/drivers/sercom/sercom.o
 .debug_frame   0x00000ad0       0xe8 src/ASF/sam0/drivers/sercom/sercom_interrupt.o
 .debug_frame   0x00000bb8       0xb0 src/ASF/sam0/drivers/sercom/usart/usart.o
 .debug_frame   0x00000c68      0x128 src/ASF/sam0/drivers/sercom/usart/usart_interrupt.o
 .debug_frame   0x00000d90      0x154 src/ASF/sam0/drivers/system/clock/clock_samd21_r21_da_ha1/clock.o
 .debug_frame   0x00000ee4      0x154 src/ASF/sam0/drivers/system/clock/clock_samd21_r21_da_ha1/gclk.o
 .debug_frame   0x00001038       0x6c src/ASF/sam0/drivers/system/interrupt/system_interrupt.o
 .debug_frame   0x000010a4       0x84 src/ASF/sam0/drivers/system/pinmux/pinmux.o
 .debug_frame   0x00001128       0x38 src/ASF/sam0/drivers/system/system.o
 .debug_frame   0x00001160       0xd8 src/ASF/sam0/drivers/tc/tc_interrupt.o
 .debug_frame   0x00001238       0xc0 src/ASF/sam0/drivers/tc/tc_sam_d_r_h/tc.o
 .debug_frame   0x000012f8      0x3d0 src/ASF/sam0/drivers/usb/stack_interface/usb_device_udd.o
 .debug_frame   0x000016c8      0x3d4 src/ASF/sam0/drivers/usb/usb_sam_d_r/usb.o
 .debug_frame   0x00001a9c       0x40 src/ASF/sam0/utils/cmsis/samd21/source/gcc/startup_samd21.o
 .debug_frame   0x00001adc      0x18c src/main.o
 .debug_frame   0x00001c68       0xb4 src/uart_samd.o
 .debug_frame   0x00001d1c       0x20 c:/program files (x86)/atmel/studio/7.0/toolchain/arm/arm-gnu-toolchain/bin/../lib/gcc/arm-none-eabi/6.3.1/thumb/v6-m\libgcc.a(_udivsi3.o)
 .debug_frame   0x00001d3c       0x20 c:/program files (x86)/atmel/studio/7.0/toolchain/arm/arm-gnu-toolchain/bin/../lib/gcc/arm-none-eabi/6.3.1/thumb/v6-m\libgcc.a(_divsi3.o)
 .debug_frame   0x00001d5c       0x34 c:/program files (x86)/atmel/studio/7.0/toolchain/arm/arm-gnu-toolchain/bin/../lib/gcc/arm-none-eabi/6.3.1/thumb/v6-m\libgcc.a(_muldi3.o)
 .debug_frame   0x00001d90       0x2c c:/program files (x86)/atmel/studio/7.0/toolchain/arm/arm-gnu-toolchain/bin/../lib/gcc/arm-none-eabi/6.3.1/../../../../arm-none-eabi/lib/thumb/v6-m\libc_nano.a(lib_a-init.o)
 .debug_frame   0x00001dbc       0x28 c:/program files (x86)/atmel/studio/7.0/toolchain/arm/arm-gnu-toolchain/bin/../lib/gcc/arm-none-eabi/6.3.1/../../../../arm-none-eabi/lib/thumb/v6-m\libc_nano.a(lib_a-memcpy-stub.o)
 .debug_frame   0x00001de4       0x20 c:/program files (x86)/atmel/studio/7.0/toolchain/arm/arm-gnu-toolchain/bin/../lib/gcc/arm-none-eabi/6.3.1/../../../../arm-none-eabi/lib/thumb/v6-m\libc_nano.a(lib_a-memset.o)

Cross Reference Table

Symbol                                            File
AC_Handler                                        src/ASF/sam0/utils/cmsis/samd21/source/gcc/startup_samd21.o
ADC_Handler                                       src/ASF/sam0/drivers/adc/adc_sam_d_r_h/adc_callback.o
DAC_Handler                                       src/ASF/sam0/utils/cmsis/samd21/source/gcc/startup_samd21.o
DMAC_Handler                                      src/ASF/sam0/utils/cmsis/samd21/source/gcc/startup_samd21.o
Dummy_Handler                                     src/ASF/sam0/utils/cmsis/samd21/source/gcc/startup_samd21.o
EIC_Handler                                       src/ASF/sam0/drivers/extint/extint_callback.o
EVSYS_Handler                                     src/ASF/sam0/utils/cmsis/samd21/source/gcc/startup_samd21.o
HardFault_Handler                                 src/ASF/sam0/utils/cmsis/samd21/source/gcc/startup_samd21.o
I2S_Handler                                       src/ASF/sam0/utils/cmsis/samd21/source/gcc/startup_samd21.o
NMI_Handler                                       src/ASF/sam0/utils/cmsis/samd21/source/gcc/startup_samd21.o
NVMCTRL_Handler                                   src/ASF/sam0/utils/cmsis/samd21/source/gcc/startup_samd21.o
PM_Handler                                        src/ASF/sam0/utils/cmsis/samd21/source/gcc/startup_samd21.o
PTC_Handler                                       src/ASF/sam0/utils/cmsis/samd21/source/gcc/startup_samd21.o
PendSV_Handler                                    src/ASF/sam0/utils/cmsis/samd21/source/gcc/startup_samd21.o
RTC_Handler                                       src/ASF/sam0/utils/cmsis/samd21/source/gcc/startup_samd21.o
Reset_Handler                                     src/ASF/sam0/utils/cmsis/samd21/source/gcc/startup_samd21.o
SERCOM0_Handler                                   src/ASF/sam0/drivers/sercom/sercom_interrupt.o
SERCOM1_Handler                                   src/ASF/sam0/drivers/sercom/sercom_interrupt.o
SERCOM2_Handler                                   src/ASF/sam0/drivers/sercom/sercom_interrupt.o
SERCOM3_Handler                                   src/ASF/sam0/drivers/sercom/sercom_interrupt.o
SERCOM4_Handler                                   src/ASF/sam0/drivers/sercom/sercom_interrupt.o
SERCOM5_Handler                                   src/ASF/sam0/drivers/sercom/sercom_interrupt.o
SVC_Handler                                       src/ASF/sam0/utils/cmsis/samd21/source/gcc/startup_samd21.o
SYSCTRL_Handler                                   src/ASF/sam0/utils/cmsis/samd21/source/gcc/startup_samd21.o
SysTick_Handler                                   src/ASF/sam0/utils/cmsis/samd21/source/gcc/startup_samd21.o
SystemCoreClock                                   src/ASF/sam0/utils/cmsis/samd21/source/system_samd21.o
SystemCoreClockUpdate                             src/ASF/sam0/utils/cmsis/samd21/source/system_samd21.o
SystemInit                                        src/ASF/sam0/utils/cmsis/samd21/source/system_samd21.o
TC3_Handler                                       src/ASF/sam0/drivers/tc/tc_interrupt.o
TC4_Handler                                       src/ASF/sam0/drivers/tc/tc_interrupt.o
TC5_Handler                                       src/ASF/sam0/drivers/tc/tc_interrupt.o
TC6_Handler                                       src/ASF/sam0/drivers/tc/tc_interrupt.o
TC7_Handler                                       src/ASF/sam0/drivers/tc/tc_interrupt.o
TCC0_Handler                                      src/ASF/sam0/utils/cmsis/samd21/source/gcc/startup_samd21.o
TCC1_Handler                                      src/ASF/sam0/utils/cmsis/samd21/source/gcc/startup_samd21.o
TCC2_Handler                                      src/ASF/sam0/utils/cmsis/samd21/source/gcc/startup_samd21.o
USB_Handler                                       src/ASF/sam0/drivers/usb/usb_sam_d_r/usb.o
WDT_Handler                                       src/ASF/sam0/utils/cmsis/samd21/source/gcc/startup_samd21.o
_Jv_RegisterClasses                               c:/program files (x86)/atmel/studio/7.0/toolchain/arm/arm-gnu-toolchain/bin/../lib/gcc/arm-none-eabi/6.3.1/thumb/v6-m/crtbegin.o
__aeabi_idiv                                      c:/program files (x86)/atmel/studio/7.0/toolchain/arm/arm-gnu-toolchain/bin/../lib/gcc/arm-none-eabi/6.3.1/thumb/v6-m\libgcc.a(_divsi3.o)
                                                  c:/program files (x86)/atmel/studio/7.0/toolchain/arm/arm-gnu-toolchain/bin/../lib/gcc/arm-none-eabi/6.3.1/../../../../arm-none-eabi/lib/thumb/v6-m\libc_nano.a(lib_a-fvwrite.o)
                                                  src/adc_configure.o
__aeabi_idiv0                                     c:/program files (x86)/atmel/studio/7.0/toolchain/arm/arm-gnu-toolchain/bin/../lib/gcc/arm-none-eabi/6.3.1/thumb/v6-m\libgcc.a(_dvmd_tls.o)
                                                  c:/program files (x86)/atmel/studio/7.0/toolchain/arm/arm-gnu-toolchain/bin/../lib/gcc/arm-none-eabi/6.3.1/thumb/v6-m\libgcc.a(_divsi3.o)
                                                  c:/program files (x86)/atmel/studio/7.0/toolchain/arm/arm-gnu-toolchain/bin/../lib/gcc/arm-none-eabi/6.3.1/thumb/v6-m\libgcc.a(_udivsi3.o)
__aeabi_idivmod                                   c:/program files (x86)/atmel/studio/7.0/toolchain/arm/arm-gnu-toolchain/bin/../lib/gcc/arm-none-eabi/6.3.1/thumb/v6-m\libgcc.a(_divsi3.o)
                                                  src/ASF/sam0/drivers/usb/stack_interface/usb_device_udd.o
__aeabi_ldiv0                                     c:/program files (x86)/atmel/studio/7.0/toolchain/arm/arm-gnu-toolchain/bin/../lib/gcc/arm-none-eabi/6.3.1/thumb/v6-m\libgcc.a(_dvmd_tls.o)
__aeabi_lmul                                      c:/program files (x86)/atmel/studio/7.0/toolchain/arm/arm-gnu-toolchain/bin/../lib/gcc/arm-none-eabi/6.3.1/thumb/v6-m\libgcc.a(_muldi3.o)
                                                  src/ASF/sam0/drivers/sercom/sercom.o
__aeabi_uidiv                                     c:/program files (x86)/atmel/studio/7.0/toolchain/arm/arm-gnu-toolchain/bin/../lib/gcc/arm-none-eabi/6.3.1/thumb/v6-m\libgcc.a(_udivsi3.o)
                                                  c:/program files (x86)/atmel/studio/7.0/toolchain/arm/arm-gnu-toolchain/bin/../lib/gcc/arm-none-eabi/6.3.1/../../../../arm-none-eabi/lib/thumb/v6-m\libc_nano.a(lib_a-nano-vfprintf_i.o)
                                                  src/ASF/sam0/drivers/system/clock/clock_samd21_r21_da_ha1/gclk.o
                                                  src/ASF/sam0/drivers/system/clock/clock_samd21_r21_da_ha1/clock.o
                                                  src/adc_configure.o
__aeabi_uidivmod                                  c:/program files (x86)/atmel/studio/7.0/toolchain/arm/arm-gnu-toolchain/bin/../lib/gcc/arm-none-eabi/6.3.1/thumb/v6-m\libgcc.a(_udivsi3.o)
                                                  c:/program files (x86)/atmel/studio/7.0/toolchain/arm/arm-gnu-toolchain/bin/../lib/gcc/arm-none-eabi/6.3.1/../../../../arm-none-eabi/lib/thumb/v6-m\libc_nano.a(lib_a-nano-vfprintf_i.o)
                                                  src/ASF/sam0/drivers/usb/stack_interface/usb_device_udd.o
                                                  src/ASF/common/services/usb/class/cdc/device/example/samd21j18a_samd21_xplained_pro/ui.o
__bss_end__                                       c:/program files (x86)/atmel/studio/7.0/toolchain/arm/arm-gnu-toolchain/bin/../lib/gcc/arm-none-eabi/6.3.1/../../../../arm-none-eabi/lib/thumb/v6-m/crt0.o
__bss_start__                                     c:/program files (x86)/atmel/studio/7.0/toolchain/arm/arm-gnu-toolchain/bin/../lib/gcc/arm-none-eabi/6.3.1/../../../../arm-none-eabi/lib/thumb/v6-m/crt0.o
__call_exitprocs                                  c:/program files (x86)/atmel/studio/7.0/toolchain/arm/arm-gnu-toolchain/bin/../lib/gcc/arm-none-eabi/6.3.1/../../../../arm-none-eabi/lib/thumb/v6-m\libc_nano.a(lib_a-exit.o)