Archive member included to satisfy reference by file (symbol)

c:/program files (x86)/atmel/studio/7.0/toolchain/arm/arm-gnu-toolchain/bin/../lib/gcc/arm-none-eabi/6.3.1/thumb/v6-m\libgcc.a(_udivsi3.o)
                              src/adc_configure.o (__aeabi_uidiv)
c:/program files (x86)/atmel/studio/7.0/toolchain/arm/arm-gnu-toolchain/bin/../lib/gcc/arm-none-eabi/6.3.1/thumb/v6-m\libgcc.a(_divsi3.o)
                              src/adc_configure.o (__aeabi_idiv)
c:/program files (x86)/atmel/studio/7.0/toolchain/arm/arm-gnu-toolchain/bin/../lib/gcc/arm-none-eabi/6.3.1/thumb/v6-m\libgcc.a(_dvmd_tls.o)
                              c:/program files (x86)/atmel/studio/7.0/toolchain/arm/arm-gnu-toolchain/bin/../lib/gcc/arm-none-eabi/6.3.1/thumb/v6-m\libgcc.a(_udivsi3.o) (__aeabi_idiv0)
c:/program files (x86)/atmel/studio/7.0/toolchain/arm/arm-gnu-toolchain/bin/../lib/gcc/arm-none-eabi/6.3.1/thumb/v6-m\libgcc.a(_clzsi2.o)
                              src/ASF/sam0/drivers/usb/usb_sam_d_r/usb.o (__clzsi2)
c:/program files (x86)/atmel/studio/7.0/toolchain/arm/arm-gnu-toolchain/bin/../lib/gcc/arm-none-eabi/6.3.1/thumb/v6-m\libgcc.a(_ctzsi2.o)
                              src/ASF/sam0/drivers/usb/usb_sam_d_r/usb.o (__ctzsi2)
c:/program files (x86)/atmel/studio/7.0/toolchain/arm/arm-gnu-toolchain/bin/../lib/gcc/arm-none-eabi/6.3.1/thumb/v6-m\libgcc.a(_muldi3.o)
                              src/ASF/sam0/drivers/sercom/sercom.o (__aeabi_lmul)
c:/program files (x86)/atmel/studio/7.0/toolchain/arm/arm-gnu-toolchain/bin/../lib/gcc/arm-none-eabi/6.3.1/../../../../arm-none-eabi/lib/thumb/v6-m\libc_nano.a(lib_a-exit.o)
                              c:/program files (x86)/atmel/studio/7.0/toolchain/arm/arm-gnu-toolchain/bin/../lib/gcc/arm-none-eabi/6.3.1/../../../../arm-none-eabi/lib/thumb/v6-m/crt0.o (exit)
c:/program files (x86)/atmel/studio/7.0/toolchain/arm/arm-gnu-toolchain/bin/../lib/gcc/arm-none-eabi/6.3.1/../../../../arm-none-eabi/lib/thumb/v6-m\libc_nano.a(lib_a-impure.o)
                              c:/program files (x86)/atmel/studio/7.0/toolchain/arm/arm-gnu-toolchain/bin/../lib/gcc/arm-none-eabi/6.3.1/../../../../arm-none-eabi/lib/thumb/v6-m\libc_nano.a(lib_a-exit.o) (_global_impure_ptr)
c:/program files (x86)/atmel/studio/7.0/toolchain/arm/arm-gnu-toolchain/bin/../lib/gcc/arm-none-eabi/6.3.1/../../../../arm-none-eabi/lib/thumb/v6-m\libc_nano.a(lib_a-init.o)
                              c:/program files (x86)/atmel/studio/7.0/toolchain/arm/arm-gnu-toolchain/bin/../lib/gcc/arm-none-eabi/6.3.1/../../../../arm-none-eabi/lib/thumb/v6-m/crt0.o (__libc_init_array)
c:/program files (x86)/atmel/studio/7.0/toolchain/arm/arm-gnu-toolchain/bin/../lib/gcc/arm-none-eabi/6.3.1/../../../../arm-none-eabi/lib/thumb/v6-m\libc_nano.a(lib_a-memcpy-stub.o)
                              src/ASF/common/services/usb/class/cdc/device/udi_cdc.o (memcpy)
c:/program files (x86)/atmel/studio/7.0/toolchain/arm/arm-gnu-toolchain/bin/../lib/gcc/arm-none-eabi/6.3.1/../../../../arm-none-eabi/lib/thumb/v6-m\libc_nano.a(lib_a-memset.o)
                              c:/program files (x86)/atmel/studio/7.0/toolchain/arm/arm-gnu-toolchain/bin/../lib/gcc/arm-none-eabi/6.3.1/../../../../arm-none-eabi/lib/thumb/v6-m/crt0.o (memset)
c:/program files (x86)/atmel/studio/7.0/toolchain/arm/arm-gnu-toolchain/bin/../lib/gcc/arm-none-eabi/6.3.1/../../../../arm-none-eabi/lib/thumb/v6-m\libc_nano.a(lib_a-printf.o)
                              src/adc_configure.o (printf)
c:/program files (x86)/atmel/studio/7.0/toolchain/arm/arm-gnu-toolchain/bin/../lib/gcc/arm-none-eabi/6.3.1/../../../../arm-none-eabi/lib/thumb/v6-m\libc_nano.a(lib_a-puts.o)
                              src/adc_configure.o (puts)
c:/program files (x86)/atmel/studio/7.0/toolchain/arm/arm-gnu-toolchain/bin/../lib/gcc/arm-none-eabi/6.3.1/../../../../arm-none-eabi/lib/thumb/v6-m\libc_nano.a(lib_a-rget.o)
                              src/adc_configure.o (__srget_r)
c:/program files (x86)/atmel/studio/7.0/toolchain/arm/arm-gnu-toolchain/bin/../lib/gcc/arm-none-eabi/6.3.1/../../../../arm-none-eabi/lib/thumb/v6-m\libc_nano.a(lib_a-wbuf.o)
                              c:/program files (x86)/atmel/studio/7.0/toolchain/arm/arm-gnu-toolchain/bin/../lib/gcc/arm-none-eabi/6.3.1/../../../../arm-none-eabi/lib/thumb/v6-m\libc_nano.a(lib_a-puts.o) (__swbuf_r)
c:/program files (x86)/atmel/studio/7.0/toolchain/arm/arm-gnu-toolchain/bin/../lib/gcc/arm-none-eabi/6.3.1/../../../../arm-none-eabi/lib/thumb/v6-m\libc_nano.a(lib_a-wsetup.o)
                              c:/program files (x86)/atmel/studio/7.0/toolchain/arm/arm-gnu-toolchain/bin/../lib/gcc/arm-none-eabi/6.3.1/../../../../arm-none-eabi/lib/thumb/v6-m\libc_nano.a(lib_a-puts.o) (__swsetup_r)
c:/program files (x86)/atmel/studio/7.0/toolchain/arm/arm-gnu-toolchain/bin/../lib/gcc/arm-none-eabi/6.3.1/../../../../arm-none-eabi/lib/thumb/v6-m\libc_nano.a(lib_a-fflush.o)
[...]
Memory Configuration

Name             Origin             Length             Attributes
rom              0x00000000         0x00040000         xr
ram              0x20000000         0x00008000         xrw
*default*        0x00000000         0xffffffff

Linker script and memory map

LOAD c:/program files (x86)/atmel/studio/7.0/toolchain/arm/arm-gnu-toolchain/bin/../lib/gcc/arm-none-eabi/6.3.1/thumb/v6-m/crti.o
LOAD c:/program files (x86)/atmel/studio/7.0/toolchain/arm/arm-gnu-toolchain/bin/../lib/gcc/arm-none-eabi/6.3.1/thumb/v6-m/crtbegin.o
LOAD c:/program files (x86)/atmel/studio/7.0/toolchain/arm/arm-gnu-toolchain/bin/../lib/gcc/arm-none-eabi/6.3.1/../../../../arm-none-eabi/lib/thumb/v6-m/crt0.o
LOAD src/adc_configure.o
LOAD src/ASF/common/services/usb/class/cdc/device/example/samd21j18a_samd21_xplained_pro/ui.o
LOAD src/ASF/common/services/sleepmgr/samd/sleepmgr.o
LOAD src/ASF/common/services/usb/class/cdc/device/udi_cdc.o
LOAD src/ASF/common/services/usb/class/cdc/device/udi_cdc_desc.o
LOAD src/ASF/common/services/usb/udc/udc.o
LOAD src/ASF/common/utils/interrupt/interrupt_sam_nvic.o
LOAD src/ASF/sam0/boards/samd21_xplained_pro/board_init.o
LOAD src/ASF/sam0/drivers/adc/adc_sam_d_r_h/adc.o
LOAD src/ASF/sam0/drivers/adc/adc_sam_d_r_h/adc_callback.o
LOAD src/ASF/sam0/drivers/extint/extint_callback.o
LOAD src/ASF/sam0/drivers/extint/extint_sam_d_r_h/extint.o
LOAD src/ASF/sam0/drivers/port/port.o
LOAD src/ASF/sam0/drivers/sercom/sercom.o
LOAD src/ASF/sam0/drivers/sercom/sercom_interrupt.o
LOAD src/ASF/sam0/drivers/sercom/usart/usart.o
LOAD src/ASF/sam0/drivers/sercom/usart/usart_interrupt.o
LOAD src/ASF/sam0/drivers/system/clock/clock_samd21_r21_da_ha1/clock.o
LOAD src/ASF/sam0/drivers/system/clock/clock_samd21_r21_da_ha1/gclk.o
LOAD src/ASF/sam0/drivers/system/interrupt/system_interrupt.o
LOAD src/ASF/sam0/drivers/system/pinmux/pinmux.o
LOAD src/ASF/sam0/drivers/system/system.o
LOAD src/ASF/sam0/drivers/tc/tc_interrupt.o
LOAD src/ASF/sam0/drivers/tc/tc_sam_d_r_h/tc.o
LOAD src/ASF/sam0/drivers/usb/stack_interface/usb_device_udd.o
LOAD src/ASF/sam0/drivers/usb/stack_interface/usb_dual.o
LOAD src/ASF/sam0/drivers/usb/usb_sam_d_r/usb.o
LOAD src/ASF/sam0/utils/cmsis/samd21/source/gcc/startup_samd21.o
LOAD src/ASF/sam0/utils/cmsis/samd21/source/system_samd21.o
LOAD src/ASF/sam0/utils/syscalls/gcc/syscalls.o
LOAD src/main.o
LOAD src/uart_samd.o
START GROUP
LOAD ../src/ASF/thirdparty/CMSIS/Lib/GCC\libarm_cortexM0l_math.a
LOAD c:/program files (x86)/atmel/studio/7.0/toolchain/arm/arm-gnu-toolchain/bin/../lib/gcc/arm-none-eabi/6.3.1/../../../../arm-none-eabi/lib/thumb/v6-m\libm.a
END GROUP
START GROUP
LOAD c:/program files (x86)/atmel/studio/7.0/toolchain/arm/arm-gnu-toolchain/bin/../lib/gcc/arm-none-eabi/6.3.1/thumb/v6-m\libgcc.a
LOAD c:/program files (x86)/atmel/studio/7.0/toolchain/arm/arm-gnu-toolchain/bin/../lib/gcc/arm-none-eabi/6.3.1/../../../../arm-none-eabi/lib/thumb/v6-m\libc_nano.a
END GROUP
START GROUP
LOAD c:/program files (x86)/atmel/studio/7.0/toolchain/arm/arm-gnu-toolchain/bin/../lib/gcc/arm-none-eabi/6.3.1/thumb/v6-m\libgcc.a
LOAD c:/program files (x86)/atmel/studio/7.0/toolchain/arm/arm-gnu-toolchain/bin/../lib/gcc/arm-none-eabi/6.3.1/../../../../arm-none-eabi/lib/thumb/v6-m\libc_nano.a
END GROUP
LOAD c:/program files (x86)/atmel/studio/7.0/toolchain/arm/arm-gnu-toolchain/bin/../lib/gcc/arm-none-eabi/6.3.1/thumb/v6-m/crtend.o
LOAD c:/program files (x86)/atmel/studio/7.0/toolchain/arm/arm-gnu-toolchain/bin/../lib/gcc/arm-none-eabi/6.3.1/thumb/v6-m/crtn.o
                0x00002000                STACK_SIZE = DEFINED (STACK_SIZE)?STACK_SIZE:DEFINED (__stack_size__)?__stack_size__:0x2000

.text           0x00000000     0x57a0
                0x00000000                . = ALIGN (0x4)
                0x00000000                _sfixed = .
 *(.vectors .vectors.*)
 .vectors       0x00000000       0xb4 src/ASF/sam0/utils/cmsis/samd21/source/gcc/startup_samd21.o
                0x00000000                exception_table
 *(.text .text.* .gnu.linkonce.t.*)
 .text          0x000000b4       0x60 c:/program files (x86)/atmel/studio/7.0/toolchain/arm/arm-gnu-toolchain/bin/../lib/gcc/arm-none-eabi/6.3.1/thumb/v6-m/crtbegin.o
 .text.ui_wakeup_handler
                0x00000114       0x18 src/ASF/common/services/usb/class/cdc/device/example/samd21j18a_samd21_xplained_pro/ui.o
 .text.ui_init  0x0000012c       0x5c src/ASF/common/services/usb/class/cdc/device/example/samd21j18a_samd21_xplained_pro/ui.o
                0x0000012c                ui_init
 .text.ui_powerdown
                0x00000188       0x10 src/ASF/common/services/usb/class/cdc/device/example/samd21j18a_samd21_xplained_pro/ui.o
                0x00000188                ui_powerdown
 .text.ui_wakeup_enable
                0x00000198       0x10 src/ASF/common/services/usb/class/cdc/device/example/samd21j18a_samd21_xplained_pro/ui.o
                0x00000198                ui_wakeup_enable
 .text.ui_wakeup_disable
                0x000001a8       0x10 src/ASF/common/services/usb/class/cdc/device/example/samd21j18a_samd21_xplained_pro/ui.o
                0x000001a8                ui_wakeup_disable
 .text.ui_wakeup
                0x000001b8       0x10 src/ASF/common/services/usb/class/cdc/device/example/samd21j18a_samd21_xplained_pro/ui.o
                0x000001b8                ui_wakeup
 .text.ui_com_open
                0x000001c8        0x2 src/ASF/common/services/usb/class/cdc/device/example/samd21j18a_samd21_xplained_pro/ui.o
                0x000001c8                ui_com_open
 .text.ui_com_close
                0x000001ca        0x2 src/ASF/common/services/usb/class/cdc/device/example/samd21j18a_samd21_xplained_pro/ui.o
                0x000001ca                ui_com_close
 .text.ui_com_rx_start
                0x000001cc        0x2 src/ASF/common/services/usb/class/cdc/device/example/samd21j18a_samd21_xplained_pro/ui.o
                0x000001cc                ui_com_rx_start
 .text.ui_com_rx_stop
                0x000001ce        0x2 src/ASF/common/services/usb/class/cdc/device/example/samd21j18a_samd21_xplained_pro/ui.o
                0x000001ce                ui_com_rx_stop
 .text.ui_com_tx_start
                0x000001d0        0x2 src/ASF/common/services/usb/class/cdc/device/example/samd21j18a_samd21_xplained_pro/ui.o
                0x000001d0                ui_com_tx_start
 .text.ui_com_tx_stop
                0x000001d2        0x2 src/ASF/common/services/usb/class/cdc/device/example/samd21j18a_samd21_xplained_pro/ui.o
                0x000001d2                ui_com_tx_stop
 .text.ui_com_overflow
                0x000001d4        0x2 src/ASF/common/services/usb/class/cdc/device/example/samd21j18a_samd21_xplained_pro/ui.o
                0x000001d4                ui_com_overflow
 *fill*         0x000001d6        0x2 
 .text.ui_process
                0x000001d8       0x34 src/ASF/common/services/usb/class/cdc/device/example/samd21j18a_samd21_xplained_pro/ui.o
                0x000001d8                ui_process
 .text.udi_cdc_comm_disable
                0x0000020c       0x10 src/ASF/common/services/usb/class/cdc/device/udi_cdc.o
                0x0000020c                udi_cdc_comm_disable
 .text.udi_cdc_data_setup
                0x0000021c        0x4 src/ASF/common/services/usb/class/cdc/device/udi_cdc.o
                0x0000021c                udi_cdc_data_setup
 .text.udi_cdc_getsetting
                0x00000220        0x4 src/ASF/common/services/usb/class/cdc/device/udi_cdc.o
                0x00000220                udi_cdc_getsetting
 .text.udi_cdc_line_coding_received
                0x00000224       0x14 src/ASF/common/services/usb/class/cdc/device/udi_cdc.o
 .text.udi_cdc_comm_enable
                0x00000238       0x68 src/ASF/common/services/usb/class/cdc/device/udi_cdc.o
                0x00000238                udi_cdc_comm_enable
 .text.udi_cdc_tx_send
                0x000002a0      0x158 src/ASF/common/services/usb/class/cdc/device/udi_cdc.o
 .text.udi_cdc_data_sent
                0x000003f8       0x3c src/ASF/common/services/usb/class/cdc/device/udi_cdc.o
 .text.udi_cdc_data_sof_notify
                0x00000434       0x10 src/ASF/common/services/usb/class/cdc/device/udi_cdc.o
                0x00000434                udi_cdc_data_sof_notify
 .text.udi_cdc_ctrl_state_notify
                0x00000444       0x4c src/ASF/common/services/usb/class/cdc/device/udi_cdc.o
 .text.udi_cdc_ctrl_state_change
                0x00000490       0x5c src/ASF/common/services/usb/class/cdc/device/udi_cdc.o
 .text.udi_cdc_serial_state_msg_sent
                0x000004ec       0x34 src/ASF/common/services/usb/class/cdc/device/udi_cdc.o
 .text.udi_cdc_data_disable
                0x00000520       0x28 src/ASF/common/services/usb/class/cdc/device/udi_cdc.o
                0x00000520                udi_cdc_data_disable
 .text.udi_cdc_comm_setup
                0x00000548       0x94 src/ASF/common/services/usb/class/cdc/device/udi_cdc.o
                0x00000548                udi_cdc_comm_setup
 .text.udi_cdc_signal_overrun
                0x000005dc       0x14 src/ASF/common/services/usb/class/cdc/device/udi_cdc.o
                0x000005dc                udi_cdc_signal_overrun
 .text.udi_cdc_multi_get_nb_received_data
                0x000005f0       0x50 src/ASF/common/services/usb/class/cdc/device/udi_cdc.o
                0x000005f0                udi_cdc_multi_get_nb_received_data
 .text.udi_cdc_multi_is_rx_ready
                0x00000640       0x14 src/ASF/common/services/usb/class/cdc/device/udi_cdc.o
                0x00000640                udi_cdc_multi_is_rx_ready
 .text.udi_cdc_rx_start
                0x00000654       0xc8 src/ASF/common/services/usb/class/cdc/device/udi_cdc.o
 .text.udi_cdc_data_enable
                0x0000071c       0x90 src/ASF/common/services/usb/class/cdc/device/udi_cdc.o
                0x0000071c                udi_cdc_data_enable
 .text.udi_cdc_data_received
                0x000007ac       0x64 src/ASF/common/services/usb/class/cdc/device/udi_cdc.o
 .text.udi_cdc_is_rx_ready
                0x00000810       0x10 src/ASF/common/services/usb/class/cdc/device/udi_cdc.o
                0x00000810                udi_cdc_is_rx_ready
 .text.udi_cdc_multi_getc
                0x00000820       0xcc src/ASF/common/services/usb/class/cdc/device/udi_cdc.o
                0x00000820                udi_cdc_multi_getc
 .text.udi_cdc_getc
                0x000008ec       0x10 src/ASF/common/services/usb/class/cdc/device/udi_cdc.o
                0x000008ec                udi_cdc_getc
 .text.udi_cdc_multi_get_free_tx_buffer
                0x000008fc       0x7c src/ASF/common/services/usb/class/cdc/device/udi_cdc.o
                0x000008fc                udi_cdc_multi_get_free_tx_buffer
 .text.udi_cdc_multi_is_tx_ready
                0x00000978       0x14 src/ASF/common/services/usb/class/cdc/device/udi_cdc.o
                0x00000978                udi_cdc_multi_is_tx_ready
 .text.udi_cdc_is_tx_ready
                0x0000098c       0x10 src/ASF/common/services/usb/class/cdc/device/udi_cdc.o
                0x0000098c                udi_cdc_is_tx_ready
 .text.udi_cdc_multi_putc
                0x0000099c       0xb8 src/ASF/common/services/usb/class/cdc/device/udi_cdc.o
                0x0000099c                udi_cdc_multi_putc
 .text.udi_cdc_putc
                0x00000a54       0x10 src/ASF/common/services/usb/class/cdc/device/udi_cdc.o
                0x00000a54                udi_cdc_putc
 .text.udc_next_desc_in_iface
                0x00000a64       0x4c src/ASF/common/services/usb/udc/udc.o
 .text.udc_valid_address
                0x00000ab0       0x18 src/ASF/common/services/usb/udc/udc.o
 .text.udc_update_iface_desc
                0x00000ac8       0x74 src/ASF/common/services/usb/udc/udc.o
 .text.udc_iface_disable
                0x00000b3c       0x6c src/ASF/common/services/usb/udc/udc.o
 .text.udc_iface_enable
                0x00000ba8       0x58 src/ASF/common/services/usb/udc/udc.o
 .text.udc_start
                0x00000c00        0xc src/ASF/common/services/usb/udc/udc.o
                0x00000c00                udc_start
 .text.udc_reset
                0x00000c0c       0x4c src/ASF/common/services/usb/udc/udc.o
                0x00000c0c                udc_reset
 .text.udc_sof_notify
                0x00000c58       0x44 src/ASF/common/services/usb/udc/udc.o
                0x00000c58                udc_sof_notify
 .text.udc_process_setup
                0x00000c9c      0x440 src/ASF/common/services/usb/udc/udc.o
                0x00000c9c                udc_process_setup
 .text.cpu_irq_enter_critical
                0x000010dc       0x40 src/ASF/common/utils/interrupt/interrupt_sam_nvic.o
                0x000010dc                cpu_irq_enter_critical
 .text.cpu_irq_leave_critical
                0x0000111c       0x30 src/ASF/common/utils/interrupt/interrupt_sam_nvic.o
                0x0000111c                cpu_irq_leave_critical
 .text.system_board_init
                0x0000114c       0x38 src/ASF/sam0/boards/samd21_xplained_pro/board_init.o
                0x0000114c                board_init
                0x0000114c                system_board_init
 .text.adc_get_config_defaults
                0x00001184       0x46 src/ASF/sam0/drivers/adc/adc_sam_d_r_h/adc.o
                0x00001184                adc_get_config_defaults
 *fill*         0x000011ca        0x2 
 .text.adc_init
                0x000011cc      0x428 src/ASF/sam0/drivers/adc/adc_sam_d_r_h/adc.o
                0x000011cc                adc_init
 .text.ADC_Handler
                0x000015f4       0x9c src/ASF/sam0/drivers/adc/adc_sam_d_r_h/adc_callback.o
                0x000015f4                ADC_Handler
 .text.adc_register_callback
                0x00001690       0x14 src/ASF/sam0/drivers/adc/adc_sam_d_r_h/adc_callback.o
                0x00001690                adc_register_callback
 .text.adc_read_buffer_job
                0x000016a4       0x4c src/ASF/sam0/drivers/adc/adc_sam_d_r_h/adc_callback.o
                0x000016a4                adc_read_buffer_job
 .text.extint_register_callback
                0x000016f0       0x2c src/ASF/sam0/drivers/extint/extint_callback.o
                0x000016f0                extint_register_callback
 .text.extint_chan_enable_callback
                0x0000171c       0x20 src/ASF/sam0/drivers/extint/extint_callback.o
                0x0000171c                extint_chan_enable_callback
 .text.extint_chan_disable_callback
                0x0000173c       0x20 src/ASF/sam0/drivers/extint/extint_callback.o
                0x0000173c                extint_chan_disable_callback
 .text.EIC_Handler
                0x0000175c       0x54 src/ASF/sam0/drivers/extint/extint_callback.o
                0x0000175c                EIC_Handler
 .text._extint_enable
                0x000017b0       0x18 src/ASF/sam0/drivers/extint/extint_sam_d_r_h/extint.o
 .text._system_extint_init
                0x000017c8       0x6c src/ASF/sam0/drivers/extint/extint_sam_d_r_h/extint.o
                0x000017c8                _system_extint_init
 .text.extint_chan_get_config_defaults
                0x00001834       0x14 src/ASF/sam0/drivers/extint/extint_sam_d_r_h/extint.o
                0x00001834                extint_chan_get_config_defaults
 .text.extint_chan_set_config
                0x00001848       0x78 src/ASF/sam0/drivers/extint/extint_sam_d_r_h/extint.o
                0x00001848                extint_chan_set_config
 .text.port_pin_set_config
                0x000018c0       0x24 src/ASF/sam0/drivers/port/port.o
                0x000018c0                port_pin_set_config
 .text.long_division
                0x000018e4       0xba src/ASF/sam0/drivers/sercom/sercom.o
 .text._sercom_get_sync_baud_val
                0x0000199e       0x28 src/ASF/sam0/drivers/sercom/sercom.o
                0x0000199e                _sercom_get_sync_baud_val
 *fill*         0x000019c6        0x2 
 .text._sercom_get_async_baud_val
                0x000019c8       0x94 src/ASF/sam0/drivers/sercom/sercom.o
                0x000019c8                _sercom_get_async_baud_val
 .text.sercom_set_gclk_generator
                0x00001a5c       0x4c src/ASF/sam0/drivers/sercom/sercom.o
                0x00001a5c                sercom_set_gclk_generator
 .text._sercom_get_default_pad
                0x00001aa8      0x178 src/ASF/sam0/drivers/sercom/sercom.o
                0x00001aa8                _sercom_get_default_pad
 .text._sercom_get_sercom_inst_index
                0x00001c20       0x38 src/ASF/sam0/drivers/sercom/sercom.o
                0x00001c20                _sercom_get_sercom_inst_index
 .text._sercom_default_handler
                0x00001c58        0x2 src/ASF/sam0/drivers/sercom/sercom_interrupt.o
 *fill*         0x00001c5a        0x2 
 .text._sercom_set_handler
                0x00001c5c       0x3c src/ASF/sam0/drivers/sercom/sercom_interrupt.o
                0x00001c5c                _sercom_set_handler
 .text._sercom_get_interrupt_vector
                0x00001c98       0x30 src/ASF/sam0/drivers/sercom/sercom_interrupt.o
                0x00001c98                _sercom_get_interrupt_vector
 .text.SERCOM0_Handler
                0x00001cc8       0x10 src/ASF/sam0/drivers/sercom/sercom_interrupt.o
                0x00001cc8                SERCOM0_Handler
 .text.SERCOM1_Handler
                0x00001cd8       0x10 src/ASF/sam0/drivers/sercom/sercom_interrupt.o
                0x00001cd8                SERCOM1_Handler
 .text.SERCOM2_Handler
                0x00001ce8       0x10 src/ASF/sam0/drivers/sercom/sercom_interrupt.o
                0x00001ce8                SERCOM2_Handler
 .text.SERCOM3_Handler
                0x00001cf8       0x10 src/ASF/sam0/drivers/sercom/sercom_interrupt.o
                0x00001cf8                SERCOM3_Handler
 .text.SERCOM4_Handler
                0x00001d08       0x10 src/ASF/sam0/drivers/sercom/sercom_interrupt.o
                0x00001d08                SERCOM4_Handler
 .text.SERCOM5_Handler
                0x00001d18       0x10 src/ASF/sam0/drivers/sercom/sercom_interrupt.o
                0x00001d18                SERCOM5_Handler
 .text.usart_init
                0x00001d28      0x344 src/ASF/sam0/drivers/sercom/usart/usart.o
                0x00001d28                usart_init
 .text._usart_write_buffer
                0x0000206c       0x3c src/ASF/sam0/drivers/sercom/usart/usart_interrupt.o
                0x0000206c                _usart_write_buffer
 .text._usart_read_buffer
                0x000020a8       0x50 src/ASF/sam0/drivers/sercom/usart/usart_interrupt.o
                0x000020a8                _usart_read_buffer
 .text.usart_register_callback
                0x000020f8       0x18 src/ASF/sam0/drivers/sercom/usart/usart_interrupt.o
                0x000020f8                usart_register_callback
 .text.usart_write_buffer_job
                0x00002110       0x20 src/ASF/sam0/drivers/sercom/usart/usart_interrupt.o
                0x00002110                usart_write_buffer_job
 .text.usart_read_buffer_job
                0x00002130       0x20 src/ASF/sam0/drivers/sercom/usart/usart_interrupt.o
                0x00002130                usart_read_buffer_job
 .text._usart_interrupt_handler
                0x00002150      0x194 src/ASF/sam0/drivers/sercom/usart/usart_interrupt.o
                0x00002150                _usart_interrupt_handler
 .text.system_clock_source_get_hz
                0x000022e4       0x90 src/ASF/sam0/drivers/system/clock/clock_samd21_r21_da_ha1/clock.o
                0x000022e4                system_clock_source_get_hz
 .text.system_clock_source_osc8m_set_config
                0x00002374       0x3c src/ASF/sam0/drivers/system/clock/clock_samd21_r21_da_ha1/clock.o
                0x00002374                system_clock_source_osc8m_set_config
 .text.system_clock_source_dfll_set_config
                0x000023b0       0x80 src/ASF/sam0/drivers/system/clock/clock_samd21_r21_da_ha1/clock.o
                0x000023b0                system_clock_source_dfll_set_config
 .text.system_clock_source_enable
                0x00002430       0xa8 src/ASF/sam0/drivers/system/clock/clock_samd21_r21_da_ha1/clock.o
                0x00002430                system_clock_source_enable
 .text.system_clock_init
                0x000024d8      0x118 src/ASF/sam0/drivers/system/clock/clock_samd21_r21_da_ha1/clock.o
                0x000024d8                system_clock_init
 .text.system_gclk_init
                0x000025f0       0x24 src/ASF/sam0/drivers/system/clock/clock_samd21_r21_da_ha1/gclk.o
                0x000025f0                system_gclk_init
 .text.system_gclk_gen_set_config
                0x00002614       0xb8 src/ASF/sam0/drivers/system/clock/clock_samd21_r21_da_ha1/gclk.o
                0x00002614                system_gclk_gen_set_config
 .text.system_gclk_gen_enable
                0x000026cc       0x44 src/ASF/sam0/drivers/system/clock/clock_samd21_r21_da_ha1/gclk.o
                0x000026cc                system_gclk_gen_enable
 .text.system_gclk_gen_get_hz
                0x00002710       0x8c src/ASF/sam0/drivers/system/clock/clock_samd21_r21_da_ha1/gclk.o
                0x00002710                system_gclk_gen_get_hz
 .text.system_gclk_chan_enable
                0x0000279c       0x30 src/ASF/sam0/drivers/system/clock/clock_samd21_r21_da_ha1/gclk.o
                0x0000279c                system_gclk_chan_enable
 .text.system_gclk_chan_disable
                0x000027cc       0x5c src/ASF/sam0/drivers/system/clock/clock_samd21_r21_da_ha1/gclk.o
                0x000027cc                system_gclk_chan_disable
 .text.system_gclk_chan_set_config
                0x00002828       0x1c src/ASF/sam0/drivers/system/clock/clock_samd21_r21_da_ha1/gclk.o
                0x00002828                system_gclk_chan_set_config
 .text.system_gclk_chan_get_hz
                0x00002844       0x34 src/ASF/sam0/drivers/system/clock/clock_samd21_r21_da_ha1/gclk.o
                0x00002844                system_gclk_chan_get_hz
 .text.system_interrupt_set_priority
                0x00002878       0x58 src/ASF/sam0/drivers/system/interrupt/system_interrupt.o
                0x00002878                system_interrupt_set_priority
 .text._system_pinmux_config
                0x000028d0       0xa8 src/ASF/sam0/drivers/system/pinmux/pinmux.o
 .text.system_pinmux_pin_set_config
                0x00002978       0x30 src/ASF/sam0/drivers/system/pinmux/pinmux.o
                0x00002978                system_pinmux_pin_set_config
 .text._system_dummy_init
                0x000029a8        0x2 src/ASF/sam0/drivers/system/system.o
                0x000029a8                _system_events_init
                0x000029a8                _system_dummy_init
                0x000029a8                _system_divas_init
 *fill*         0x000029aa        0x2 
 .text.system_init
                0x000029ac       0x2c src/ASF/sam0/drivers/system/system.o
                0x000029ac                system_init
 .text.tc_register_callback
                0x000029d8       0x32 src/ASF/sam0/drivers/tc/tc_interrupt.o
                0x000029d8                tc_register_callback
 *fill*         0x00002a0a        0x2 
 .text._tc_interrupt_handler
                0x00002a0c       0x64 src/ASF/sam0/drivers/tc/tc_interrupt.o
                0x00002a0c                _tc_interrupt_handler
 .text.TC3_Handler
                0x00002a70       0x10 src/ASF/sam0/drivers/tc/tc_interrupt.o
                0x00002a70                TC3_Handler
 .text.TC4_Handler
                0x00002a80       0x10 src/ASF/sam0/drivers/tc/tc_interrupt.o
                0x00002a80                TC4_Handler
 .text.TC5_Handler
                0x00002a90       0x10 src/ASF/sam0/drivers/tc/tc_interrupt.o
                0x00002a90                TC5_Handler
 .text.TC6_Handler
                0x00002aa0       0x10 src/ASF/sam0/drivers/tc/tc_interrupt.o
                0x00002aa0                TC6_Handler
 .text.TC7_Handler
                0x00002ab0       0x10 src/ASF/sam0/drivers/tc/tc_interrupt.o
                0x00002ab0                TC7_Handler
 .text._tc_get_inst_index
                0x00002ac0       0x3c src/ASF/sam0/drivers/tc/tc_sam_d_r_h/tc.o
                0x00002ac0                _tc_get_inst_index
 .text.tc_init  0x00002afc      0x240 src/ASF/sam0/drivers/tc/tc_sam_d_r_h/tc.o
                0x00002afc                tc_init
 .text.udd_sleep_mode
                0x00002d3c       0xc0 src/ASF/sam0/drivers/usb/stack_interface/usb_device_udd.o
 .text.udd_ep_get_job
                0x00002dfc       0x24 src/ASF/sam0/drivers/usb/stack_interface/usb_device_udd.o
 .text.udd_ep_transfer_process
                0x00002e20      0x1b4 src/ASF/sam0/drivers/usb/stack_interface/usb_device_udd.o
 .text.udd_ctrl_stall_data
                0x00002fd4       0x2c src/ASF/sam0/drivers/usb/stack_interface/usb_device_udd.o
 .text._usb_device_lpm_suspend
                0x00003000       0x5c src/ASF/sam0/drivers/usb/stack_interface/usb_device_udd.o
 .text._usb_on_wakeup
                0x0000305c       0x70 src/ASF/sam0/drivers/usb/stack_interface/usb_device_udd.o
 .text._usb_on_bus_reset
                0x000030cc       0xb0 src/ASF/sam0/drivers/usb/stack_interface/usb_device_udd.o
 .text.udd_ctrl_send_zlp_in
                0x0000317c       0x3c src/ASF/sam0/drivers/usb/stack_interface/usb_device_udd.o
 .text._usb_ep0_on_tansfer_fail
                0x000031b8       0x54 src/ASF/sam0/drivers/usb/stack_interface/usb_device_udd.o
 .text.udd_ctrl_in_sent
                0x0000320c       0xa8 src/ASF/sam0/drivers/usb/stack_interface/usb_device_udd.o
 .text._usb_ep0_on_setup
                0x000032b4       0xe4 src/ASF/sam0/drivers/usb/stack_interface/usb_device_udd.o
 .text._usb_on_sof_notify
                0x00003398       0x14 src/ASF/sam0/drivers/usb/stack_interface/usb_device_udd.o
 .text._usb_on_suspend
                0x000033ac       0x34 src/ASF/sam0/drivers/usb/stack_interface/usb_device_udd.o
 .text.udd_ep_abort
                0x000033e0       0x3c src/ASF/sam0/drivers/usb/stack_interface/usb_device_udd.o
                0x000033e0                udd_ep_abort
 .text.udd_is_high_speed
                0x0000341c        0x4 src/ASF/sam0/drivers/usb/stack_interface/usb_device_udd.o
                0x0000341c                udd_is_high_speed
 .text.udd_get_frame_number
                0x00003420       0x10 src/ASF/sam0/drivers/usb/stack_interface/usb_device_udd.o
                0x00003420                udd_get_frame_number
 .text.udd_get_micro_frame_number
                0x00003430       0x10 src/ASF/sam0/drivers/usb/stack_interface/usb_device_udd.o
                0x00003430                udd_get_micro_frame_number
 .text.udd_ep_free
                0x00003440       0x58 src/ASF/sam0/drivers/usb/stack_interface/usb_device_udd.o
                0x00003440                udd_ep_free
 .text.udd_ep_alloc
                0x00003498      0x108 src/ASF/sam0/drivers/usb/stack_interface/usb_device_udd.o
                0x00003498                udd_ep_alloc
 .text.udd_ep_is_halted
                0x000035a0       0x14 src/ASF/sam0/drivers/usb/stack_interface/usb_device_udd.o
                0x000035a0                udd_ep_is_halted
 .text.udd_ep_set_halt
                0x000035b4       0x30 src/ASF/sam0/drivers/usb/stack_interface/usb_device_udd.o
                0x000035b4                udd_ep_set_halt
 .text._usb_ep0_on_tansfer_ok
                0x000035e4      0x100 src/ASF/sam0/drivers/usb/stack_interface/usb_device_udd.o
 .text.udd_ep_clear_halt
                0x000036e4       0x44 src/ASF/sam0/drivers/usb/stack_interface/usb_device_udd.o
                0x000036e4                udd_ep_clear_halt
 .text.udd_ep_run
                0x00003728      0x1d8 src/ASF/sam0/drivers/usb/stack_interface/usb_device_udd.o
                0x00003728                udd_ep_run
 .text.udd_set_address
                0x00003900       0x10 src/ASF/sam0/drivers/usb/stack_interface/usb_device_udd.o
                0x00003900                udd_set_address
 .text.udd_getaddress
                0x00003910       0x10 src/ASF/sam0/drivers/usb/stack_interface/usb_device_udd.o
                0x00003910                udd_getaddress
 .text.udd_send_remotewakeup
                0x00003920       0x58 src/ASF/sam0/drivers/usb/stack_interface/usb_device_udd.o
                0x00003920                udd_send_remotewakeup
 .text.udd_set_setup_payload
                0x00003978        0xc src/ASF/sam0/drivers/usb/stack_interface/usb_device_udd.o
                0x00003978                udd_set_setup_payload
 .text.udd_detach
                0x00003984       0x20 src/ASF/sam0/drivers/usb/stack_interface/usb_device_udd.o
                0x00003984                udd_detach
 .text.udd_attach
                0x000039a4       0x84 src/ASF/sam0/drivers/usb/stack_interface/usb_device_udd.o
                0x000039a4                udd_attach
 .text._uhd_vbus_handler
                0x00003a28       0x3c src/ASF/sam0/drivers/usb/stack_interface/usb_device_udd.o
 .text.udd_enable
                0x00003a64       0xf8 src/ASF/sam0/drivers/usb/stack_interface/usb_device_udd.o
                0x00003a64                udd_enable
 .text.usb_device_register_callback
                0x00003b5c       0x24 src/ASF/sam0/drivers/usb/usb_sam_d_r/usb.o
                0x00003b5c                usb_device_register_callback
 .text.usb_device_enable_callback
                0x00003b80       0x20 src/ASF/sam0/drivers/usb/usb_sam_d_r/usb.o
                0x00003b80                usb_device_enable_callback
 .text.usb_device_disable_callback
                0x00003ba0       0x1c src/ASF/sam0/drivers/usb/usb_sam_d_r/usb.o
                0x00003ba0                usb_device_disable_callback
 .text.usb_device_endpoint_register_callback
                0x00003bbc       0x28 src/ASF/sam0/drivers/usb/usb_sam_d_r/usb.o
                0x00003bbc                usb_device_endpoint_register_callback
 .text.usb_device_endpoint_unregister_callback
                0x00003be4       0x28 src/ASF/sam0/drivers/usb/usb_sam_d_r/usb.o
                0x00003be4                usb_device_endpoint_unregister_callback
 .text.usb_device_endpoint_enable_callback
                0x00003c0c       0xd0 src/ASF/sam0/drivers/usb/usb_sam_d_r/usb.o
                0x00003c0c                usb_device_endpoint_enable_callback
 .text.usb_device_endpoint_disable_callback
                0x00003cdc       0xd0 src/ASF/sam0/drivers/usb/usb_sam_d_r/usb.o
                0x00003cdc                usb_device_endpoint_disable_callback
 .text.usb_device_endpoint_get_config_defaults
                0x00003dac        0xe src/ASF/sam0/drivers/usb/usb_sam_d_r/usb.o
                0x00003dac                usb_device_endpoint_get_config_defaults
 *fill*         0x00003dba        0x2 
 .text.usb_device_endpoint_set_config
                0x00003dbc      0x244 src/ASF/sam0/drivers/usb/usb_sam_d_r/usb.o
                0x00003dbc                usb_device_endpoint_set_config
 .text.usb_device_endpoint_abort_job
                0x00004000       0x36 src/ASF/sam0/drivers/usb/usb_sam_d_r/usb.o
                0x00004000                usb_device_endpoint_abort_job
 .text.usb_device_endpoint_is_halted
                0x00004036       0x2a src/ASF/sam0/drivers/usb/usb_sam_d_r/usb.o
                0x00004036                usb_device_endpoint_is_halted
 .text.usb_device_endpoint_set_halt
                0x00004060       0x26 src/ASF/sam0/drivers/usb/usb_sam_d_r/usb.o
                0x00004060                usb_device_endpoint_set_halt
 .text.usb_device_endpoint_clear_halt
                0x00004086       0x84 src/ASF/sam0/drivers/usb/usb_sam_d_r/usb.o
                0x00004086                usb_device_endpoint_clear_halt
 *fill*         0x0000410a        0x2 
 .text.usb_device_endpoint_write_buffer_job
                0x0000410c       0x54 src/ASF/sam0/drivers/usb/usb_sam_d_r/usb.o
                0x0000410c                usb_device_endpoint_write_buffer_job
 .text.usb_device_endpoint_read_buffer_job
                0x00004160       0x50 src/ASF/sam0/drivers/usb/usb_sam_d_r/usb.o
                0x00004160                usb_device_endpoint_read_buffer_job
 .text.usb_device_endpoint_setup_buffer_job
                0x000041b0       0x30 src/ASF/sam0/drivers/usb/usb_sam_d_r/usb.o
                0x000041b0                usb_device_endpoint_setup_buffer_job
 .text.usb_enable
                0x000041e0       0x14 src/ASF/sam0/drivers/usb/usb_sam_d_r/usb.o
                0x000041e0                usb_enable
 .text.USB_Handler
                0x000041f4      0x5c8 src/ASF/sam0/drivers/usb/usb_sam_d_r/usb.o
                0x000041f4                USB_Handler
 .text.usb_get_config_defaults
                0x000047bc        0xe src/ASF/sam0/drivers/usb/usb_sam_d_r/usb.o
                0x000047bc                usb_get_config_defaults
 *fill*         0x000047ca        0x2 
 .text.usb_init
                0x000047cc      0x200 src/ASF/sam0/drivers/usb/usb_sam_d_r/usb.o
                0x000047cc                usb_init
 .text.Dummy_Handler
                0x000049cc        0x2 src/ASF/sam0/utils/cmsis/samd21/source/gcc/startup_samd21.o
                0x000049cc                DMAC_Handler
                0x000049cc                HardFault_Handler
                0x000049cc                AC_Handler
                0x000049cc                SysTick_Handler
                0x000049cc                PendSV_Handler
                0x000049cc                NMI_Handler
                0x000049cc                TCC1_Handler
                0x000049cc                TCC0_Handler
                0x000049cc                RTC_Handler
                0x000049cc                WDT_Handler
                0x000049cc                Dummy_Handler
                0x000049cc                PM_Handler
                0x000049cc                SVC_Handler
                0x000049cc                TCC2_Handler
                0x000049cc                EVSYS_Handler
                0x000049cc                I2S_Handler
                0x000049cc                NVMCTRL_Handler
                0x000049cc                DAC_Handler
                0x000049cc                PTC_Handler
                0x000049cc                SYSCTRL_Handler
 *fill*         0x000049ce        0x2 
 .text.Reset_Handler
                0x000049d0       0xe4 src/ASF/sam0/utils/cmsis/samd21/source/gcc/startup_samd21.o
                0x000049d0                Reset_Handler
 .text.tc_callback
                0x00004ab4       0x2c src/main.o
                0x00004ab4                tc_callback
 .text.adc_complete_callback
                0x00004ae0       0x94 src/main.o
                0x00004ae0                adc_complete_callback
 .text.configure_tc_callbacks
                0x00004b74       0x4c src/main.o
                0x00004b74                configure_tc_callbacks
 .text.configure_adc
                0x00004bc0       0x7c src/main.o
                0x00004bc0                configure_adc
 .text.configure_adc_callbacks
                0x00004c3c       0x24 src/main.o
                0x00004c3c                configure_adc_callbacks
 .text.main     0x00004c60      0x1b4 src/main.o
                0x00004c60                main
 .text.main_suspend_action
                0x00004e14        0xc src/main.o
                0x00004e14                main_suspend_action
 .text.main_resume_action
                0x00004e20        0xc src/main.o
                0x00004e20                main_resume_action
 .text.main_sof_action
                0x00004e2c       0x24 src/main.o
                0x00004e2c                main_sof_action
 .text.main_suspend_lpm_action
                0x00004e50        0xc src/main.o
                0x00004e50                main_suspend_lpm_action
 .text.main_remotewakeup_lpm_disable
                0x00004e5c        0xc src/main.o
                0x00004e5c                main_remotewakeup_lpm_disable
 .text.main_remotewakeup_lpm_enable
                0x00004e68        0xc src/main.o
                0x00004e68                main_remotewakeup_lpm_enable
 .text.main_cdc_enable
                0x00004e74       0x18 src/main.o
                0x00004e74                main_cdc_enable
 .text.main_cdc_disable
                0x00004e8c       0x18 src/main.o
                0x00004e8c                main_cdc_disable
 .text.main_cdc_set_dtr
                0x00004ea4       0x1c src/main.o
                0x00004ea4                main_cdc_set_dtr
 .text.usart_rx_callback
                0x00004ec0       0x54 src/uart_samd.o
 .text.usart_tx_callback
                0x00004f14       0x60 src/uart_samd.o
 .text.uart_rx_notify
                0x00004f74       0x48 src/uart_samd.o
                0x00004f74                uart_rx_notify
 .text.uart_config
                0x00004fbc      0x194 src/uart_samd.o
                0x00004fbc                uart_config
 .text.uart_open
                0x00005150       0x38 src/uart_samd.o
                0x00005150                uart_open
 .text.uart_close
                0x00005188       0x38 src/uart_samd.o
                0x00005188                uart_close
 .text          0x000051c0      0x114 c:/program files (x86)/atmel/studio/7.0/toolchain/arm/arm-gnu-toolchain/bin/../lib/gcc/arm-none-eabi/6.3.1/thumb/v6-m\libgcc.a(_udivsi3.o)
                0x000051c0                __aeabi_uidiv
                0x000051c0                __udivsi3
                0x000052cc                __aeabi_uidivmod
 .text          0x000052d4      0x1d4 c:/program files (x86)/atmel/studio/7.0/toolchain/arm/arm-gnu-toolchain/bin/../lib/gcc/arm-none-eabi/6.3.1/thumb/v6-m\libgcc.a(_divsi3.o)
                0x000052d4                __divsi3
                0x000052d4                __aeabi_idiv
                0x000054a0                __aeabi_idivmod
 .text          0x000054a8        0x4 c:/program files (x86)/atmel/studio/7.0/toolchain/arm/arm-gnu-toolchain/bin/../lib/gcc/arm-none-eabi/6.3.1/thumb/v6-m\libgcc.a(_dvmd_tls.o)
                0x000054a8                __aeabi_idiv0
                0x000054a8                __aeabi_ldiv0
 .text          0x000054ac       0x40 c:/program files (x86)/atmel/studio/7.0/toolchain/arm/arm-gnu-toolchain/bin/../lib/gcc/arm-none-eabi/6.3.1/thumb/v6-m\libgcc.a(_ctzsi2.o)
                0x000054ac                __ctzsi2
 .text          0x000054ec       0x54 c:/program files (x86)/atmel/studio/7.0/toolchain/arm/arm-gnu-toolchain/bin/../lib/gcc/arm-none-eabi/6.3.1/thumb/v6-m\libgcc.a(_muldi3.o)
                0x000054ec                __muldi3
                0x000054ec                __aeabi_lmul
 .text.__libc_init_array
                0x00005540       0x48 c:/program files (x86)/atmel/studio/7.0/toolchain/arm/arm-gnu-toolchain/bin/../lib/gcc/arm-none-eabi/6.3.1/../../../../arm-none-eabi/lib/thumb/v6-m\libc_nano.a(lib_a-init.o)
                0x00005540                __libc_init_array
 .text.memcpy   0x00005588       0x12 c:/program files (x86)/atmel/studio/7.0/toolchain/arm/arm-gnu-toolchain/bin/../lib/gcc/arm-none-eabi/6.3.1/../../../../arm-none-eabi/lib/thumb/v6-m\libc_nano.a(lib_a-memcpy-stub.o)
                0x00005588                memcpy
 .text.memset   0x0000559a       0x10 c:/program files (x86)/atmel/studio/7.0/toolchain/arm/arm-gnu-toolchain/bin/../lib/gcc/arm-none-eabi/6.3.1/../../../../arm-none-eabi/lib/thumb/v6-m\libc_nano.a(lib_a-memset.o)
                0x0000559a                memset
 *(.glue_7t)
 .glue_7t       0x000055aa        0x0 linker stubs
 *(.glue_7)
 .glue_7        0x000055aa        0x0 linker stubs
 *(.rodata .rodata* .gnu.linkonce.r.*)
 *fill*         0x000055aa        0x2 
 .rodata.adc_init
                0x000055ac       0xd4 src/ASF/sam0/drivers/adc/adc_sam_d_r_h/adc.o
 .rodata        0x00005680       0x50 src/ASF/sam0/drivers/adc/adc_sam_d_r_h/adc.o
 .rodata        0x000056d0       0x18 src/ASF/sam0/drivers/sercom/sercom.o
 .rodata.system_clock_source_get_hz
                0x000056e8       0x24 src/ASF/sam0/drivers/system/clock/clock_samd21_r21_da_ha1/clock.o
 .rodata.system_clock_source_enable
                0x0000570c       0x24 src/ASF/sam0/drivers/system/clock/clock_samd21_r21_da_ha1/clock.o
 .rodata        0x00005730       0x1e src/ASF/sam0/drivers/tc/tc_sam_d_r_h/tc.o
 *fill*         0x0000574e        0x2 
 .rodata.usb_device_endpoint_set_config
                0x00005750       0x14 src/ASF/sam0/drivers/usb/usb_sam_d_r/usb.o
 .rodata._usb_device_irq_bits
                0x00005764        0xe src/ASF/sam0/drivers/usb/usb_sam_d_r/usb.o
 *fill*         0x00005772        0x2 
 .rodata._usb_endpoint_irq_bits
                0x00005774        0x4 src/ASF/sam0/drivers/usb/usb_sam_d_r/usb.o
 .rodata.tc_interrupt_vectors.13086
                0x00005778        0x5 src/main.o
 *(.ARM.extab* .gnu.linkonce.armextab.*)
                0x00005780                . = ALIGN (0x4)
 *fill*         0x0000577d        0x3 
 *(.init)
 .init          0x00005780        0x4 c:/program files (x86)/atmel/studio/7.0/toolchain/arm/arm-gnu-toolchain/bin/../lib/gcc/arm-none-eabi/6.3.1/thumb/v6-m/crti.o
                0x00005780                _init
 .init          0x00005784        0x8 c:/program files (x86)/atmel/studio/7.0/toolchain/arm/arm-gnu-toolchain/bin/../lib/gcc/arm-none-eabi/6.3.1/thumb/v6-m/crtn.o
                0x0000578c                . = ALIGN (0x4)
                0x0000578c                __preinit_array_start = .
 *(.preinit_array)
                0x0000578c                __preinit_array_end = .
                0x0000578c                . = ALIGN (0x4)
                0x0000578c                __init_array_start = .
 *(SORT(.init_array.*))
 *(.init_array)
 .init_array    0x0000578c        0x4 c:/program files (x86)/atmel/studio/7.0/toolchain/arm/arm-gnu-toolchain/bin/../lib/gcc/arm-none-eabi/6.3.1/thumb/v6-m/crtbegin.o
                0x00005790                __init_array_end = .
                0x00005790                . = ALIGN (0x4)
 *crtbegin.o(.ctors)
 *(EXCLUDE_FILE(*crtend.o) .ctors)
 *(SORT(.ctors.*))
 *crtend.o(.ctors)
                0x00005790                . = ALIGN (0x4)
 *(.fini)
 .fini          0x00005790        0x4 c:/program files (x86)/atmel/studio/7.0/toolchain/arm/arm-gnu-toolchain/bin/../lib/gcc/arm-none-eabi/6.3.1/thumb/v6-m/crti.o
                0x00005790                _fini
 .fini          0x00005794        0x8 c:/program files (x86)/atmel/studio/7.0/toolchain/arm/arm-gnu-toolchain/bin/../lib/gcc/arm-none-eabi/6.3.1/thumb/v6-m/crtn.o
                0x0000579c                . = ALIGN (0x4)
                0x0000579c                __fini_array_start = .
 *(.fini_array)
 .fini_array    0x0000579c        0x4 c:/program files (x86)/atmel/studio/7.0/toolchain/arm/arm-gnu-toolchain/bin/../lib/gcc/arm-none-eabi/6.3.1/thumb/v6-m/crtbegin.o
 *(SORT(.fini_array.*))
                0x000057a0                __fini_array_end = .
 *crtbegin.o(.dtors)
 *(EXCLUDE_FILE(*crtend.o) .dtors)
 *(SORT(.dtors.*))
 *crtend.o(.dtors)
                0x000057a0                . = ALIGN (0x4)
                0x000057a0                _efixed = .
                [!provide]                PROVIDE (__exidx_start, .)

.vfp11_veneer   0x000057a0        0x0
 .vfp11_veneer  0x000057a0        0x0 linker stubs

.v4_bx          0x000057a0        0x0
 .v4_bx         0x000057a0        0x0 linker stubs

.iplt           0x000057a0        0x0
 .iplt          0x000057a0        0x0 c:/program files (x86)/atmel/studio/7.0/toolchain/arm/arm-gnu-toolchain/bin/../lib/gcc/arm-none-eabi/6.3.1/thumb/v6-m/crtbegin.o

.eh_frame       0x000057a0        0x0
 .eh_frame      0x000057a0        0x0 c:/program files (x86)/atmel/studio/7.0/toolchain/arm/arm-gnu-toolchain/bin/../lib/gcc/arm-none-eabi/6.3.1/thumb/v6-m/crtbegin.o

.rel.dyn        0x000057a0        0x0
 .rel.iplt      0x000057a0        0x0 c:/program files (x86)/atmel/studio/7.0/toolchain/arm/arm-gnu-toolchain/bin/../lib/gcc/arm-none-eabi/6.3.1/thumb/v6-m/crtbegin.o

.jcr            0x000057a0        0x0
 .jcr           0x000057a0        0x0 c:/program files (x86)/atmel/studio/7.0/toolchain/arm/arm-gnu-toolchain/bin/../lib/gcc/arm-none-eabi/6.3.1/thumb/v6-m/crtbegin.o

.igot.plt       0x000057a0        0x0
 .igot.plt      0x000057a0        0x0 c:/program files (x86)/atmel/studio/7.0/toolchain/arm/arm-gnu-toolchain/bin/../lib/gcc/arm-none-eabi/6.3.1/thumb/v6-m/crtbegin.o

.ARM.exidx
 *(.ARM.exidx* .gnu.linkonce.armexidx.*)
                [!provide]                PROVIDE (__exidx_end, .)
                0x000057a0                . = ALIGN (0x4)
                0x000057a0                _etext = .

.relocate       0x20000000       0xec load address 0x000057a0
                0x20000000                . = ALIGN (0x4)
                0x20000000                _srelocate = .
 *(.ramfunc .ramfunc.*)
 *(.data .data.*)
 .data.udi_api_cdc_comm
                0x20000000       0x14 src/ASF/common/services/usb/class/cdc/device/udi_cdc.o
                0x20000000                udi_api_cdc_comm
 .data.udi_api_cdc_data
                0x20000014       0x14 src/ASF/common/services/usb/class/cdc/device/udi_cdc.o
                0x20000014                udi_api_cdc_data
 .data.udc_config
                0x20000028        0xc src/ASF/common/services/usb/class/cdc/device/udi_cdc_desc.o
                0x20000028                udc_config
 .data.udc_config_fs
                0x20000034        0x8 src/ASF/common/services/usb/class/cdc/device/udi_cdc_desc.o
                0x20000034                udc_config_fs
 .data.udc_desc_fs
                0x2000003c       0x43 src/ASF/common/services/usb/class/cdc/device/udi_cdc_desc.o
                0x2000003c                udc_desc_fs
 *fill*         0x2000007f        0x1 
 .data.udc_device_desc
                0x20000080       0x12 src/ASF/common/services/usb/class/cdc/device/udi_cdc_desc.o
                0x20000080                udc_device_desc
 *fill*         0x20000092        0x2 
 .data.udc_device_lpm
                0x20000094        0xc src/ASF/common/services/usb/class/cdc/device/udi_cdc_desc.o
                0x20000094                udc_device_lpm
 .data.udi_apis
                0x200000a0        0x8 src/ASF/common/services/usb/class/cdc/device/udi_cdc_desc.o
                0x200000a0                udi_apis
 .data.udc_string_desc
                0x200000a8       0x20 src/ASF/common/services/usb/udc/udc.o
 .data.udc_string_desc_languageid
                0x200000c8        0x4 src/ASF/common/services/usb/udc/udc.o
 .data.udc_string_manufacturer_name
                0x200000cc        0xa src/ASF/common/services/usb/udc/udc.o
 *fill*         0x200000d6        0x2 
 .data.udc_string_product_name
                0x200000d8       0x10 src/ASF/common/services/usb/udc/udc.o
 .data.g_interrupt_enabled
                0x200000e8        0x1 src/ASF/common/utils/interrupt/interrupt_sam_nvic.o
                0x200000e8                g_interrupt_enabled
                0x200000ec                . = ALIGN (0x4)
 *fill*         0x200000e9        0x3 
                0x200000ec                _erelocate = .

.bss            0x200000ec     0x4748 load address 0x0000588c
                0x200000ec                . = ALIGN (0x4)
                0x200000ec                _sbss = .
                0x200000ec                _szero = .
 *(.bss .bss.*)
 .bss           0x200000ec       0x1c c:/program files (x86)/atmel/studio/7.0/toolchain/arm/arm-gnu-toolchain/bin/../lib/gcc/arm-none-eabi/6.3.1/thumb/v6-m/crtbegin.o
 .bss.sof_zlp_counter.12430
                0x20000108        0x2 src/ASF/common/services/usb/class/cdc/device/udi_cdc.o
 .bss.udi_cdc_data_running
                0x2000010a        0x1 src/ASF/common/services/usb/class/cdc/device/udi_cdc.o
 *fill*         0x2000010b        0x1 
 .bss.udi_cdc_line_coding
                0x2000010c        0x7 src/ASF/common/services/usb/class/cdc/device/udi_cdc.o
 .bss.udi_cdc_nb_comm_enabled
                0x20000113        0x1 src/ASF/common/services/usb/class/cdc/device/udi_cdc.o
 .bss.udi_cdc_nb_data_enabled
                0x20000114        0x1 src/ASF/common/services/usb/class/cdc/device/udi_cdc.o
 *fill*         0x20000115        0x3 
 .bss.udi_cdc_rx_buf
                0x20000118       0x80 src/ASF/common/services/usb/class/cdc/device/udi_cdc.o
 .bss.udi_cdc_rx_buf_nb
                0x20000198        0x4 src/ASF/common/services/usb/class/cdc/device/udi_cdc.o
 .bss.udi_cdc_rx_buf_sel
                0x2000019c        0x1 src/ASF/common/services/usb/class/cdc/device/udi_cdc.o
 *fill*         0x2000019d        0x3 
 .bss.udi_cdc_rx_pos
                0x200001a0        0x2 src/ASF/common/services/usb/class/cdc/device/udi_cdc.o
 *fill*         0x200001a2        0x2 
 .bss.udi_cdc_rx_trans_ongoing
                0x200001a4        0x1 src/ASF/common/services/usb/class/cdc/device/udi_cdc.o
 *fill*         0x200001a5        0x3 
 .bss.udi_cdc_serial_state_msg_ongoing
                0x200001a8        0x1 src/ASF/common/services/usb/class/cdc/device/udi_cdc.o
 *fill*         0x200001a9        0x3 
 .bss.udi_cdc_state
                0x200001ac        0x2 src/ASF/common/services/usb/class/cdc/device/udi_cdc.o
 *fill*         0x200001ae        0x2 
 .bss.udi_cdc_tx_both_buf_to_send
                0x200001b0        0x1 src/ASF/common/services/usb/class/cdc/device/udi_cdc.o
 *fill*         0x200001b1        0x3 
 .bss.udi_cdc_tx_buf
                0x200001b4       0x80 src/ASF/common/services/usb/class/cdc/device/udi_cdc.o
 .bss.udi_cdc_tx_buf_nb
                0x20000234        0x4 src/ASF/common/services/usb/class/cdc/device/udi_cdc.o
 .bss.udi_cdc_tx_buf_sel
                0x20000238        0x1 src/ASF/common/services/usb/class/cdc/device/udi_cdc.o
 *fill*         0x20000239        0x3 
 .bss.udi_cdc_tx_sof_num
                0x2000023c        0x2 src/ASF/common/services/usb/class/cdc/device/udi_cdc.o
 *fill*         0x2000023e        0x2 
 .bss.udi_cdc_tx_trans_ongoing
                0x20000240        0x1 src/ASF/common/services/usb/class/cdc/device/udi_cdc.o
 *fill*         0x20000241        0x3 
 .bss.uid_cdc_state_msg
                0x20000244        0xa src/ASF/common/services/usb/class/cdc/device/udi_cdc.o
 .bss.udc_device_status
                0x2000024e        0x2 src/ASF/common/services/usb/udc/udc.o
 .bss.udc_ep_status.12077
                0x20000250        0x2 src/ASF/common/services/usb/udc/udc.o
 *fill*         0x20000252        0x2 
 .bss.udc_iface_setting
                0x20000254        0x1 src/ASF/common/services/usb/udc/udc.o
 *fill*         0x20000255        0x3 
 .bss.udc_num_configuration
                0x20000258        0x1 src/ASF/common/services/usb/udc/udc.o
 *fill*         0x20000259        0x3 
 .bss.udc_ptr_conf
                0x2000025c        0x4 src/ASF/common/services/usb/udc/udc.o
 .bss.udc_ptr_iface
                0x20000260        0x4 src/ASF/common/services/usb/udc/udc.o
 .bss.cpu_irq_critical_section_counter
                0x20000264        0x4 src/ASF/common/utils/interrupt/interrupt_sam_nvic.o
 .bss.cpu_irq_prev_interrupt_state
                0x20000268        0x1 src/ASF/common/utils/interrupt/interrupt_sam_nvic.o
 *fill*         0x20000269        0x3 
 .bss._sercom_config
                0x2000026c        0x2 src/ASF/sam0/drivers/sercom/sercom.o
 .bss._handler_table_initialized
                0x2000026e        0x1 src/ASF/sam0/drivers/sercom/sercom_interrupt.o
 *fill*         0x2000026f        0x1 
 .bss._sercom_interrupt_handlers
                0x20000270       0x18 src/ASF/sam0/drivers/sercom/sercom_interrupt.o
 .bss._system_clock_inst
                0x20000288       0x18 src/ASF/sam0/drivers/system/clock/clock_samd21_r21_da_ha1/clock.o
 .bss.b_shortpacket.13357
                0x200002a0        0x1 src/ASF/sam0/drivers/usb/stack_interface/usb_device_udd.o
 *fill*         0x200002a1        0x1 
 .bss.udd_ctrl_payload_nb_trans
                0x200002a2        0x2 src/ASF/sam0/drivers/usb/stack_interface/usb_device_udd.o
 .bss.udd_ctrl_prev_payload_nb_trans
                0x200002a4        0x2 src/ASF/sam0/drivers/usb/stack_interface/usb_device_udd.o
 .bss.udd_ep_control_state
                0x200002a6        0x1 src/ASF/sam0/drivers/usb/stack_interface/usb_device_udd.o
 *fill*         0x200002a7        0x1 
 .bss.udd_ep_job
                0x200002a8       0x78 src/ASF/sam0/drivers/usb/stack_interface/usb_device_udd.o
 .bss.udd_state.13214
                0x20000320        0x1 src/ASF/sam0/drivers/usb/stack_interface/usb_device_udd.o
 *fill*         0x20000321        0x3 
 .bss._usb_instances
                0x20000324        0x4 src/ASF/sam0/drivers/usb/usb_sam_d_r/usb.o
 .bss.device_callback_lpm_wakeup_enable
                0x20000328        0x4 src/ASF/sam0/drivers/usb/usb_sam_d_r/usb.o
 .bss.ep_callback_para
                0x2000032c        0x8 src/ASF/sam0/drivers/usb/usb_sam_d_r/usb.o
 .bss.host_pipe_job_busy_status
                0x20000334        0x4 src/ASF/sam0/drivers/usb/usb_sam_d_r/usb.o
                0x20000334                host_pipe_job_busy_status
 .bss.pipe_callback_para
                0x20000338        0x6 src/ASF/sam0/drivers/usb/usb_sam_d_r/usb.o
 .bss.main_b_cdc_enable
                0x2000033e        0x1 src/main.o
 .bss.rx_data   0x2000033f        0x1 src/uart_samd.o
 .bss.tx_callback_flag
                0x20000340        0x1 src/uart_samd.o
 .bss.tx_data   0x20000341        0x1 src/uart_samd.o
 *(COMMON)
 *fill*         0x20000342        0x2 
 COMMON         0x20000344        0x5 src/ASF/common/services/sleepmgr/samd/sleepmgr.o
                0x20000344                sleepmgr_locks
 *fill*         0x20000349        0x3 
 COMMON         0x2000034c        0x4 src/ASF/sam0/drivers/adc/adc_sam_d_r_h/adc_callback.o
                0x2000034c                _adc_instances
 COMMON         0x20000350        0x1 src/ASF/sam0/drivers/extint/extint_callback.o
                0x20000350                _current_channel
 *fill*         0x20000351        0x3 
 COMMON         0x20000354       0x40 src/ASF/sam0/drivers/extint/extint_sam_d_r_h/extint.o
                0x20000354                _extint_dev
 COMMON         0x20000394       0x18 src/ASF/sam0/drivers/sercom/sercom_interrupt.o
                0x20000394                _sercom_instances
 COMMON         0x200003ac       0x14 src/ASF/sam0/drivers/tc/tc_interrupt.o
                0x200003ac                _tc_instances
 COMMON         0x200003c0      0x280 src/ASF/sam0/drivers/usb/stack_interface/usb_device_udd.o
                0x200003c0                udd_ep_out_cache_buffer
                0x20000480                usb_device
                0x200005e8                udd_g_ctrlreq
                0x20000600                udd_ctrl_buffer
 COMMON         0x20000640      0x100 src/ASF/sam0/drivers/usb/usb_sam_d_r/usb.o
                0x20000640                usb_descriptor_table
 COMMON         0x20000740     0x407d src/main.o
                0x20000740                raw_result
                0x20000744                adc_result_buffer
                0x20004744                counter
                0x20004748                result
                0x2000474c                console_instance
                0x20004780                tc_instance
                0x2000479c                adc_instance
                0x200047bc                status
 *fill*         0x200047bd        0x3 
 COMMON         0x200047c0       0x74 src/uart_samd.o
                0x200047c0                usart_conf
                0x20004800                usart_module_edbg
                0x20004834                . = ALIGN (0x4)
                0x20004834                _ebss = .
                0x20004834                _ezero = .

.stack          0x20004834     0x2004 load address 0x00009fd4
                0x20004838                . = ALIGN (0x8)
 *fill*         0x20004834        0x4 
                0x20004838                _sstack = .
                0x20006838                . = (. + STACK_SIZE)
 *fill*         0x20004838     0x2000 
                0x20006838                . = ALIGN (0x8)
                0x20006838                _estack = .
                0x20006838                . = ALIGN (0x4)
                0x20006838                _end = .
OUTPUT(DEVICE_EXAMPLE1.elf elf32-littlearm)

.ARM.attributes
                0x00000000       0x28
 .ARM.attributes
                0x00000000       0x1e c:/program files (x86)/atmel/studio/7.0/toolchain/arm/arm-gnu-toolchain/bin/../lib/gcc/arm-none-eabi/6.3.1/thumb/v6-m/crti.o
 .ARM.attributes
                0x0000001e       0x2c c:/program files (x86)/atmel/studio/7.0/toolchain/arm/arm-gnu-toolchain/bin/../lib/gcc/arm-none-eabi/6.3.1/thumb/v6-m/crtbegin.o
 .ARM.attributes
                0x0000004a       0x32 src/ASF/common/services/usb/class/cdc/device/example/samd21j18a_samd21_xplained_pro/ui.o
 .ARM.attributes
                0x0000007c       0x32 src/ASF/common/services/sleepmgr/samd/sleepmgr.o
 .ARM.attributes
                0x000000ae       0x32 src/ASF/common/services/usb/class/cdc/device/udi_cdc.o
 .ARM.attributes
                0x000000e0       0x32 src/ASF/common/services/usb/class/cdc/device/udi_cdc_desc.o
 .ARM.attributes
                0x00000112       0x32 src/ASF/common/services/usb/udc/udc.o
 .ARM.attributes
                0x00000144       0x32 src/ASF/common/utils/interrupt/interrupt_sam_nvic.o
 .ARM.attributes
                0x00000176       0x32 src/ASF/sam0/boards/samd21_xplained_pro/board_init.o
 .ARM.attributes
                0x000001a8       0x32 src/ASF/sam0/drivers/adc/adc_sam_d_r_h/adc.o
 .ARM.attributes
                0x000001da       0x32 src/ASF/sam0/drivers/adc/adc_sam_d_r_h/adc_callback.o
 .ARM.attributes
                0x0000020c       0x32 src/ASF/sam0/drivers/extint/extint_callback.o
 .ARM.attributes
                0x0000023e       0x32 src/ASF/sam0/drivers/extint/extint_sam_d_r_h/extint.o
 .ARM.attributes
                0x00000270       0x32 src/ASF/sam0/drivers/port/port.o
 .ARM.attributes
                0x000002a2       0x32 src/ASF/sam0/drivers/sercom/sercom.o
 .ARM.attributes
                0x000002d4       0x32 src/ASF/sam0/drivers/sercom/sercom_interrupt.o
 .ARM.attributes
                0x00000306       0x32 src/ASF/sam0/drivers/sercom/usart/usart.o
 .ARM.attributes
                0x00000338       0x32 src/ASF/sam0/drivers/sercom/usart/usart_interrupt.o
 .ARM.attributes
                0x0000036a       0x32 src/ASF/sam0/drivers/system/clock/clock_samd21_r21_da_ha1/clock.o
 .ARM.attributes
                0x0000039c       0x32 src/ASF/sam0/drivers/system/clock/clock_samd21_r21_da_ha1/gclk.o
 .ARM.attributes
                0x000003ce       0x32 src/ASF/sam0/drivers/system/interrupt/system_interrupt.o
 .ARM.attributes
                0x00000400       0x32 src/ASF/sam0/drivers/system/pinmux/pinmux.o
 .ARM.attributes
                0x00000432       0x32 src/ASF/sam0/drivers/system/system.o
 .ARM.attributes
                0x00000464       0x32 src/ASF/sam0/drivers/tc/tc_interrupt.o
 .ARM.attributes
                0x00000496       0x32 src/ASF/sam0/drivers/tc/tc_sam_d_r_h/tc.o
 .ARM.attributes
                0x000004c8       0x32 src/ASF/sam0/drivers/usb/stack_interface/usb_device_udd.o
 .ARM.attributes
                0x000004fa       0x32 src/ASF/sam0/drivers/usb/usb_sam_d_r/usb.o
 .ARM.attributes
                0x0000052c       0x32 src/ASF/sam0/utils/cmsis/samd21/source/gcc/startup_samd21.o
 .ARM.attributes
                0x0000055e       0x32 src/main.o
 .ARM.attributes
                0x00000590       0x32 src/uart_samd.o
 .ARM.attributes
                0x000005c2       0x1e c:/program files (x86)/atmel/studio/7.0/toolchain/arm/arm-gnu-toolchain/bin/../lib/gcc/arm-none-eabi/6.3.1/thumb/v6-m\libgcc.a(_udivsi3.o)
 .ARM.attributes
                0x000005e0       0x1e c:/program files (x86)/atmel/studio/7.0/toolchain/arm/arm-gnu-toolchain/bin/../lib/gcc/arm-none-eabi/6.3.1/thumb/v6-m\libgcc.a(_divsi3.o)
 .ARM.attributes
                0x000005fe       0x1e c:/program files (x86)/atmel/studio/7.0/toolchain/arm/arm-gnu-toolchain/bin/../lib/gcc/arm-none-eabi/6.3.1/thumb/v6-m\libgcc.a(_dvmd_tls.o)
 .ARM.attributes
                0x0000061c       0x1e c:/program files (x86)/atmel/studio/7.0/toolchain/arm/arm-gnu-toolchain/bin/../lib/gcc/arm-none-eabi/6.3.1/thumb/v6-m\libgcc.a(_ctzsi2.o)
 .ARM.attributes
                0x0000063a       0x2c c:/program files (x86)/atmel/studio/7.0/toolchain/arm/arm-gnu-toolchain/bin/../lib/gcc/arm-none-eabi/6.3.1/thumb/v6-m\libgcc.a(_muldi3.o)
 .ARM.attributes
                0x00000666       0x2c c:/program files (x86)/atmel/studio/7.0/toolchain/arm/arm-gnu-toolchain/bin/../lib/gcc/arm-none-eabi/6.3.1/../../../../arm-none-eabi/lib/thumb/v6-m\libc_nano.a(lib_a-init.o)
 .ARM.attributes
                0x00000692       0x2c c:/program files (x86)/atmel/studio/7.0/toolchain/arm/arm-gnu-toolchain/bin/../lib/gcc/arm-none-eabi/6.3.1/../../../../arm-none-eabi/lib/thumb/v6-m\libc_nano.a(lib_a-memcpy-stub.o)
 .ARM.attributes
                0x000006be       0x2c c:/program files (x86)/atmel/studio/7.0/toolchain/arm/arm-gnu-toolchain/bin/../lib/gcc/arm-none-eabi/6.3.1/../../../../arm-none-eabi/lib/thumb/v6-m\libc_nano.a(lib_a-memset.o)
 .ARM.attributes
                0x000006ea       0x1e c:/program files (x86)/atmel/studio/7.0/toolchain/arm/arm-gnu-toolchain/bin/../lib/gcc/arm-none-eabi/6.3.1/thumb/v6-m/crtn.o

.comment        0x00000000       0x59
 .comment       0x00000000       0x59 src/ASF/common/services/usb/class/cdc/device/example/samd21j18a_samd21_xplained_pro/ui.o
                                 0x5a (size before relaxing)
 .comment       0x00000059       0x5a src/ASF/common/services/sleepmgr/samd/sleepmgr.o
 .comment       0x00000059       0x5a src/ASF/common/services/usb/class/cdc/device/udi_cdc.o
 .comment       0x00000059       0x5a src/ASF/common/services/usb/class/cdc/device/udi_cdc_desc.o
 .comment       0x00000059       0x5a src/ASF/common/services/usb/udc/udc.o
 .comment       0x00000059       0x5a src/ASF/common/utils/interrupt/interrupt_sam_nvic.o
 .comment       0x00000059       0x5a src/ASF/sam0/boards/samd21_xplained_pro/board_init.o
 .comment       0x00000059       0x5a src/ASF/sam0/drivers/adc/adc_sam_d_r_h/adc.o
 .comment       0x00000059       0x5a src/ASF/sam0/drivers/adc/adc_sam_d_r_h/adc_callback.o
 .comment       0x00000059       0x5a src/ASF/sam0/drivers/extint/extint_callback.o
 .comment       0x00000059       0x5a src/ASF/sam0/drivers/extint/extint_sam_d_r_h/extint.o
 .comment       0x00000059       0x5a src/ASF/sam0/drivers/port/port.o
 .comment       0x00000059       0x5a src/ASF/sam0/drivers/sercom/sercom.o
 .comment       0x00000059       0x5a src/ASF/sam0/drivers/sercom/sercom_interrupt.o
 .comment       0x00000059       0x5a src/ASF/sam0/drivers/sercom/usart/usart.o
 .comment       0x00000059       0x5a src/ASF/sam0/drivers/sercom/usart/usart_interrupt.o
 .comment       0x00000059       0x5a src/ASF/sam0/drivers/system/clock/clock_samd21_r21_da_ha1/clock.o
 .comment       0x00000059       0x5a src/ASF/sam0/drivers/system/clock/clock_samd21_r21_da_ha1/gclk.o
 .comment       0x00000059       0x5a src/ASF/sam0/drivers/system/interrupt/system_interrupt.o
 .comment       0x00000059       0x5a src/ASF/sam0/drivers/system/pinmux/pinmux.o
 .comment       0x00000059       0x5a src/ASF/sam0/drivers/system/system.o
 .comment       0x00000059       0x5a src/ASF/sam0/drivers/tc/tc_interrupt.o
 .comment       0x00000059       0x5a src/ASF/sam0/drivers/tc/tc_sam_d_r_h/tc.o
 .comment       0x00000059       0x5a src/ASF/sam0/drivers/usb/stack_interface/usb_device_udd.o
 .comment       0x00000059       0x5a src/ASF/sam0/drivers/usb/usb_sam_d_r/usb.o
 .comment       0x00000059       0x5a src/ASF/sam0/utils/cmsis/samd21/source/gcc/startup_samd21.o
 .comment       0x00000059       0x5a src/main.o
 .comment       0x00000059       0x5a src/uart_samd.o

.debug_info     0x00000000    0x4b960
 .debug_info    0x00000000     0x2624 src/ASF/common/services/usb/class/cdc/device/example/samd21j18a_samd21_xplained_pro/ui.o
 .debug_info    0x00002624      0xa8e src/ASF/common/services/sleepmgr/samd/sleepmgr.o
 .debug_info    0x000030b2     0x29be src/ASF/common/services/usb/class/cdc/device/udi_cdc.o
 .debug_info    0x00005a70     0x1322 src/ASF/common/services/usb/class/cdc/device/udi_cdc_desc.o
 .debug_info    0x00006d92     0x1a75 src/ASF/common/services/usb/udc/udc.o
 .debug_info    0x00008807      0xb07 src/ASF/common/utils/interrupt/interrupt_sam_nvic.o
 .debug_info    0x0000930e     0x12ad src/ASF/sam0/boards/samd21_xplained_pro/board_init.o
 .debug_info    0x0000a5bb     0x3e57 src/ASF/sam0/drivers/adc/adc_sam_d_r_h/adc.o
 .debug_info    0x0000e412     0x1b78 src/ASF/sam0/drivers/adc/adc_sam_d_r_h/adc_callback.o
 .debug_info    0x0000ff8a     0x19a7 src/ASF/sam0/drivers/extint/extint_callback.o
 .debug_info    0x00011931     0x2b26 src/ASF/sam0/drivers/extint/extint_sam_d_r_h/extint.o
 .debug_info    0x00014457     0x12b6 src/ASF/sam0/drivers/port/port.o
 .debug_info    0x0001570d     0x2de4 src/ASF/sam0/drivers/sercom/sercom.o
 .debug_info    0x000184f1     0x2bea src/ASF/sam0/drivers/sercom/sercom_interrupt.o
 .debug_info    0x0001b0db     0x4ac0 src/ASF/sam0/drivers/sercom/usart/usart.o
 .debug_info    0x0001fb9b     0x304b src/ASF/sam0/drivers/sercom/usart/usart_interrupt.o
 .debug_info    0x00022be6     0x38df src/ASF/sam0/drivers/system/clock/clock_samd21_r21_da_ha1/clock.o
 .debug_info    0x000264c5     0x1ed1 src/ASF/sam0/drivers/system/clock/clock_samd21_r21_da_ha1/gclk.o
 .debug_info    0x00028396      0xf33 src/ASF/sam0/drivers/system/interrupt/system_interrupt.o
 .debug_info    0x000292c9     0x13f5 src/ASF/sam0/drivers/system/pinmux/pinmux.o
 .debug_info    0x0002a6be      0xa73 src/ASF/sam0/drivers/system/system.o
 .debug_info    0x0002b131     0x1baf src/ASF/sam0/drivers/tc/tc_interrupt.o
 .debug_info    0x0002cce0     0x2f64 src/ASF/sam0/drivers/tc/tc_sam_d_r_h/tc.o
 .debug_info    0x0002fc44     0x6dee src/ASF/sam0/drivers/usb/stack_interface/usb_device_udd.o
 .debug_info    0x00036a32     0x5279 src/ASF/sam0/drivers/usb/usb_sam_d_r/usb.o
 .debug_info    0x0003bcab     0x3a49 src/ASF/sam0/utils/cmsis/samd21/source/gcc/startup_samd21.o
 .debug_info    0x0003f6f4     0x78dc src/main.o
 .debug_info    0x00046fd0     0x4990 src/uart_samd.o

.debug_abbrev   0x00000000     0x63cf
 .debug_abbrev  0x00000000      0x3c6 src/ASF/common/services/usb/class/cdc/device/example/samd21j18a_samd21_xplained_pro/ui.o
 .debug_abbrev  0x000003c6      0x1b2 src/ASF/common/services/sleepmgr/samd/sleepmgr.o
 .debug_abbrev  0x00000578      0x484 src/ASF/common/services/usb/class/cdc/device/udi_cdc.o
 .debug_abbrev  0x000009fc      0x1e7 src/ASF/common/services/usb/class/cdc/device/udi_cdc_desc.o
 .debug_abbrev  0x00000be3      0x3f5 src/ASF/common/services/usb/udc/udc.o
 .debug_abbrev  0x00000fd8      0x22c src/ASF/common/utils/interrupt/interrupt_sam_nvic.o
 .debug_abbrev  0x00001204      0x2dc src/ASF/sam0/boards/samd21_xplained_pro/board_init.o
 .debug_abbrev  0x000014e0      0x45c src/ASF/sam0/drivers/adc/adc_sam_d_r_h/adc.o
 .debug_abbrev  0x0000193c      0x3b8 src/ASF/sam0/drivers/adc/adc_sam_d_r_h/adc_callback.o
 .debug_abbrev  0x00001cf4      0x333 src/ASF/sam0/drivers/extint/extint_callback.o
 .debug_abbrev  0x00002027      0x4a7 src/ASF/sam0/drivers/extint/extint_sam_d_r_h/extint.o
 .debug_abbrev  0x000024ce      0x298 src/ASF/sam0/drivers/port/port.o
 .debug_abbrev  0x00002766      0x378 src/ASF/sam0/drivers/sercom/sercom.o
 .debug_abbrev  0x00002ade      0x2d8 src/ASF/sam0/drivers/sercom/sercom_interrupt.o
 .debug_abbrev  0x00002db6      0x477 src/ASF/sam0/drivers/sercom/usart/usart.o
 .debug_abbrev  0x0000322d      0x416 src/ASF/sam0/drivers/sercom/usart/usart_interrupt.o
 .debug_abbrev  0x00003643      0x493 src/ASF/sam0/drivers/system/clock/clock_samd21_r21_da_ha1/clock.o
 .debug_abbrev  0x00003ad6      0x3f1 src/ASF/sam0/drivers/system/clock/clock_samd21_r21_da_ha1/gclk.o
 .debug_abbrev  0x00003ec7      0x253 src/ASF/sam0/drivers/system/interrupt/system_interrupt.o
 .debug_abbrev  0x0000411a      0x37b src/ASF/sam0/drivers/system/pinmux/pinmux.o
 .debug_abbrev  0x00004495      0x1e1 src/ASF/sam0/drivers/system/system.o
 .debug_abbrev  0x00004676      0x2ff src/ASF/sam0/drivers/tc/tc_interrupt.o
 .debug_abbrev  0x00004975      0x426 src/ASF/sam0/drivers/tc/tc_sam_d_r_h/tc.o
 .debug_abbrev  0x00004d9b      0x61c src/ASF/sam0/drivers/usb/stack_interface/usb_device_udd.o
 .debug_abbrev  0x000053b7      0x4e9 src/ASF/sam0/drivers/usb/usb_sam_d_r/usb.o
 .debug_abbrev  0x000058a0      0x234 src/ASF/sam0/utils/cmsis/samd21/source/gcc/startup_samd21.o
 .debug_abbrev  0x00005ad4      0x527 src/main.o
 .debug_abbrev  0x00005ffb      0x3d4 src/uart_samd.o

.debug_loc      0x00000000     0xb0ea
 .debug_loc     0x00000000      0x208 src/ASF/common/services/usb/class/cdc/device/example/samd21j18a_samd21_xplained_pro/ui.o
 .debug_loc     0x00000208     0x11fc src/ASF/common/services/usb/class/cdc/device/udi_cdc.o
 .debug_loc     0x00001404      0x4d6 src/ASF/common/services/usb/udc/udc.o
 .debug_loc     0x000018da       0x8b src/ASF/sam0/boards/samd21_xplained_pro/board_init.o
 .debug_loc     0x00001965      0x891 src/ASF/sam0/drivers/adc/adc_sam_d_r_h/adc.o
 .debug_loc     0x000021f6      0x2d7 src/ASF/sam0/drivers/adc/adc_sam_d_r_h/adc_callback.o
 .debug_loc     0x000024cd      0x2ac src/ASF/sam0/drivers/extint/extint_callback.o
 .debug_loc     0x00002779      0x43d src/ASF/sam0/drivers/extint/extint_sam_d_r_h/extint.o
 .debug_loc     0x00002bb6      0x13d src/ASF/sam0/drivers/port/port.o
 .debug_loc     0x00002cf3      0x9d5 src/ASF/sam0/drivers/sercom/sercom.o
 .debug_loc     0x000036c8      0x161 src/ASF/sam0/drivers/sercom/sercom_interrupt.o
 .debug_loc     0x00003829      0xe2f src/ASF/sam0/drivers/sercom/usart/usart.o
 .debug_loc     0x00004658      0x711 src/ASF/sam0/drivers/sercom/usart/usart_interrupt.o
 .debug_loc     0x00004d69      0xf87 src/ASF/sam0/drivers/system/clock/clock_samd21_r21_da_ha1/clock.o
 .debug_loc     0x00005cf0      0x504 src/ASF/sam0/drivers/system/clock/clock_samd21_r21_da_ha1/gclk.o
 .debug_loc     0x000061f4      0x326 src/ASF/sam0/drivers/system/interrupt/system_interrupt.o
 .debug_loc     0x0000651a      0x36d src/ASF/sam0/drivers/system/pinmux/pinmux.o
 .debug_loc     0x00006887       0x20 src/ASF/sam0/drivers/system/system.o
 .debug_loc     0x000068a7      0x1c8 src/ASF/sam0/drivers/tc/tc_interrupt.o
 .debug_loc     0x00006a6f      0xdf1 src/ASF/sam0/drivers/tc/tc_sam_d_r_h/tc.o
 .debug_loc     0x00007860     0x1387 src/ASF/sam0/drivers/usb/stack_interface/usb_device_udd.o
 .debug_loc     0x00008be7     0x1aff src/ASF/sam0/drivers/usb/usb_sam_d_r/usb.o
 .debug_loc     0x0000a6e6       0x40 src/ASF/sam0/utils/cmsis/samd21/source/gcc/startup_samd21.o
 .debug_loc     0x0000a726      0x56e src/main.o
 .debug_loc     0x0000ac94      0x456 src/uart_samd.o

.debug_aranges  0x00000000      0xb58
 .debug_aranges
                0x00000000       0x90 src/ASF/common/services/usb/class/cdc/device/example/samd21j18a_samd21_xplained_pro/ui.o
 .debug_aranges
                0x00000090       0x18 src/ASF/common/services/sleepmgr/samd/sleepmgr.o
 .debug_aranges
                0x000000a8      0x170 src/ASF/common/services/usb/class/cdc/device/udi_cdc.o
 .debug_aranges
                0x00000218       0x18 src/ASF/common/services/usb/class/cdc/device/udi_cdc_desc.o
 .debug_aranges
                0x00000230       0x70 src/ASF/common/services/usb/udc/udc.o
 .debug_aranges
                0x000002a0       0x28 src/ASF/common/utils/interrupt/interrupt_sam_nvic.o
 .debug_aranges
                0x000002c8       0x20 src/ASF/sam0/boards/samd21_xplained_pro/board_init.o
 .debug_aranges
                0x000002e8       0x38 src/ASF/sam0/drivers/adc/adc_sam_d_r_h/adc.o
 .debug_aranges
                0x00000320       0x48 src/ASF/sam0/drivers/adc/adc_sam_d_r_h/adc_callback.o
 .debug_aranges
                0x00000368       0x48 src/ASF/sam0/drivers/extint/extint_callback.o
 .debug_aranges
                0x000003b0       0x50 src/ASF/sam0/drivers/extint/extint_sam_d_r_h/extint.o
 .debug_aranges
                0x00000400       0x28 src/ASF/sam0/drivers/port/port.o
 .debug_aranges
                0x00000428       0x48 src/ASF/sam0/drivers/sercom/sercom.o
 .debug_aranges
                0x00000470       0x60 src/ASF/sam0/drivers/sercom/sercom_interrupt.o
 .debug_aranges
                0x000004d0       0x40 src/ASF/sam0/drivers/sercom/usart/usart.o
 .debug_aranges
                0x00000510       0x70 src/ASF/sam0/drivers/sercom/usart/usart_interrupt.o
 .debug_aranges
                0x00000580       0x78 src/ASF/sam0/drivers/system/clock/clock_samd21_r21_da_ha1/clock.o
 .debug_aranges
                0x000005f8       0x80 src/ASF/sam0/drivers/system/clock/clock_samd21_r21_da_ha1/gclk.o
 .debug_aranges
                0x00000678       0x40 src/ASF/sam0/drivers/system/interrupt/system_interrupt.o
 .debug_aranges
                0x000006b8       0x40 src/ASF/sam0/drivers/system/pinmux/pinmux.o
 .debug_aranges
                0x000006f8       0x28 src/ASF/sam0/drivers/system/system.o
 .debug_aranges
                0x00000720       0x58 src/ASF/sam0/drivers/tc/tc_interrupt.o
 .debug_aranges
                0x00000778       0x58 src/ASF/sam0/drivers/tc/tc_sam_d_r_h/tc.o
 .debug_aranges
                0x000007d0      0x130 src/ASF/sam0/drivers/usb/stack_interface/usb_device_udd.o
 .debug_aranges
                0x00000900      0x158 src/ASF/sam0/drivers/usb/usb_sam_d_r/usb.o
 .debug_aranges
                0x00000a58       0x28 src/ASF/sam0/utils/cmsis/samd21/source/gcc/startup_samd21.o
 .debug_aranges
                0x00000a80       0x90 src/main.o
 .debug_aranges
                0x00000b10       0x48 src/uart_samd.o

.debug_ranges   0x00000000      0xe08
 .debug_ranges  0x00000000       0x80 src/ASF/common/services/usb/class/cdc/device/example/samd21j18a_samd21_xplained_pro/ui.o
 .debug_ranges  0x00000080      0x1d8 src/ASF/common/services/usb/class/cdc/device/udi_cdc.o
 .debug_ranges  0x00000258       0xc8 src/ASF/common/services/usb/udc/udc.o
 .debug_ranges  0x00000320       0x18 src/ASF/common/utils/interrupt/interrupt_sam_nvic.o
 .debug_ranges  0x00000338       0x10 src/ASF/sam0/boards/samd21_xplained_pro/board_init.o
 .debug_ranges  0x00000348       0xa0 src/ASF/sam0/drivers/adc/adc_sam_d_r_h/adc.o
 .debug_ranges  0x000003e8       0x50 src/ASF/sam0/drivers/adc/adc_sam_d_r_h/adc_callback.o
 .debug_ranges  0x00000438       0x90 src/ASF/sam0/drivers/extint/extint_callback.o
 .debug_ranges  0x000004c8       0x40 src/ASF/sam0/drivers/extint/extint_sam_d_r_h/extint.o
 .debug_ranges  0x00000508       0x18 src/ASF/sam0/drivers/port/port.o
 .debug_ranges  0x00000520       0x50 src/ASF/sam0/drivers/sercom/sercom.o
 .debug_ranges  0x00000570       0x50 src/ASF/sam0/drivers/sercom/sercom_interrupt.o
 .debug_ranges  0x000005c0      0x140 src/ASF/sam0/drivers/sercom/usart/usart.o
 .debug_ranges  0x00000700       0x60 src/ASF/sam0/drivers/sercom/usart/usart_interrupt.o
 .debug_ranges  0x00000760       0x68 src/ASF/sam0/drivers/system/clock/clock_samd21_r21_da_ha1/clock.o
 .debug_ranges  0x000007c8       0x88 src/ASF/sam0/drivers/system/clock/clock_samd21_r21_da_ha1/gclk.o
 .debug_ranges  0x00000850       0x30 src/ASF/sam0/drivers/system/interrupt/system_interrupt.o
 .debug_ranges  0x00000880       0x30 src/ASF/sam0/drivers/system/pinmux/pinmux.o
 .debug_ranges  0x000008b0       0x18 src/ASF/sam0/drivers/system/system.o
 .debug_ranges  0x000008c8       0x48 src/ASF/sam0/drivers/tc/tc_interrupt.o
 .debug_ranges  0x00000910       0x90 src/ASF/sam0/drivers/tc/tc_sam_d_r_h/tc.o
 .debug_ranges  0x000009a0      0x1b0 src/ASF/sam0/drivers/usb/stack_interface/usb_device_udd.o
 .debug_ranges  0x00000b50      0x190 src/ASF/sam0/drivers/usb/usb_sam_d_r/usb.o
 .debug_ranges  0x00000ce0       0x18 src/ASF/sam0/utils/cmsis/samd21/source/gcc/startup_samd21.o
 .debug_ranges  0x00000cf8       0xd8 src/main.o
 .debug_ranges  0x00000dd0       0x38 src/uart_samd.o

.debug_macro    0x00000000     0xa4ee
 .debug_macro   0x00000000      0x739 src/ASF/common/services/usb/class/cdc/device/example/samd21j18a_samd21_xplained_pro/ui.o
 .debug_macro   0x00000739      0x572 src/ASF/common/services/sleepmgr/samd/sleepmgr.o
 .debug_macro   0x00000cab      0x680 src/ASF/common/services/usb/class/cdc/device/udi_cdc.o
 .debug_macro   0x0000132b       0xb9 src/ASF/common/services/usb/class/cdc/device/udi_cdc.o
 .debug_macro   0x000013e4       0x16 src/ASF/common/services/usb/class/cdc/device/udi_cdc.o
 .debug_macro   0x000013fa      0x5e7 src/ASF/common/services/usb/class/cdc/device/udi_cdc_desc.o
 .debug_macro   0x000019e1      0x5d3 src/ASF/common/services/usb/udc/udc.o
 .debug_macro   0x00001fb4      0x512 src/ASF/common/utils/interrupt/interrupt_sam_nvic.o
 .debug_macro   0x000024c6      0x54d src/ASF/sam0/boards/samd21_xplained_pro/board_init.o
 .debug_macro   0x00002a13       0x12 src/ASF/sam0/boards/samd21_xplained_pro/board_init.o
 .debug_macro   0x00002a25      0x591 src/ASF/sam0/drivers/adc/adc_sam_d_r_h/adc.o
 .debug_macro   0x00002fb6      0x594 src/ASF/sam0/drivers/adc/adc_sam_d_r_h/adc_callback.o
 .debug_macro   0x0000354a      0x537 src/ASF/sam0/drivers/extint/extint_callback.o
 .debug_macro   0x00003a81       0x19 src/ASF/sam0/drivers/extint/extint_callback.o
 .debug_macro   0x00003a9a      0x591 src/ASF/sam0/drivers/extint/extint_sam_d_r_h/extint.o
 .debug_macro   0x0000402b       0x10 src/ASF/sam0/drivers/extint/extint_sam_d_r_h/extint.o
 .debug_macro   0x0000403b      0x52c src/ASF/sam0/drivers/port/port.o
 .debug_macro   0x00004567      0x59f src/ASF/sam0/drivers/sercom/sercom.o
 .debug_macro   0x00004b06      0x59c src/ASF/sam0/drivers/sercom/sercom_interrupt.o
 .debug_macro   0x000050a2      0x5b0 src/ASF/sam0/drivers/sercom/usart/usart.o
 .debug_macro   0x00005652       0x51 src/ASF/sam0/drivers/sercom/usart/usart.o
 .debug_macro   0x000056a3      0x5b0 src/ASF/sam0/drivers/sercom/usart/usart_interrupt.o
 .debug_macro   0x00005c53      0x591 src/ASF/sam0/drivers/system/clock/clock_samd21_r21_da_ha1/clock.o
 .debug_macro   0x000061e4      0x29d src/ASF/sam0/drivers/system/clock/clock_samd21_r21_da_ha1/clock.o
 .debug_macro   0x00006481      0x548 src/ASF/sam0/drivers/system/clock/clock_samd21_r21_da_ha1/gclk.o
 .debug_macro   0x000069c9      0x52c src/ASF/sam0/drivers/system/interrupt/system_interrupt.o
 .debug_macro   0x00006ef5      0x522 src/ASF/sam0/drivers/system/pinmux/pinmux.o
 .debug_macro   0x00007417       0x12 src/ASF/sam0/drivers/system/pinmux/pinmux.o
 .debug_macro   0x00007429      0x555 src/ASF/sam0/drivers/system/system.o
 .debug_macro   0x0000797e      0x580 src/ASF/sam0/drivers/tc/tc_interrupt.o
 .debug_macro   0x00007efe       0x19 src/ASF/sam0/drivers/tc/tc_interrupt.o
 .debug_macro   0x00007f17       0x51 src/ASF/sam0/drivers/tc/tc_interrupt.o
 .debug_macro   0x00007f68      0x59b src/ASF/sam0/drivers/tc/tc_sam_d_r_h/tc.o
 .debug_macro   0x00008503      0x6bc src/ASF/sam0/drivers/usb/stack_interface/usb_device_udd.o
 .debug_macro   0x00008bbf       0x52 src/ASF/sam0/drivers/usb/stack_interface/usb_device_udd.o
 .debug_macro   0x00008c11       0x8d src/ASF/sam0/drivers/usb/stack_interface/usb_device_udd.o
 .debug_macro   0x00008c9e       0x57 src/ASF/sam0/drivers/usb/stack_interface/usb_device_udd.o
 .debug_macro   0x00008cf5       0x10 src/ASF/sam0/drivers/usb/stack_interface/usb_device_udd.o
 .debug_macro   0x00008d05       0x1c src/ASF/sam0/drivers/usb/stack_interface/usb_device_udd.o
 .debug_macro   0x00008d21       0x1c src/ASF/sam0/drivers/usb/stack_interface/usb_device_udd.o
 .debug_macro   0x00008d3d      0x5dc src/ASF/sam0/drivers/usb/usb_sam_d_r/usb.o
 .debug_macro   0x00009319      0x2f9 src/ASF/sam0/utils/cmsis/samd21/source/gcc/startup_samd21.o
 .debug_macro   0x00009612       0x3a src/ASF/sam0/utils/cmsis/samd21/source/gcc/startup_samd21.o
 .debug_macro   0x0000964c      0x756 src/main.o
 .debug_macro   0x00009da2      0x74c src/uart_samd.o

.debug_line     0x00000000    0x15a19
 .debug_line    0x00000000     0x1077 src/ASF/common/services/usb/class/cdc/device/example/samd21j18a_samd21_xplained_pro/ui.o
 .debug_line    0x00001077      0xa61 src/ASF/common/services/sleepmgr/samd/sleepmgr.o
 .debug_line    0x00001ad8     0x117c src/ASF/common/services/usb/class/cdc/device/udi_cdc.o
 .debug_line    0x00002c54      0xa34 src/ASF/common/services/usb/class/cdc/device/udi_cdc_desc.o
 .debug_line    0x00003688      0xc6b src/ASF/common/services/usb/udc/udc.o
 .debug_line    0x000042f3      0x8d8 src/ASF/common/utils/interrupt/interrupt_sam_nvic.o
 .debug_line    0x00004bcb      0x97f src/ASF/sam0/boards/samd21_xplained_pro/board_init.o
 .debug_line    0x0000554a      0xd4f src/ASF/sam0/drivers/adc/adc_sam_d_r_h/adc.o
 .debug_line    0x00006299      0xbe8 src/ASF/sam0/drivers/adc/adc_sam_d_r_h/adc_callback.o
 .debug_line    0x00006e81      0x9da src/ASF/sam0/drivers/extint/extint_callback.o
 .debug_line    0x0000785b      0xc3a src/ASF/sam0/drivers/extint/extint_sam_d_r_h/extint.o
 .debug_line    0x00008495      0x904 src/ASF/sam0/drivers/port/port.o
 .debug_line    0x00008d99      0xbde src/ASF/sam0/drivers/sercom/sercom.o
 .debug_line    0x00009977      0xb81 src/ASF/sam0/drivers/sercom/sercom_interrupt.o
 .debug_line    0x0000a4f8      0xd48 src/ASF/sam0/drivers/sercom/usart/usart.o
 .debug_line    0x0000b240      0xcd6 src/ASF/sam0/drivers/sercom/usart/usart_interrupt.o
 .debug_line    0x0000bf16      0xc9e src/ASF/sam0/drivers/system/clock/clock_samd21_r21_da_ha1/clock.o
 .debug_line    0x0000cbb4      0xc80 src/ASF/sam0/drivers/system/clock/clock_samd21_r21_da_ha1/gclk.o
 .debug_line    0x0000d834      0x9b2 src/ASF/sam0/drivers/system/interrupt/system_interrupt.o
 .debug_line    0x0000e1e6      0x951 src/ASF/sam0/drivers/system/pinmux/pinmux.o
 .debug_line    0x0000eb37      0x9fb src/ASF/sam0/drivers/system/system.o
 .debug_line    0x0000f532      0xaad src/ASF/sam0/drivers/tc/tc_interrupt.o
 .debug_line    0x0000ffdf      0xda0 src/ASF/sam0/drivers/tc/tc_sam_d_r_h/tc.o
 .debug_line    0x00010d7f     0x13d6 src/ASF/sam0/drivers/usb/stack_interface/usb_device_udd.o
 .debug_line    0x00012155     0x1083 src/ASF/sam0/drivers/usb/usb_sam_d_r/usb.o
 .debug_line    0x000131d8      0x656 src/ASF/sam0/utils/cmsis/samd21/source/gcc/startup_samd21.o
 .debug_line    0x0001382e     0x1198 src/main.o
 .debug_line    0x000149c6     0x1053 src/uart_samd.o

.debug_str      0x00000000    0x96555
 .debug_str     0x00000000    0x8ab9e src/ASF/common/services/usb/class/cdc/device/example/samd21j18a_samd21_xplained_pro/ui.o
                              0x8b58c (size before relaxing)
 .debug_str     0x0008ab9e       0xa8 src/ASF/common/services/sleepmgr/samd/sleepmgr.o
                              0x826d2 (size before relaxing)
 .debug_str     0x0008ac46      0xdda src/ASF/common/services/usb/class/cdc/device/udi_cdc.o
                              0x8a8fb (size before relaxing)
 .debug_str     0x0008ba20      0x4fa src/ASF/common/services/usb/class/cdc/device/udi_cdc_desc.o
                              0x89fd4 (size before relaxing)
 .debug_str     0x0008bf1a      0x7c1 src/ASF/common/services/usb/udc/udc.o
                              0x88fd4 (size before relaxing)
 .debug_str     0x0008c6db       0x65 src/ASF/common/utils/interrupt/interrupt_sam_nvic.o
                              0x8251e (size before relaxing)
 .debug_str     0x0008c740      0x13b src/ASF/sam0/boards/samd21_xplained_pro/board_init.o
                              0x8622e (size before relaxing)
 .debug_str     0x0008c87b     0x1477 src/ASF/sam0/drivers/adc/adc_sam_d_r_h/adc.o
                              0x844a9 (size before relaxing)
 .debug_str     0x0008dcf2      0x2ed src/ASF/sam0/drivers/adc/adc_sam_d_r_h/adc_callback.o
                              0x83274 (size before relaxing)
 .debug_str     0x0008dfdf      0x408 src/ASF/sam0/drivers/extint/extint_callback.o
                              0x82d61 (size before relaxing)
 .debug_str     0x0008e3e7      0x6d6 src/ASF/sam0/drivers/extint/extint_sam_d_r_h/extint.o
                              0x83d8d (size before relaxing)
 .debug_str     0x0008eabd       0x59 src/ASF/sam0/drivers/port/port.o
                              0x8294a (size before relaxing)
 .debug_str     0x0008eb16      0x98e src/ASF/sam0/drivers/sercom/sercom.o
                              0x83c11 (size before relaxing)
 .debug_str     0x0008f4a4      0x198 src/ASF/sam0/drivers/sercom/sercom_interrupt.o
                              0x83aac (size before relaxing)
 .debug_str     0x0008f63c      0xace src/ASF/sam0/drivers/sercom/usart/usart.o
                              0x849ca (size before relaxing)
 .debug_str     0x0009010a      0x1cc src/ASF/sam0/drivers/sercom/usart/usart_interrupt.o
                              0x83c10 (size before relaxing)
 .debug_str     0x000902d6     0x2461 src/ASF/sam0/drivers/system/clock/clock_samd21_r21_da_ha1/clock.o
                              0x8573a (size before relaxing)
 .debug_str     0x00092737      0x1d9 src/ASF/sam0/drivers/system/clock/clock_samd21_r21_da_ha1/gclk.o
                              0x831e1 (size before relaxing)
 .debug_str     0x00092910      0x1c1 src/ASF/sam0/drivers/system/interrupt/system_interrupt.o
                              0x82e84 (size before relaxing)
 .debug_str     0x00092ad1      0x179 src/ASF/sam0/drivers/system/pinmux/pinmux.o
                              0x829c0 (size before relaxing)
 .debug_str     0x00092c4a       0x47 src/ASF/sam0/drivers/system/system.o
                              0x825fb (size before relaxing)
 .debug_str     0x00092c91      0x3ec src/ASF/sam0/drivers/tc/tc_interrupt.o
                              0x832b3 (size before relaxing)
 .debug_str     0x0009307d      0x52a src/ASF/sam0/drivers/tc/tc_sam_d_r_h/tc.o
                              0x83b73 (size before relaxing)
 .debug_str     0x000935a7     0x17ec src/ASF/sam0/drivers/usb/stack_interface/usb_device_udd.o
                              0x8b629 (size before relaxing)
 .debug_str     0x00094d93      0x811 src/ASF/sam0/drivers/usb/usb_sam_d_r/usb.o
                              0x85002 (size before relaxing)
 .debug_str     0x000955a4      0x8ac src/ASF/sam0/utils/cmsis/samd21/source/gcc/startup_samd21.o
                              0x6e3df (size before relaxing)
 .debug_str     0x00095e50      0x625 src/main.o
                              0x8e591 (size before relaxing)
 .debug_str     0x00096475       0xe0 src/uart_samd.o
                              0x8cdd5 (size before relaxing)

.debug_frame    0x00000000     0x1d08
 .debug_frame   0x00000000      0x12c src/ASF/common/services/usb/class/cdc/device/example/samd21j18a_samd21_xplained_pro/ui.o
 .debug_frame   0x0000012c      0x468 src/ASF/common/services/usb/class/cdc/device/udi_cdc.o
 .debug_frame   0x00000594      0x138 src/ASF/common/services/usb/udc/udc.o
 .debug_frame   0x000006cc       0x30 src/ASF/common/utils/interrupt/interrupt_sam_nvic.o
 .debug_frame   0x000006fc       0x30 src/ASF/sam0/boards/samd21_xplained_pro/board_init.o
 .debug_frame   0x0000072c       0x98 src/ASF/sam0/drivers/adc/adc_sam_d_r_h/adc.o
 .debug_frame   0x000007c4       0x84 src/ASF/sam0/drivers/adc/adc_sam_d_r_h/adc_callback.o
 .debug_frame   0x00000848       0x7c src/ASF/sam0/drivers/extint/extint_callback.o
 .debug_frame   0x000008c4       0xb8 src/ASF/sam0/drivers/extint/extint_sam_d_r_h/extint.o
 .debug_frame   0x0000097c       0x44 src/ASF/sam0/drivers/port/port.o
 .debug_frame   0x000009c0       0xbc src/ASF/sam0/drivers/sercom/sercom.o
 .debug_frame   0x00000a7c       0xe8 src/ASF/sam0/drivers/sercom/sercom_interrupt.o
 .debug_frame   0x00000b64       0xac src/ASF/sam0/drivers/sercom/usart/usart.o
 .debug_frame   0x00000c10      0x110 src/ASF/sam0/drivers/sercom/usart/usart_interrupt.o
 .debug_frame   0x00000d20      0x150 src/ASF/sam0/drivers/system/clock/clock_samd21_r21_da_ha1/clock.o
 .debug_frame   0x00000e70      0x148 src/ASF/sam0/drivers/system/clock/clock_samd21_r21_da_ha1/gclk.o
 .debug_frame   0x00000fb8       0x74 src/ASF/sam0/drivers/system/interrupt/system_interrupt.o
 .debug_frame   0x0000102c       0x98 src/ASF/sam0/drivers/system/pinmux/pinmux.o
 .debug_frame   0x000010c4       0x38 src/ASF/sam0/drivers/system/system.o
 .debug_frame   0x000010fc       0xc4 src/ASF/sam0/drivers/tc/tc_interrupt.o
 .debug_frame   0x000011c0       0xb4 src/ASF/sam0/drivers/tc/tc_sam_d_r_h/tc.o
 .debug_frame   0x00001274      0x374 src/ASF/sam0/drivers/usb/stack_interface/usb_device_udd.o
 .debug_frame   0x000015e8      0x3b8 src/ASF/sam0/drivers/usb/usb_sam_d_r/usb.o
 .debug_frame   0x000019a0       0x40 src/ASF/sam0/utils/cmsis/samd21/source/gcc/startup_samd21.o
 .debug_frame   0x000019e0      0x194 src/main.o
 .debug_frame   0x00001b74       0xac src/uart_samd.o
 .debug_frame   0x00001c20       0x20 c:/program files (x86)/atmel/studio/7.0/toolchain/arm/arm-gnu-toolchain/bin/../lib/gcc/arm-none-eabi/6.3.1/thumb/v6-m\libgcc.a(_udivsi3.o)
 .debug_frame   0x00001c40       0x20 c:/program files (x86)/atmel/studio/7.0/toolchain/arm/arm-gnu-toolchain/bin/../lib/gcc/arm-none-eabi/6.3.1/thumb/v6-m\libgcc.a(_divsi3.o)
 .debug_frame   0x00001c60       0x34 c:/program files (x86)/atmel/studio/7.0/toolchain/arm/arm-gnu-toolchain/bin/../lib/gcc/arm-none-eabi/6.3.1/thumb/v6-m\libgcc.a(_muldi3.o)
 .debug_frame   0x00001c94       0x2c c:/program files (x86)/atmel/studio/7.0/toolchain/arm/arm-gnu-toolchain/bin/../lib/gcc/arm-none-eabi/6.3.1/../../../../arm-none-eabi/lib/thumb/v6-m\libc_nano.a(lib_a-init.o)
 .debug_frame   0x00001cc0       0x28 c:/program files (x86)/atmel/studio/7.0/toolchain/arm/arm-gnu-toolchain/bin/../lib/gcc/arm-none-eabi/6.3.1/../../../../arm-none-eabi/lib/thumb/v6-m\libc_nano.a(lib_a-memcpy-stub.o)
 .debug_frame   0x00001ce8       0x20 c:/program files (x86)/atmel/studio/7.0/toolchain/arm/arm-gnu-toolchain/bin/../lib/gcc/arm-none-eabi/6.3.1/../../../../arm-none-eabi/lib/thumb/v6-m\libc_nano.a(lib_a-memset.o)

Cross Reference Table

Symbol                                            File
AC_Handler                                        src/ASF/sam0/utils/cmsis/samd21/source/gcc/startup_samd21.o
ADC_Handler                                       src/ASF/sam0/drivers/adc/adc_sam_d_r_h/adc_callback.o
DAC_Handler                                       src/ASF/sam0/utils/cmsis/samd21/source/gcc/startup_samd21.o
DMAC_Handler                                      src/ASF/sam0/utils/cmsis/samd21/source/gcc/startup_samd21.o
Dummy_Handler                                     src/ASF/sam0/utils/cmsis/samd21/source/gcc/startup_samd21.o
EIC_Handler                                       src/ASF/sam0/drivers/extint/extint_callback.o
EVSYS_Handler                                     src/ASF/sam0/utils/cmsis/samd21/source/gcc/startup_samd21.o
HardFault_Handler                                 src/ASF/sam0/utils/cmsis/samd21/source/gcc/startup_samd21.o
I2S_Handler                                       src/ASF/sam0/utils/cmsis/samd21/source/gcc/startup_samd21.o
NMI_Handler                                       src/ASF/sam0/utils/cmsis/samd21/source/gcc/startup_samd21.o
NVMCTRL_Handler                                   src/ASF/sam0/utils/cmsis/samd21/source/gcc/startup_samd21.o
PM_Handler                                        src/ASF/sam0/utils/cmsis/samd21/source/gcc/startup_samd21.o
PTC_Handler                                       src/ASF/sam0/utils/cmsis/samd21/source/gcc/startup_samd21.o
PendSV_Handler                                    src/ASF/sam0/utils/cmsis/samd21/source/gcc/startup_samd21.o
RTC_Handler                                       src/ASF/sam0/utils/cmsis/samd21/source/gcc/startup_samd21.o
Reset_Handler                                     src/ASF/sam0/utils/cmsis/samd21/source/gcc/startup_samd21.o
SERCOM0_Handler                                   src/ASF/sam0/drivers/sercom/sercom_interrupt.o
SERCOM1_Handler                                   src/ASF/sam0/drivers/sercom/sercom_interrupt.o
SERCOM2_Handler                                   src/ASF/sam0/drivers/sercom/sercom_interrupt.o
SERCOM3_Handler                                   src/ASF/sam0/drivers/sercom/sercom_interrupt.o
SERCOM4_Handler                                   src/ASF/sam0/drivers/sercom/sercom_interrupt.o
SERCOM5_Handler                                   src/ASF/sam0/drivers/sercom/sercom_interrupt.o
SVC_Handler                                       src/ASF/sam0/utils/cmsis/samd21/source/gcc/startup_samd21.o
SYSCTRL_Handler                                   src/ASF/sam0/utils/cmsis/samd21/source/gcc/startup_samd21.o
SysTick_Handler                                   src/ASF/sam0/utils/cmsis/samd21/source/gcc/startup_samd21.o
SystemCoreClock                                   src/ASF/sam0/utils/cmsis/samd21/source/system_samd21.o
SystemCoreClockUpdate                             src/ASF/sam0/utils/cmsis/samd21/source/system_samd21.o
SystemInit                                        src/ASF/sam0/utils/cmsis/samd21/source/system_samd21.o
TC3_Handler                                       src/ASF/sam0/drivers/tc/tc_interrupt.o
TC4_Handler                                       src/ASF/sam0/drivers/tc/tc_interrupt.o
TC5_Handler                                       src/ASF/sam0/drivers/tc/tc_interrupt.o
TC6_Handler                                       src/ASF/sam0/drivers/tc/tc_interrupt.o
TC7_Handler                                       src/ASF/sam0/drivers/tc/tc_interrupt.o
TCC0_Handler                                      src/ASF/sam0/utils/cmsis/samd21/source/gcc/startup_samd21.o
TCC1_Handler                                      src/ASF/sam0/utils/cmsis/samd21/source/gcc/startup_samd21.o
TCC2_Handler                                      src/ASF/sam0/utils/cmsis/samd21/source/gcc/startup_samd21.o
USB_Handler                                       src/ASF/sam0/drivers/usb/usb_sam_d_r/usb.o
WDT_Handler                                       src/ASF/sam0/utils/cmsis/samd21/source/gcc/startup_samd21.o
_Jv_RegisterClasses                               c:/program files (x86)/atmel/studio/7.0/toolchain/arm/arm-gnu-toolchain/bin/../lib/gcc/arm-none-eabi/6.3.1/thumb/v6-m/crtbegin.o
__aeabi_idiv                                      c:/program files (x86)/atmel/studio/7.0/toolchain/arm/arm-gnu-toolchain/bin/../lib/gcc/arm-none-eabi/6.3.1/thumb/v6-m\libgcc.a(_divsi3.o)